Running sequence 0 (for_the_fans): 5 1 2 3 4  multi_obj=true
/lustre06/project/6026976/juanse/fifa2026analysis/model.py:15: DtypeWarning: Columns (22) have mixed types. Specify dtype option on import or set low_memory=False.
  camp_raw     = pd.read_csv(camp_csv)[["camp_team", "stadium_name", "stad_camp_direct_distance_km"]]
Teams             : 48
Games             : 72
Intermediate nodes: 1870  (from weather data)
src_cutoff        : 2026-06-19  (last_date - 8,  arc group 1)
sink_cutoff       : 2026-06-19  (first_date + 8, arc group 3)

Set parameter TokenServer to value "license1.computecanada.ca"
Set parameter LogToConsole to value 0
Mode: setObjectiveN  (time limit: 18000s)

Obj 5 — Broadcast penalty:
  Status : Time limit  Runtime: 18006.4s
Traceback (most recent call last):
  File "/lustre06/project/6026976/juanse/fifa2026analysis/model.py", line 550, in <module>
    results, phase_reports = build_and_solve(
                             ^^^^^^^^^^^^^^^^
  File "/lustre06/project/6026976/juanse/fifa2026analysis/model.py", line 468, in build_and_solve
    print(f"  Val: {val:,.4f} {unit}  Bound: {bound:,.4f}  Gap: {gap:.4f}")
          ^^^^^^^^^^^^^^^^^^^^^^^^^^^^^^^^^^^^^^^^^^^^^^^^^^^^^^^^^^^^^^^^
TypeError: unsupported format string passed to NoneType.__format__
