Running sequence 3 (eco): 1 2 5 3 4  multi_obj=false
/lustre06/project/6026976/juanse/fifa2026analysis/model.py:15: DtypeWarning: Columns (22) have mixed types. Specify dtype option on import or set low_memory=False.
  camp_raw     = pd.read_csv(camp_csv)[["camp_team", "stadium_name", "stad_camp_direct_distance_km"]]
Exported 2737 nodes to intermediate_nodes.csv

Teams             : 48
Games             : 72
Intermediate nodes: 2737  (from weather data)
src_cutoff        : 2026-06-19  (last_date - 8,  arc group 1)
sink_cutoff       : 2026-06-19  (first_date + 8, arc group 3)

Set parameter TokenServer to value "license1.computecanada.ca"
Set parameter TimeLimit to value 3600
Set parameter NoRelHeurTime to value 2400
Phase 1 (Obj 1) — Stadium distances:
Gurobi Optimizer version 12.0.0 build v12.0.0rc1 (linux64 - "AlmaLinux 9.7 (Moss Jungle Cat)")

CPU model: AMD EPYC 7532 32-Core Processor, instruction set [SSE2|AVX|AVX2]
Thread count: 64 physical cores, 64 logical processors, using up to 32 threads

Non-default parameters:
TimeLimit  3600
NoRelHeurTime  2400

Optimize a model with 57401 rows, 145934 columns and 4116400 nonzeros
Model fingerprint: 0xea0b089c
Variable types: 21964 continuous, 123970 integer (123970 binary)
Coefficient statistics:
  Matrix range     [1e+00, 2e+01]
  Objective range  [1e+02, 6e+03]
  Bounds range     [1e+00, 1e+00]
  RHS range        [1e+00, 4e+00]
Presolve removed 25882 rows and 29418 columns (presolve time = 5s)...
Presolve removed 49880 rows and 69421 columns (presolve time = 10s)...
Presolve removed 49880 rows and 69421 columns (presolve time = 15s)...
Presolve removed 49510 rows and 69051 columns
Presolve time: 18.28s
Presolved: 7891 rows, 76883 columns, 817733 nonzeros
Variable types: 21260 continuous, 55623 integer (55551 binary)
Starting NoRel heuristic
Found phase-1 solution: relaxation 125
Found phase-1 solution: relaxation 123
Found phase-1 solution: relaxation 118
Found phase-1 solution: relaxation 101
Found phase-1 solution: relaxation 92
Found phase-1 solution: relaxation 87
Elapsed time for NoRel heuristic: 23s (best bound 0)
Found phase-1 solution: relaxation 60
Found phase-1 solution: relaxation 51
Elapsed time for NoRel heuristic: 49s (best bound 0)
Found phase-1 solution: relaxation 37
Found phase-1 solution: relaxation 34
Found phase-1 solution: relaxation 30
Elapsed time for NoRel heuristic: 69s (best bound 0)
Found phase-1 solution: relaxation 28
Found phase-1 solution: relaxation 20
Elapsed time for NoRel heuristic: 91s (best bound 0)
Found phase-1 solution: relaxation 15
Found phase-1 solution: relaxation 14
Elapsed time for NoRel heuristic: 108s (best bound 0)
Found phase-1 solution: relaxation 13
Found phase-1 solution: relaxation 7
Elapsed time for NoRel heuristic: 132s (best bound 0)
Found phase-1 solution: relaxation 6
Found phase-1 solution: relaxation 0
Found heuristic solution: objective 211835.12445
Transition to phase 2
Elapsed time for NoRel heuristic: 154s (best bound 0)
Found heuristic solution: objective 209267.70032
Found heuristic solution: objective 208816.08702
Found heuristic solution: objective 205960.76601
Found heuristic solution: objective 204005.11214
Found heuristic solution: objective 200979.06194
Found heuristic solution: objective 200608.17545
Elapsed time for NoRel heuristic: 162s (best bound 0)
Found heuristic solution: objective 197353.71352
Found heuristic solution: objective 177314.51541
Found heuristic solution: objective 160508.16892
Found heuristic solution: objective 160478.25942
Found heuristic solution: objective 155607.11363
Found heuristic solution: objective 154441.62039
Elapsed time for NoRel heuristic: 172s (best bound 0)
Found heuristic solution: objective 143742.96042
Found heuristic solution: objective 143137.41960
Elapsed time for NoRel heuristic: 183s (best bound 0)
Found heuristic solution: objective 134388.98330
Found heuristic solution: objective 130035.85679
Found heuristic solution: objective 121757.91088
Elapsed time for NoRel heuristic: 196s (best bound 0)
Found heuristic solution: objective 113131.35872
Found heuristic solution: objective 112519.66948
Elapsed time for NoRel heuristic: 214s (best bound 0)
Found heuristic solution: objective 102081.10548
Found heuristic solution: objective 97005.763611
Elapsed time for NoRel heuristic: 233s (best bound 0)
Found heuristic solution: objective 94233.287039
Found heuristic solution: objective 83906.416665
Elapsed time for NoRel heuristic: 252s (best bound 0)
Found heuristic solution: objective 79081.725525
Elapsed time for NoRel heuristic: 271s (best bound 0)
Found heuristic solution: objective 75623.431991
Found heuristic solution: objective 74383.973036
Found heuristic solution: objective 72643.610524
Elapsed time for NoRel heuristic: 290s (best bound 0)
Found heuristic solution: objective 68338.984360
Found heuristic solution: objective 66697.563369
Elapsed time for NoRel heuristic: 310s (best bound 0)
Found heuristic solution: objective 66230.035068
Found heuristic solution: objective 65656.185493
Elapsed time for NoRel heuristic: 330s (best bound 0)
Found heuristic solution: objective 65188.657192
Found heuristic solution: objective 64433.844025
Found heuristic solution: objective 62756.506164
Elapsed time for NoRel heuristic: 351s (best bound 0)
Found heuristic solution: objective 60019.673029
Elapsed time for NoRel heuristic: 372s (best bound 0)
Found heuristic solution: objective 57257.280719
Found heuristic solution: objective 57187.190558
Elapsed time for NoRel heuristic: 393s (best bound 0)
Found heuristic solution: objective 56865.092983
Found heuristic solution: objective 55051.959372
Found heuristic solution: objective 53624.995693
Elapsed time for NoRel heuristic: 414s (best bound 0)
Found heuristic solution: objective 53132.411593
Elapsed time for NoRel heuristic: 435s (best bound 0)
Elapsed time for NoRel heuristic: 458s (best bound 0)
Found heuristic solution: objective 51954.985901
Elapsed time for NoRel heuristic: 481s (best bound 0)
Found heuristic solution: objective 48568.291870
Elapsed time for NoRel heuristic: 504s (best bound 0)
Found heuristic solution: objective 46154.553846
Elapsed time for NoRel heuristic: 529s (best bound 0)
Found heuristic solution: objective 46057.120005
Found heuristic solution: objective 43119.488508
Elapsed time for NoRel heuristic: 554s (best bound 0)
Found heuristic solution: objective 42896.659511
Elapsed time for NoRel heuristic: 580s (best bound 0)
Found heuristic solution: objective 42768.197507
Elapsed time for NoRel heuristic: 606s (best bound 0)
Found heuristic solution: objective 42422.637972
Elapsed time for NoRel heuristic: 643s (best bound 0)
Found heuristic solution: objective 42183.695278
Found heuristic solution: objective 41510.862124
Elapsed time for NoRel heuristic: 684s (best bound 0)
Elapsed time for NoRel heuristic: 713s (best bound 0)
Found heuristic solution: objective 40237.712467
Elapsed time for NoRel heuristic: 745s (best bound 0)
Found heuristic solution: objective 39966.084439
Found heuristic solution: objective 39069.134631
Found heuristic solution: objective 38950.003046
Elapsed time for NoRel heuristic: 777s (best bound 0)
Found heuristic solution: objective 38183.255693
Found heuristic solution: objective 38056.499601
Elapsed time for NoRel heuristic: 810s (best bound 0)
Elapsed time for NoRel heuristic: 836s (best bound 0)
Elapsed time for NoRel heuristic: 862s (best bound 0)
Elapsed time for NoRel heuristic: 895s (best bound 0)
Elapsed time for NoRel heuristic: 1004s (best bound 0)
Found heuristic solution: objective 37557.934010
Elapsed time for NoRel heuristic: 1116s (best bound 0)
Elapsed time for NoRel heuristic: 1166s (best bound 0)
Found heuristic solution: objective 37298.100083
Elapsed time for NoRel heuristic: 1237s (best bound 0)
Elapsed time for NoRel heuristic: 1313s (best bound 0)
Elapsed time for NoRel heuristic: 1402s (best bound 0)
Elapsed time for NoRel heuristic: 1466s (best bound 0)
Found heuristic solution: objective 37298.099523
Found heuristic solution: objective 37278.163134
Elapsed time for NoRel heuristic: 1746s (best bound 0)
Found heuristic solution: objective 37271.714217
Found heuristic solution: objective 37057.242812
Found heuristic solution: objective 37039.220439
Elapsed time for NoRel heuristic: 1822s (best bound 0)
Found heuristic solution: objective 37032.771523
Found heuristic solution: objective 37021.961184
Elapsed time for NoRel heuristic: 1932s (best bound 0)
Found heuristic solution: objective 36997.489895
Elapsed time for NoRel heuristic: 2002s (best bound 0)
Found heuristic solution: objective 36997.485959
Found heuristic solution: objective 36991.040978
Elapsed time for NoRel heuristic: 2113s (best bound 0)
Found heuristic solution: objective 36991.040451
Elapsed time for NoRel heuristic: 2213s (best bound 0)
Found heuristic solution: objective 36991.039154
Elapsed time for NoRel heuristic: 2291s (best bound 0)
Elapsed time for NoRel heuristic: 2416s (best bound 0)
NoRel heuristic complete
Deterministic concurrent LP optimizer: primal simplex, dual simplex, and barrier
Showing barrier log only...

Root barrier log...

Ordering time: 2.01s

Barrier statistics:
 AA' NZ     : 7.171e+05
 Factor NZ  : 2.881e+06 (roughly 60 MB of memory)
 Factor Ops : 1.534e+09 (less than 1 second per iteration)
 Threads    : 30

                  Objective                Residual
Iter       Primal          Dual         Primal    Dual     Compl     Time
   0   7.74627757e+07 -1.30364134e+08  2.34e+03 2.69e+03  6.22e+03  2440s
   1   1.54950764e+07 -6.64009489e+07  4.86e+02 8.23e+02  1.40e+03  2442s
   2   1.62440283e+06 -1.00318654e+07  4.97e+01 6.37e+01  1.52e+02  2443s
   3   2.02815665e+05 -1.74449777e+06  1.48e+00 6.18e+00  1.45e+01  2445s
   4   1.22092269e+05 -4.78951700e+05  8.08e-02 1.12e+00  3.91e+00  2447s
   5   6.00529240e+04 -2.36601344e+05  1.65e-02 4.42e-01  1.91e+00  2448s
   6   2.56102529e+04 -1.07638411e+05  5.52e-03 1.25e-01  8.57e-01  2449s
   7   3.58664096e+03 -1.53628911e+04  3.98e-04 2.33e-02  1.22e-01  2450s
   8   8.45027553e+01 -4.37391419e+02  2.99e-06 1.11e-10  3.34e-03  2452s
   9   1.78733076e-01 -6.99606507e-01  3.75e-10 3.85e-08  5.61e-06  2453s
  10   1.78734768e-04 -7.00329467e-04  1.77e-14 1.94e-10  5.61e-09  2455s
  11   3.71422571e-09 -3.13293749e-08  1.85e-14 2.73e-10  2.35e-13  2456s
  12   1.75061243e-10 -1.12239190e-08  1.01e-14 2.02e-10  7.74e-14  2457s
  13   4.28200140e-11 -2.22466545e-09  1.72e-14 2.14e-10  1.52e-14  2459s

Barrier solved model in 13 iterations and 2458.86 seconds (91.55 work units)
Optimal objective 4.28200140e-11

  Building initial crossover basis                              2474s
  Building initial crossover basis                              2477s
  Building initial crossover basis                              2480s
  Building initial crossover basis                              2485s
  Building initial crossover basis                              2491s
  Building initial crossover basis                              2495s

Root crossover log...

    4201 DPushes remaining with DInf 0.0000000e+00              2497s
Concurrent spin time: 24.00s (can be avoided by choosing Method=3)

Solved with dual simplex

Root simplex log...

Iteration    Objective       Primal Inf.    Dual Inf.      Time
    3621    0.0000000e+00   0.000000e+00   0.000000e+00   2498s

Root relaxation: objective 0.000000e+00, 3621 iterations, 62.59 seconds (2.64 work units)
Total elapsed time = 2516.60s (DegenMoves)
Total elapsed time = 2520.08s (DegenMoves)

    Nodes    |    Current Node    |     Objective Bounds      |     Work
 Expl Unexpl |  Obj  Depth IntInf | Incumbent    BestBd   Gap | It/Node Time

     0     0    0.00000    0  276 36991.0392    0.00000   100%     - 2524s
     0     0    0.00000    0  441 36991.0392    0.00000   100%     - 2526s
     0     0  360.22761    0  697 36991.0392  360.22761  99.0%     - 2611s
     0     0  360.22761    0  652 36991.0392  360.22761  99.0%     - 2611s
     0     0  803.55304    0  780 36991.0392  803.55304  97.8%     - 2711s
     0     0  803.55304    0  749 36991.0392  803.55304  97.8%     - 2711s
     0     0 3885.85366    0  599 36991.0392 3885.85366  89.5%     - 2736s
     0     0 3885.85366    0  575 36991.0392 3885.85366  89.5%     - 2738s
     0     0 3971.74937    0  602 36991.0392 3971.74937  89.3%     - 2767s
     0     0 3971.74937    0  569 36991.0392 3971.74937  89.3%     - 2768s
     0     0 4252.55834    0  503 36991.0392 4252.55834  88.5%     - 2797s
     0     0 4252.55834    0  494 36991.0392 4252.55834  88.5%     - 2798s
     0     0 4312.20813    0  516 36991.0392 4312.20813  88.3%     - 2895s
     0     0 4312.20813    0  510 36991.0392 4312.20813  88.3%     - 2895s
     0     0 4312.20813    0  468 36991.0392 4312.20813  88.3%     - 2898s
     0     0 6776.92019    0  490 36991.0392 6776.92019  81.7%     - 2934s
     0     0 6776.92019    0  488 36991.0392 6776.92019  81.7%     - 2934s
     0     0 6776.92019    0  562 36991.0392 6776.92019  81.7%     - 2964s
     0     0 6776.92019    0  539 36991.0392 6776.92019  81.7%     - 2978s
     0     0 6776.92019    0  552 36991.0392 6776.92019  81.7%     - 2987s
     0     0 6776.92019    0  541 36991.0392 6776.92019  81.7%     - 2987s
     0     0 6776.92019    0  516 36991.0392 6776.92019  81.7%     - 2990s
     0     0 7483.08745    0  502 36991.0392 7483.08745  79.8%     - 3014s
     0     0 7483.08745    0  508 36991.0392 7483.08745  79.8%     - 3017s
     0     0 7483.08745    0  489 36991.0392 7483.08745  79.8%     - 3017s
     0     0 7656.32621    0  502 36991.0392 7656.32621  79.3%     - 3108s
     0     0 7656.32621    0  460 36991.0392 7656.32621  79.3%     - 3109s
     0     0 7656.32621    0  469 36991.0392 7656.32621  79.3%     - 3111s
     0     0 9010.74564    0  613 36991.0392 9010.74564  75.6%     - 3136s
     0     0 9131.59968    0  534 36991.0392 9131.59968  75.3%     - 3439s
     0     0 9131.59968    0  533 36991.0392 9131.59968  75.3%     - 3443s
     0     0 9312.59171    0  522 36991.0392 9312.59171  74.8%     - 3465s
     0     0 9312.59171    0  516 36991.0392 9312.59171  74.8%     - 3469s
     0     0 9312.59171    0  522 36991.0392 9312.59171  74.8%     - 3541s
     0     0 9456.09700    0  572 36991.0392 9456.09700  74.4%     - 3572s
     0     0 9460.65146    0  552 36991.0392 9460.65146  74.4%     - 3582s
     0     0 9461.04724    0  526 36991.0392 9461.04724  74.4%     - 3586s
     0     0          -    0      36991.0392 9461.04724  74.4%     - 3600s

Cutting planes:
  Gomory: 5
  Cover: 15
  Implied bound: 3
  Clique: 133
  MIR: 317
  StrongCG: 2
  Flow cover: 4
  GUB cover: 46
  Zero half: 44
  RLT: 322

Explored 1 nodes (109287 simplex iterations) in 3600.11 seconds (249.26 work units)
Thread count was 32 (of 64 available processors)

Solution count 10: 36991 36991 36991 ... 37271.7

Time limit reached
Best objective 3.699103915386e+04, best bound 9.461047240960e+03, gap 74.4234%
  Status : Time limit
  Runtime: 3600.2s
  UB     : 36,991.04 km
  LB     : 9,461.05 km
  Gap    : 74.42%

Phase 2 (Obj 2) — Camp distances:
Gurobi Optimizer version 12.0.0 build v12.0.0rc1 (linux64 - "AlmaLinux 9.7 (Moss Jungle Cat)")

CPU model: AMD EPYC 7532 32-Core Processor, instruction set [SSE2|AVX|AVX2]
Thread count: 64 physical cores, 64 logical processors, using up to 32 threads

Non-default parameters:
TimeLimit  3600
NoRelHeurTime  2400

Optimize a model with 57402 rows, 145934 columns and 4136316 nonzeros
Model fingerprint: 0xd6805baf
Variable types: 21964 continuous, 123970 integer (123970 binary)
Coefficient statistics:
  Matrix range     [1e+00, 6e+03]
  Objective range  [3e+00, 9e+03]
  Bounds range     [1e+00, 1e+00]
  RHS range        [1e+00, 4e+04]

MIP start from previous solve produced solution with objective 436977 (0.43s)
Loaded MIP start from previous solve with objective 436977

Presolve removed 21148 rows and 28914 columns (presolve time = 5s)...
Presolve removed 27727 rows and 54114 columns (presolve time = 10s)...
Presolve removed 27727 rows and 54114 columns (presolve time = 15s)...
Presolve removed 27758 rows and 54128 columns (presolve time = 20s)...
Presolve removed 27029 rows and 53399 columns
Presolve time: 22.04s
Presolved: 30373 rows, 92535 columns, 2258738 nonzeros
Variable types: 21260 continuous, 71275 integer (70909 binary)
Starting NoRel heuristic
Found phase-1 solution: relaxation 446
Found phase-1 solution: relaxation 395
Found phase-1 solution: relaxation 366
Found phase-1 solution: relaxation 344
Found phase-1 solution: relaxation 332
Found phase-1 solution: relaxation 329
Found phase-1 solution: relaxation 290
Found phase-1 solution: relaxation 210
Found phase-1 solution: relaxation 186
Found phase-1 solution: relaxation 183
Found phase-1 solution: relaxation 165
Elapsed time for NoRel heuristic: 16s (best bound 137341)
Elapsed time for NoRel heuristic: 34s (best bound 143045)
Found phase-1 solution: relaxation 107
Found phase-1 solution: relaxation 102
Found phase-1 solution: relaxation 82
Elapsed time for NoRel heuristic: 60s (best bound 144706)
Found phase-1 solution: relaxation 65
Found phase-1 solution: relaxation 58
Elapsed time for NoRel heuristic: 84s (best bound 145003)
Found phase-1 solution: relaxation 48
Found phase-1 solution: relaxation 47
Found phase-1 solution: relaxation 39
Found phase-1 solution: relaxation 38
Elapsed time for NoRel heuristic: 106s (best bound 146059)
Found phase-1 solution: relaxation 19
Found phase-1 solution: relaxation 10
Elapsed time for NoRel heuristic: 131s (best bound 146196)
Elapsed time for NoRel heuristic: 152s (best bound 146253)
Elapsed time for NoRel heuristic: 193s (best bound 146254)
Elapsed time for NoRel heuristic: 221s (best bound 146254)
Found phase-1 solution: relaxation 9
Elapsed time for NoRel heuristic: 287s (best bound 146254)
Found phase-1 solution: relaxation 0
Transition to phase 2
Elapsed time for NoRel heuristic: 317s (best bound 146254)
Elapsed time for NoRel heuristic: 344s (best bound 146254)
Elapsed time for NoRel heuristic: 384s (best bound 146254)
Elapsed time for NoRel heuristic: 404s (best bound 146254)
Elapsed time for NoRel heuristic: 426s (best bound 146254)
Elapsed time for NoRel heuristic: 458s (best bound 146254)
Elapsed time for NoRel heuristic: 498s (best bound 146254)
Elapsed time for NoRel heuristic: 531s (best bound 146254)
Elapsed time for NoRel heuristic: 643s (best bound 146254)
Found heuristic solution: objective 435449.82684
Elapsed time for NoRel heuristic: 679s (best bound 146254)
Found heuristic solution: objective 434452.14865
Found heuristic solution: objective 434013.31786
Elapsed time for NoRel heuristic: 687s (best bound 146254)
Elapsed time for NoRel heuristic: 699s (best bound 146254)
Elapsed time for NoRel heuristic: 710s (best bound 146254)
Found heuristic solution: objective 433855.08329
Found heuristic solution: objective 433416.25250
Elapsed time for NoRel heuristic: 731s (best bound 146254)
Found heuristic solution: objective 433090.68662
Elapsed time for NoRel heuristic: 753s (best bound 146254)
Elapsed time for NoRel heuristic: 775s (best bound 146254)
Found heuristic solution: objective 432929.13400
Found heuristic solution: objective 432484.58838
Elapsed time for NoRel heuristic: 811s (best bound 146254)
Found heuristic solution: objective 432130.60875
Found heuristic solution: objective 432018.99692
Found heuristic solution: objective 431806.13947
Elapsed time for NoRel heuristic: 858s (best bound 146254)
Found heuristic solution: objective 430943.11888
Elapsed time for NoRel heuristic: 915s (best bound 146254)
Found heuristic solution: objective 430042.46676
Elapsed time for NoRel heuristic: 972s (best bound 146254)
Found heuristic solution: objective 429856.12450
Found heuristic solution: objective 427167.76612
Elapsed time for NoRel heuristic: 1019s (best bound 146254)
Found heuristic solution: objective 425753.64549
Found heuristic solution: objective 425712.24901
Elapsed time for NoRel heuristic: 1074s (best bound 146254)
Found heuristic solution: objective 425592.47537
Elapsed time for NoRel heuristic: 1153s (best bound 146254)
Found heuristic solution: objective 425518.26008
Elapsed time for NoRel heuristic: 1237s (best bound 146254)
Found heuristic solution: objective 425517.20060
Found heuristic solution: objective 425427.86425
Elapsed time for NoRel heuristic: 1302s (best bound 146254)
Elapsed time for NoRel heuristic: 1391s (best bound 146254)
Found heuristic solution: objective 425427.85918
Elapsed time for NoRel heuristic: 1461s (best bound 146254)
Elapsed time for NoRel heuristic: 1539s (best bound 146254)
Elapsed time for NoRel heuristic: 1603s (best bound 146254)
Found heuristic solution: objective 425427.85630
Elapsed time for NoRel heuristic: 1678s (best bound 146254)
Elapsed time for NoRel heuristic: 1753s (best bound 146254)
Elapsed time for NoRel heuristic: 1819s (best bound 146254)
Found heuristic solution: objective 422831.91968
Elapsed time for NoRel heuristic: 1934s (best bound 146254)
Found heuristic solution: objective 422831.91934
Found heuristic solution: objective 422831.91927
Found heuristic solution: objective 422831.91865
Found heuristic solution: objective 422831.91849
Found heuristic solution: objective 422831.91745
Found heuristic solution: objective 422624.45090
Found heuristic solution: objective 422624.45040
Found heuristic solution: objective 422624.45003
Found heuristic solution: objective 418750.97413
Elapsed time for NoRel heuristic: 2100s (best bound 146254)
Found heuristic solution: objective 418543.50593
Found heuristic solution: objective 418394.60289
Found heuristic solution: objective 418014.76663
Elapsed time for NoRel heuristic: 2198s (best bound 146254)
Found heuristic solution: objective 417583.86557
Found heuristic solution: objective 417077.88419
Elapsed time for NoRel heuristic: 2294s (best bound 146254)
Found heuristic solution: objective 416793.11987
Found heuristic solution: objective 416724.36938
Elapsed time for NoRel heuristic: 2481s (best bound 146254)
NoRel heuristic complete
Deterministic concurrent LP optimizer: primal simplex, dual simplex, and barrier
Showing barrier log only...

Root barrier log...

Ordering time: 4.02s

Barrier statistics:
 Dense cols : 1416
 AA' NZ     : 3.991e+06
 Factor NZ  : 7.905e+06 (roughly 110 MB of memory)
 Factor Ops : 4.324e+09 (less than 1 second per iteration)
 Threads    : 30

Barrier performed 0 iterations in 2515.63 seconds (112.39 work units)
Barrier solve interrupted - model solved by another algorithm

Concurrent spin time: 14.45s (can be avoided by choosing Method=3)

Solved with dual simplex

Root simplex log...

Iteration    Objective       Primal Inf.    Dual Inf.      Time
    6812    1.4625388e+05   0.000000e+00   0.000000e+00   2532s

Root relaxation: objective 1.462539e+05, 6812 iterations, 27.78 seconds (3.93 work units)
Total elapsed time = 2537.93s (DegenMoves)
Total elapsed time = 2541.63s (DegenMoves)

    Nodes    |    Current Node    |     Objective Bounds      |     Work
 Expl Unexpl |  Obj  Depth IntInf | Incumbent    BestBd   Gap | It/Node Time

     0     0 146253.877    0  385 416724.369 146253.877  64.9%     - 2547s
     0     0 150674.414    0  486 416724.369 150674.414  63.8%     - 2747s
     0     0 151358.924    0  463 416724.369 151358.924  63.7%     - 2839s
     0     0 151358.924    0  461 416724.369 151358.924  63.7%     - 2839s
     0     0 153041.871    0  550 416724.369 153041.871  63.3%     - 2846s
     0     0 153041.871    0  548 416724.369 153041.871  63.3%     - 2846s
     0     0 153041.871    0  547 416724.369 153041.871  63.3%     - 2846s
     0     0 153058.464    0  536 416724.369 153058.464  63.3%     - 2847s
     0     0 153062.889    0  531 416724.369 153062.889  63.3%     - 2847s
     0     0 153062.889    0  533 416724.369 153062.889  63.3%     - 2847s
     0     0 154411.233    0  513 416724.369 154411.233  62.9%     - 2852s
     0     0 154460.102    0  499 416724.369 154460.102  62.9%     - 2911s
     0     0 154737.182    0  505 416724.369 154737.182  62.9%     - 2928s
     0     0 154759.686    0  486 416724.369 154759.686  62.9%     - 2928s
     0     0 154782.717    0  481 416724.369 154782.717  62.9%     - 2932s
     0     0 154783.067    0  486 416724.369 154783.067  62.9%     - 3039s
     0     0 154800.104    0  477 416724.369 154800.104  62.9%     - 3042s
     0     0 154800.104    0  480 416724.369 154800.104  62.9%     - 3042s
     0     0 154805.427    0  476 416724.369 154805.427  62.9%     - 3042s
     0     0 154805.427    0  486 416724.369 154805.427  62.9%     - 3045s
     0     0 154805.427    0  482 416724.369 154805.427  62.9%     - 3045s
     0     0 154823.669    0  474 416724.369 154823.669  62.8%     - 3097s
     0     0 154918.834    0  428 416724.369 154918.834  62.8%     - 3124s
     0     0 155000.558    0  481 416724.369 155000.558  62.8%     - 3126s
     0     0 155083.494    0  501 416724.369 155083.494  62.8%     - 3131s
     0     0 155100.929    0  469 416724.369 155100.929  62.8%     - 3216s
     0     0 155100.929    0  469 416724.369 155100.929  62.8%     - 3224s
     0     0 155120.914    0  501 416724.369 155120.914  62.8%     - 3227s
     0     0 155135.367    0  501 416724.369 155135.367  62.8%     - 3228s
     0     0 155185.352    0  469 416724.369 155185.352  62.8%     - 3233s
     0     0 155185.626    0  466 416724.369 155185.626  62.8%     - 3312s
     0     0 155185.651    0  474 416724.369 155185.651  62.8%     - 3325s
     0     0 155268.544    0  485 416724.369 155268.544  62.7%     - 3325s
     0     0 155268.544    0  478 416724.369 155268.544  62.7%     - 3328s
     0     0 155268.544    0  396 416724.369 155268.544  62.7%     - 3340s
     0     2 155274.434    0  381 416724.369 155274.434  62.7%     - 3387s
     1     4 155513.753    1  404 416724.369 155274.434  62.7% 30829 3408s
     3     8 156222.590    2  452 416724.369 155274.434  62.7% 11588 3432s
     7    16 156616.847    3  488 416724.369 155292.444  62.7%  5635 3460s
    15    32 156616.847    4  483 416724.369 155553.154  62.7%  3154 3500s
    31    64 156622.155    5  504 416724.369 155555.001  62.7%  2249 3572s
    63    76 156879.753    6  441 416724.369 155583.880  62.7%  1556 3601s

Cutting planes:
  Gomory: 7
  Cover: 179
  Implied bound: 86
  Clique: 136
  MIR: 159
  StrongCG: 12
  Flow cover: 10
  GUB cover: 101
  Zero half: 118
  RLT: 542
  Relax-and-lift: 84

Explored 75 nodes (269369 simplex iterations) in 3603.26 seconds (349.99 work units)
Thread count was 32 (of 64 available processors)

Solution count 10: 416724 416793 417078 ... 422624

Time limit reached
Best objective 4.167243693788e+05, best bound 1.555838799120e+05, gap 62.6650%
  Status : Time limit
  Runtime: 3604.0s
  UB     : 416,724.37 km
  LB     : 155,583.88 km
  Gap    : 62.67%

Phase 3 (Obj 5) — Broadcast penalty:
Gurobi Optimizer version 12.0.0 build v12.0.0rc1 (linux64 - "AlmaLinux 9.7 (Moss Jungle Cat)")

CPU model: AMD EPYC 7532 32-Core Processor, instruction set [SSE2|AVX|AVX2]
Thread count: 64 physical cores, 64 logical processors, using up to 32 threads

Non-default parameters:
TimeLimit  3600
NoRelHeurTime  2400

Optimize a model with 57403 rows, 145934 columns and 4158280 nonzeros
Model fingerprint: 0x7c2ab77f
Variable types: 21964 continuous, 123970 integer (123970 binary)
Coefficient statistics:
  Matrix range     [1e+00, 9e+03]
  Objective range  [2e+00, 6e+04]
  Bounds range     [1e+00, 1e+00]
  RHS range        [1e+00, 4e+05]

MIP start from previous solve produced solution with objective 153379 (0.38s)
Loaded MIP start from previous solve with objective 153379

Presolve removed 21148 rows and 28914 columns (presolve time = 5s)...
Presolve removed 27492 rows and 52048 columns (presolve time = 10s)...
Presolve removed 27492 rows and 52048 columns (presolve time = 15s)...
Presolve removed 27686 rows and 52092 columns (presolve time = 20s)...
Presolve removed 27614 rows and 52232 columns
Presolve time: 24.32s
Presolved: 29789 rows, 93702 columns, 2582582 nonzeros
Variable types: 21260 continuous, 72442 integer (72370 binary)
Starting NoRel heuristic
Found phase-1 solution: relaxation 282
Found phase-1 solution: relaxation 256
Found phase-1 solution: relaxation 145
Elapsed time for NoRel heuristic: 6s (best bound 0)
Found phase-1 solution: relaxation 90
Found phase-1 solution: relaxation 79
Found phase-1 solution: relaxation 72
Found phase-1 solution: relaxation 64
Elapsed time for NoRel heuristic: 20s (best bound 4469.05)
Elapsed time for NoRel heuristic: 40s (best bound 4469.05)
Found phase-1 solution: relaxation 31
Found phase-1 solution: relaxation 14
Elapsed time for NoRel heuristic: 64s (best bound 4880.87)
Found phase-1 solution: relaxation 0
Found heuristic solution: objective 135108.19213
Found heuristic solution: objective 126042.18573
Transition to phase 2
Elapsed time for NoRel heuristic: 90s (best bound 4880.87)
Found heuristic solution: objective 93111.830202
Found heuristic solution: objective 62754.508101
Found heuristic solution: objective 60538.279484
Found heuristic solution: objective 53045.265189
Found heuristic solution: objective 48233.950139
Elapsed time for NoRel heuristic: 98s (best bound 4880.87)
Found heuristic solution: objective 43851.745897
Found heuristic solution: objective 41006.824438
Found heuristic solution: objective 40330.153891
Found heuristic solution: objective 39495.543972
Elapsed time for NoRel heuristic: 115s (best bound 4880.87)
Found heuristic solution: objective 38818.873426
Found heuristic solution: objective 37607.440459
Elapsed time for NoRel heuristic: 126s (best bound 4880.87)
Found heuristic solution: objective 37499.601802
Elapsed time for NoRel heuristic: 140s (best bound 4880.87)
Elapsed time for NoRel heuristic: 156s (best bound 4880.87)
Elapsed time for NoRel heuristic: 172s (best bound 4880.87)
Elapsed time for NoRel heuristic: 187s (best bound 4880.87)
Found heuristic solution: objective 37174.508391
Elapsed time for NoRel heuristic: 310s (best bound 4880.87)
Elapsed time for NoRel heuristic: 337s (best bound 4880.87)
Elapsed time for NoRel heuristic: 361s (best bound 4880.87)
Elapsed time for NoRel heuristic: 380s (best bound 4880.87)
Found heuristic solution: objective 37174.507024
Found heuristic solution: objective 35816.324683
Found heuristic solution: objective 32237.074414
Elapsed time for NoRel heuristic: 473s (best bound 4880.87)
Found heuristic solution: objective 31382.072523
Found heuristic solution: objective 30023.888814
Elapsed time for NoRel heuristic: 504s (best bound 4880.87)
Elapsed time for NoRel heuristic: 535s (best bound 4880.87)
Elapsed time for NoRel heuristic: 590s (best bound 4880.87)
Elapsed time for NoRel heuristic: 653s (best bound 4880.87)
Elapsed time for NoRel heuristic: 826s (best bound 4880.87)
Found heuristic solution: objective 29417.365827
Elapsed time for NoRel heuristic: 1034s (best bound 4880.87)
Elapsed time for NoRel heuristic: 1087s (best bound 4880.87)
Elapsed time for NoRel heuristic: 1183s (best bound 4880.87)
Elapsed time for NoRel heuristic: 1303s (best bound 4880.87)
Elapsed time for NoRel heuristic: 1535s (best bound 4880.87)
Found heuristic solution: objective 29417.365604
Elapsed time for NoRel heuristic: 1795s (best bound 4880.87)
Elapsed time for NoRel heuristic: 1939s (best bound 4880.87)
Elapsed time for NoRel heuristic: 2130s (best bound 4880.87)
Found heuristic solution: objective 29417.364168
Elapsed time for NoRel heuristic: 2228s (best bound 4880.87)
Elapsed time for NoRel heuristic: 2313s (best bound 4880.87)
Found heuristic solution: objective 29417.363964
Elapsed time for NoRel heuristic: 2431s (best bound 4880.87)
NoRel heuristic complete
Deterministic concurrent LP optimizer: primal simplex, dual simplex, and barrier
Showing barrier log only...

Root barrier log...

Ordering time: 5.12s

Barrier statistics:
 Dense cols : 1246
 AA' NZ     : 4.937e+06
 Factor NZ  : 1.029e+07 (roughly 130 MB of memory)
 Factor Ops : 5.544e+09 (less than 1 second per iteration)
 Threads    : 30

                  Objective                Residual
Iter       Primal          Dual         Primal    Dual     Compl     Time
   0   8.71909034e+10 -3.80705830e+09  7.95e+06 0.00e+00  1.34e+06  2472s
   1   3.62569191e+10 -3.42577968e+09  3.54e+06 7.76e+02  5.84e+05  2474s
   2   1.51362365e+10 -2.87916593e+09  1.50e+06 2.80e+02  2.54e+05  2477s
   3   6.25484955e+09 -1.87879158e+09  6.28e+05 5.73e+01  1.04e+05  2481s
   4   3.13559811e+09 -9.83458870e+08  3.16e+05 1.53e+01  5.13e+04  2484s
   5   1.51755601e+09 -3.41953465e+08  1.53e+05 4.60e-01  2.38e+04  2487s
   6   2.98811823e+08 -5.96039999e+07  2.98e+04 3.63e-10  4.64e+03  2489s
   7   5.39607913e+07 -2.53781936e+07  5.37e+03 2.83e-10  8.90e+02  2492s
   8   2.69812535e+07 -1.61752651e+07  2.69e+03 2.66e-10  4.55e+02  2495s
   9   1.12082172e+07 -9.10511493e+06  1.11e+03 2.24e-10  1.96e+02  2498s

Barrier performed 9 iterations in 2498.16 seconds (129.27 work units)
Barrier solve interrupted - model solved by another algorithm

Concurrent spin time: 16.44s (can be avoided by choosing Method=3)

Solved with dual simplex

Root simplex log...

Iteration    Objective       Primal Inf.    Dual Inf.      Time
    6342    4.8808699e+03   0.000000e+00   0.000000e+00   2513s

Root relaxation: objective 4.880870e+03, 6342 iterations, 56.28 seconds (6.23 work units)
Total elapsed time = 2521.16s (DegenMoves)
Total elapsed time = 2531.01s (DegenMoves)
Total elapsed time = 2536.55s (DegenMoves)

    Nodes    |    Current Node    |     Objective Bounds      |     Work
 Expl Unexpl |  Obj  Depth IntInf | Incumbent    BestBd   Gap | It/Node Time

     0     0 4880.86991    0  246 29417.3640 4880.86991  83.4%     - 2543s
     0     0 4880.86991    0  245 29417.3640 4880.86991  83.4%     - 2543s
     0     0 4880.86991    0  343 29417.3640 4880.86991  83.4%     - 2708s
     0     0 4880.86991    0  321 29417.3640 4880.86991  83.4%     - 2709s
     0     0 4880.86991    0  325 29417.3640 4880.86991  83.4%     - 3018s
     0     0 4880.86991    0  327 29417.3640 4880.86991  83.4%     - 3018s
     0     0 4880.86991    0  270 29417.3640 4880.86991  83.4%     - 3071s
     0     0 4880.86991    0  249 29417.3640 4880.86991  83.4%     - 3072s
     0     0 4880.86991    0  311 29417.3640 4880.86991  83.4%     - 3094s
     0     0 4880.86991    0  299 29417.3640 4880.86991  83.4%     - 3200s
     0     0 4880.86991    0  252 29417.3640 4880.86991  83.4%     - 3242s
     0     0 4880.86991    0  274 29417.3640 4880.86991  83.4%     - 3267s
     0     0 4880.86991    0  235 29417.3640 4880.86991  83.4%     - 3297s
     0     0 4880.86991    0  237 29417.3640 4880.86991  83.4%     - 3298s
     0     0 4880.86991    0  278 29417.3640 4880.86991  83.4%     - 3332s
     0     0 4880.86991    0  214 29417.3640 4880.86991  83.4%     - 3360s
     0     0 4880.86991    0  213 29417.3640 4880.86991  83.4%     - 3360s
     0     0 4880.86991    0  213 29417.3640 4880.86991  83.4%     - 3360s
     0     0 4880.86991    0  211 29417.3640 4880.86991  83.4%     - 3360s
     0     0 4880.86991    0  220 29417.3640 4880.86991  83.4%     - 3360s
     0     0 4880.86991    0  217 29417.3640 4880.86991  83.4%     - 3360s
     0     0 4880.86991    0  243 29417.3640 4880.86991  83.4%     - 3389s
     0     0 4880.86991    0  231 29417.3640 4880.86991  83.4%     - 3389s
     0     0 4880.86991    0  238 29417.3640 4880.86991  83.4%     - 3389s
     0     0 4880.86991    0  234 29417.3640 4880.86991  83.4%     - 3389s
     0     0 4880.86991    0  261 29417.3640 4880.86991  83.4%     - 3390s
     0     0 4880.86991    0  279 29417.3640 4880.86991  83.4%     - 3390s
     0     0 4880.86991    0  280 29417.3640 4880.86991  83.4%     - 3391s
     0     0 4880.86991    0  283 29417.3640 4880.86991  83.4%     - 3417s
     0     0 4880.86991    0  275 29417.3640 4880.86991  83.4%     - 3418s
     0     0 4880.86991    0  258 29417.3640 4880.86991  83.4%     - 3419s
     0     0 4880.86991    0  258 29417.3640 4880.86991  83.4%     - 3435s

Cutting planes:
  Cover: 4
  Implied bound: 4
  Clique: 14
  MIR: 15
  StrongCG: 1
  Flow cover: 4
  GUB cover: 31
  Zero half: 43
  Network: 1
  RLT: 150

Explored 1 nodes (526458 simplex iterations) in 3600.04 seconds (706.25 work units)
Thread count was 32 (of 64 available processors)

Solution count 10: 29417.4 29417.4 29417.4 ... 37174.5

Time limit reached
Warning: max constraint violation (1.7576e-06) exceeds tolerance
Best objective 2.941736396377e+04, best bound 4.880869907773e+03, gap 83.4082%
  Status : Time limit
  Runtime: 3600.1s
  UB     : 29,417.36 
  LB     : 4,880.87 
  Gap    : 83.41%

Phase 4 (Obj 3) — Temperature shock:
Gurobi Optimizer version 12.0.0 build v12.0.0rc1 (linux64 - "AlmaLinux 9.7 (Moss Jungle Cat)")

CPU model: AMD EPYC 7532 32-Core Processor, instruction set [SSE2|AVX|AVX2]
Thread count: 64 physical cores, 64 logical processors, using up to 32 threads

Non-default parameters:
TimeLimit  3600
NoRelHeurTime  2400

Optimize a model with 57404 rows, 145934 columns and 4238741 nonzeros
Model fingerprint: 0x97ab93b4
Variable types: 21964 continuous, 123970 integer (123970 binary)
Coefficient statistics:
  Matrix range     [1e+00, 6e+04]
  Objective range  [2e-02, 5e+01]
  Bounds range     [1e+00, 1e+00]
  RHS range        [1e+00, 4e+05]

MIP start from previous solve produced solution with objective 1081.59 (0.46s)
Loaded MIP start from previous solve with objective 1081.59

Presolve removed 22732 rows and 31965 columns (presolve time = 5s)...
Presolve removed 26069 rows and 46054 columns (presolve time = 10s)...
Presolve removed 26069 rows and 46054 columns (presolve time = 15s)...
Presolve removed 26069 rows and 46054 columns (presolve time = 20s)...
Presolve removed 26139 rows and 46054 columns
Presolve time: 24.11s
Presolved: 31265 rows, 99880 columns, 3042635 nonzeros
Variable types: 21260 continuous, 78620 integer (78548 binary)
Starting NoRel heuristic
Found phase-1 solution: relaxation 273
Found phase-1 solution: relaxation 202
Found phase-1 solution: relaxation 167
Found phase-1 solution: relaxation 144
Found phase-1 solution: relaxation 143
Found phase-1 solution: relaxation 125
Elapsed time for NoRel heuristic: 7s (best bound 270.712)
Found phase-1 solution: relaxation 75
Found phase-1 solution: relaxation 64
Found phase-1 solution: relaxation 58
Elapsed time for NoRel heuristic: 25s (best bound 326.582)
Elapsed time for NoRel heuristic: 49s (best bound 326.582)
Found phase-1 solution: relaxation 12
Elapsed time for NoRel heuristic: 82s (best bound 326.582)
Found phase-1 solution: relaxation 6
Elapsed time for NoRel heuristic: 110s (best bound 326.582)
Found phase-1 solution: relaxation 0
Transition to phase 2
Elapsed time for NoRel heuristic: 133s (best bound 326.582)
Found heuristic solution: objective 1050.3791667
Found heuristic solution: objective 1049.6725000
Found heuristic solution: objective 1046.5125000
Elapsed time for NoRel heuristic: 144s (best bound 326.582)
Found heuristic solution: objective 1043.7125000
Found heuristic solution: objective 1041.7925000
Elapsed time for NoRel heuristic: 153s (best bound 326.582)
Found heuristic solution: objective 1041.5525000
Found heuristic solution: objective 1035.7125000
Found heuristic solution: objective 1019.6254825
Found heuristic solution: objective 1018.3721491
Elapsed time for NoRel heuristic: 195s (best bound 326.582)
Found heuristic solution: objective 1017.0921491
Found heuristic solution: objective 1013.5321491
Elapsed time for NoRel heuristic: 203s (best bound 326.582)
Elapsed time for NoRel heuristic: 214s (best bound 326.582)
Found heuristic solution: objective 1011.7988158
Elapsed time for NoRel heuristic: 230s (best bound 326.582)
Found heuristic solution: objective 1011.3854825
Found heuristic solution: objective 1009.7588158
Elapsed time for NoRel heuristic: 252s (best bound 326.582)
Found heuristic solution: objective 1007.9988158
Found heuristic solution: objective 1007.9588158
Elapsed time for NoRel heuristic: 278s (best bound 326.582)
Found heuristic solution: objective 1007.5721491
Elapsed time for NoRel heuristic: 303s (best bound 326.582)
Found heuristic solution: objective 1007.0497807
Elapsed time for NoRel heuristic: 332s (best bound 326.582)
Found heuristic solution: objective 1005.7297807
Elapsed time for NoRel heuristic: 365s (best bound 326.582)
Found heuristic solution: objective 1004.9256579
Elapsed time for NoRel heuristic: 414s (best bound 326.582)
Found heuristic solution: objective 1003.7523246
Found heuristic solution: objective 1003.6323246
Elapsed time for NoRel heuristic: 459s (best bound 326.582)
Elapsed time for NoRel heuristic: 508s (best bound 326.582)
Found heuristic solution: objective 1002.6148684
Elapsed time for NoRel heuristic: 562s (best bound 326.582)
Found heuristic solution: objective 1000.6893421
Elapsed time for NoRel heuristic: 619s (best bound 326.582)
Found heuristic solution: objective 998.6626755
Elapsed time for NoRel heuristic: 678s (best bound 326.582)
Elapsed time for NoRel heuristic: 743s (best bound 326.582)
Found heuristic solution: objective 996.9826755
Elapsed time for NoRel heuristic: 821s (best bound 326.582)
Found heuristic solution: objective 996.8760088
Elapsed time for NoRel heuristic: 903s (best bound 326.582)
Found heuristic solution: objective 996.8226755
Elapsed time for NoRel heuristic: 976s (best bound 326.582)
Found heuristic solution: objective 992.6192544
Found heuristic solution: objective 992.4992544
Elapsed time for NoRel heuristic: 1056s (best bound 326.582)
Elapsed time for NoRel heuristic: 1123s (best bound 326.582)
Found heuristic solution: objective 990.4592544
Found heuristic solution: objective 988.2459211
Elapsed time for NoRel heuristic: 1220s (best bound 326.582)
Found heuristic solution: objective 986.2059211
Elapsed time for NoRel heuristic: 1304s (best bound 326.582)
Elapsed time for NoRel heuristic: 1413s (best bound 326.582)
Elapsed time for NoRel heuristic: 1527s (best bound 326.582)
Found heuristic solution: objective 986.2059194
Found heuristic solution: objective 984.5525877
Elapsed time for NoRel heuristic: 1609s (best bound 326.582)
Found heuristic solution: objective 982.4059211
Elapsed time for NoRel heuristic: 1743s (best bound 326.582)
Elapsed time for NoRel heuristic: 1834s (best bound 326.582)
Found heuristic solution: objective 977.1737264
Elapsed time for NoRel heuristic: 1986s (best bound 326.582)
Found heuristic solution: objective 976.2003888
Elapsed time for NoRel heuristic: 2088s (best bound 326.582)
Found heuristic solution: objective 966.8239853
Found heuristic solution: objective 966.1101256
Elapsed time for NoRel heuristic: 2265s (best bound 326.582)
Elapsed time for NoRel heuristic: 2339s (best bound 326.582)
Found heuristic solution: objective 966.1101207
Elapsed time for NoRel heuristic: 2498s (best bound 326.582)
NoRel heuristic complete
Deterministic concurrent LP optimizer: primal simplex, dual simplex, and barrier
Showing barrier log only...

Root barrier log...

Elapsed ordering time = 5s
Ordering time: 5.37s

Barrier statistics:
 Dense cols : 1114
 AA' NZ     : 5.679e+06
 Factor NZ  : 1.092e+07 (roughly 140 MB of memory)
 Factor Ops : 5.742e+09 (less than 1 second per iteration)
 Threads    : 30

                  Objective                Residual
Iter       Primal          Dual         Primal    Dual     Compl     Time
   0   3.22323010e+08 -1.13308111e+07  1.74e+07 0.00e+00  4.17e+03  2538s
   1   1.49268736e+08 -1.05246392e+07  8.09e+06 2.57e+00  1.89e+03  2540s
   2   6.55305542e+07 -8.64528125e+06  3.56e+06 5.47e-01  8.09e+02  2544s
   3   2.61248146e+07 -6.02055742e+06  1.42e+06 8.71e-02  3.21e+02  2548s
   4   1.08389042e+07 -3.03968658e+06  5.88e+05 9.71e-03  1.31e+02  2551s
   5   2.64637781e+06 -1.02651759e+06  1.44e+05 1.04e-12  3.24e+01  2554s
   6   5.72986856e+05 -5.95045132e+05  3.11e+04 4.83e-13  8.57e+00  2557s
   7   2.55582259e+05 -2.63897260e+05  1.38e+04 7.11e-13  3.75e+00  2560s
   8   8.63152832e+04 -1.32120431e+05  4.64e+03 1.02e-12  1.46e+00  2563s
   9   3.89980354e+04 -6.16869060e+04  2.07e+03 9.38e-13  6.52e-01  2566s
  10   1.51647534e+04 -2.94017207e+04  7.76e+02 5.15e-13  2.66e-01  2569s
  11   9.19866013e+03 -1.34748020e+04  4.56e+02 5.47e-13  1.31e-01  2573s
  12   6.41142456e+03 -9.75701389e+03  3.05e+02 1.71e-13  8.91e-02  2577s
  13   5.82400823e+03 -8.60336547e+03  2.73e+02 2.95e-13  7.81e-02  2580s
  14   5.71366825e+03 -8.26790236e+03  2.67e+02 1.92e-13  7.54e-02  2583s
  15   4.40529592e+03 -6.98066993e+03  1.97e+02 2.45e-13  5.93e-02  2585s
  16   3.04074264e+03 -5.63467437e+03  1.24e+02 2.98e-13  4.30e-02  2589s
  17   1.89305072e+03 -2.41540267e+03  6.40e+01 1.49e-13  1.97e-02  2593s
  18   1.11169315e+03 -1.33589538e+03  2.68e+01 1.07e-13  1.07e-02  2596s
  19   8.32711200e+02 -8.37994780e+02  1.49e+01 1.14e-13  7.22e-03  2599s
  20   7.12307163e+02 -6.17555261e+02  1.03e+01 9.95e-14  5.73e-03  2602s
  21   6.17729878e+02 -4.19900911e+02  6.73e+00 6.75e-14  4.46e-03  2605s
  22   5.48496144e+02 -1.89060462e+02  4.35e+00 1.07e-13  3.16e-03  2608s
  23   4.87573115e+02  9.41314127e+00  2.55e+00 3.91e-14  2.04e-03  2612s
  24   4.50412071e+02  8.93053090e+01  1.65e+00 4.62e-14  1.55e-03  2616s
  25   4.32761211e+02  1.27023792e+02  1.28e+00 4.26e-14  1.31e-03  2619s
  26   4.22151515e+02  1.56373817e+02  1.10e+00 4.62e-14  1.14e-03  2622s
  27   4.11421844e+02  1.89605095e+02  9.33e-01 4.97e-14  9.50e-04  2625s
  28   4.01685144e+02  2.05758733e+02  7.82e-01 5.68e-14  8.40e-04  2629s
  29   3.95668435e+02  2.24464879e+02  7.05e-01 2.84e-14  7.33e-04  2633s
  30   3.90175108e+02  2.38133423e+02  6.38e-01 4.97e-14  6.50e-04  2636s
  31   3.84980188e+02  2.49151820e+02  5.84e-01 2.84e-14  5.80e-04  2640s
  32   3.80625676e+02  2.54539305e+02  5.42e-01 2.84e-14  5.38e-04  2643s
  33   3.78587989e+02  2.62072696e+02  5.21e-01 4.97e-14  4.97e-04  2646s
  34   3.76796032e+02  2.65563198e+02  5.04e-01 4.26e-14  4.74e-04  2650s
  35   3.71593431e+02  2.71548217e+02  4.57e-01 7.11e-14  4.26e-04  2653s
  36   3.64859487e+02  2.76804413e+02  4.02e-01 6.39e-14  3.75e-04  2657s
  37   3.63501238e+02  2.82218047e+02  3.83e-01 7.11e-14  3.46e-04  2660s
  38   3.59334316e+02  2.85052436e+02  3.41e-01 4.97e-14  3.16e-04  2663s
  39   3.52882567e+02  2.95648199e+02  2.56e-01 5.68e-14  2.44e-04  2667s
  40   3.51721793e+02  3.00009798e+02  2.43e-01 5.68e-14  2.20e-04  2670s
  41   3.47819685e+02  3.02146515e+02  1.99e-01 4.97e-14  1.95e-04  2673s
  42   3.42170231e+02  3.05157919e+02  1.38e-01 2.49e-14  1.59e-04  2677s
  43   3.40645463e+02  3.05910056e+02  1.24e-01 2.13e-14  1.49e-04  2680s
  44   3.38894719e+02  3.08612171e+02  1.11e-01 7.11e-14  1.30e-04  2684s
  45   3.38361196e+02  3.09219885e+02  1.06e-01 7.28e-14  1.25e-04  2687s
  46   3.37872466e+02  3.10338088e+02  1.02e-01 4.62e-14  1.18e-04  2691s
  47   3.37090456e+02  3.11492111e+02  9.48e-02 4.97e-14  1.10e-04  2694s
  48   3.35953805e+02  3.12608897e+02  8.49e-02 2.13e-14  1.00e-04  2697s
  49   3.35613978e+02  3.14886558e+02  8.16e-02 5.68e-14  8.86e-05  2701s
  50   3.34492687e+02  3.15499468e+02  7.05e-02 3.55e-14  8.13e-05  2704s
  51   3.33125930e+02  3.18113683e+02  5.61e-02 4.97e-14  6.42e-05  2707s
  52   3.31100078e+02  3.20818893e+02  3.61e-02 4.26e-14  4.40e-05  2711s
  53   3.30202127e+02  3.21444366e+02  2.80e-02 3.55e-14  3.76e-05  2714s
  54   3.29247394e+02  3.21882846e+02  1.90e-02 3.55e-14  3.18e-05  2718s
  55   3.28443803e+02  3.22686628e+02  1.19e-02 2.84e-14  2.49e-05  2721s
  56   3.28358678e+02  3.23255296e+02  1.11e-02 6.75e-14  2.20e-05  2725s
  57   3.27646168e+02  3.24832248e+02  4.59e-03 5.68e-14  1.21e-05  2728s
  58   3.27470563e+02  3.25182686e+02  3.16e-03 5.33e-14  9.87e-06  2731s
  59   3.27357111e+02  3.25764135e+02  2.21e-03 4.97e-14  6.83e-06  2734s
  60   3.27091944e+02  3.26188368e+02  2.13e-04 8.53e-14  3.86e-06  2738s
  61   3.26959701e+02  3.26267873e+02  1.53e-04 5.68e-14  2.96e-06  2741s
  62   3.26884090e+02  3.26302989e+02  1.21e-04 6.39e-14  2.49e-06  2744s
  63   3.26869228e+02  3.26344801e+02  1.16e-04 2.13e-14  2.25e-06  2747s

Barrier performed 63 iterations in 2747.31 seconds (143.20 work units)
Barrier solve interrupted - model solved by another algorithm

Concurrent spin time: 58.52s (can be avoided by choosing Method=3)

Solved with dual simplex

Root simplex log...

Iteration    Objective       Primal Inf.    Dual Inf.      Time
    9649    3.2658232e+02   0.000000e+00   0.000000e+00   2764s

Root relaxation: objective 3.265823e+02, 9649 iterations, 241.23 seconds (13.52 work units)
Total elapsed time = 2771.52s (DegenMoves)
Total elapsed time = 2778.77s (DegenMoves)
Total elapsed time = 2782.52s (DegenMoves)

    Nodes    |    Current Node    |     Objective Bounds      |     Work
 Expl Unexpl |  Obj  Depth IntInf | Incumbent    BestBd   Gap | It/Node Time

     0     0  326.58232    0  380  966.11012  326.58232  66.2%     - 2792s
     0     0  326.58232    0  403  966.11012  326.58232  66.2%     - 2800s
     0     0  326.58232    0  401  966.11012  326.58232  66.2%     - 2800s
     0     0  326.58232    0  434  966.11012  326.58232  66.2%     - 2809s
     0     0  326.58232    0  427  966.11012  326.58232  66.2%     - 2817s
     0     0  326.58232    0  437  966.11012  326.58232  66.2%     - 2825s
     0     0  326.58232    0  421  966.11012  326.58232  66.2%     - 2828s
     0     0  326.58232    0  442  966.11012  326.58232  66.2%     - 2839s
     0     0  326.59932    0  490  966.11012  326.59932  66.2%     - 3135s
     0     0  326.62581    0  505  966.11012  326.62581  66.2%     - 3386s
     0     0  326.76101    0  492  966.11012  326.76101  66.2%     - 3403s
     0     0  326.79182    0  472  966.11012  326.79182  66.2%     - 3406s
     0     0  326.79187    0  481  966.11012  326.79187  66.2%     - 3406s
     0     0  327.07505    0  516  966.11012  327.07505  66.1%     - 3422s
     0     0  327.11506    0  505  966.11012  327.11506  66.1%     - 3424s
     0     0  327.15785    0  510  966.11012  327.15785  66.1%     - 3426s
     0     0  327.16335    0  522  966.11012  327.16335  66.1%     - 3426s
     0     0  327.16336    0  523  966.11012  327.16336  66.1%     - 3426s

Cutting planes:
  Learned: 1
  Gomory: 3
  Lift-and-project: 2
  Cover: 10
  Implied bound: 6
  Clique: 112
  MIR: 15
  StrongCG: 2
  GUB cover: 37
  Zero half: 31
  RLT: 131
  Relax-and-lift: 4

Explored 1 nodes (111812 simplex iterations) in 3601.18 seconds (409.92 work units)
Thread count was 32 (of 64 available processors)

Solution count 10: 966.11 966.11 966.824 ... 988.246

Time limit reached
Warning: max constraint violation (1.6391e-06) exceeds tolerance
Best objective 9.661101207150e+02, best bound 3.271641303040e+02, gap 66.1359%
  Status : Time limit
  Runtime: 3601.4s
  UB     : 966.11 °C
  LB     : 327.16 °C
  Gap    : 66.14%

Phase 5 (Obj 4) — Elevation gain:
Gurobi Optimizer version 12.0.0 build v12.0.0rc1 (linux64 - "AlmaLinux 9.7 (Moss Jungle Cat)")

CPU model: AMD EPYC 7532 32-Core Processor, instruction set [SSE2|AVX|AVX2]
Thread count: 64 physical cores, 64 logical processors, using up to 32 threads

Non-default parameters:
TimeLimit  3600
NoRelHeurTime  2400

Optimize a model with 57405 rows, 145934 columns and 4362711 nonzeros
Model fingerprint: 0xba767ced
Variable types: 21964 continuous, 123970 integer (123970 binary)
Coefficient statistics:
  Matrix range     [2e-02, 6e+04]
  Objective range  [1e+00, 4e+03]
  Bounds range     [1e+00, 1e+00]
  RHS range        [1e+00, 4e+05]

MIP start from previous solve produced solution with objective 26518 (0.49s)
Loaded MIP start from previous solve with objective 26518

Presolve removed 7388 rows and 30655 columns (presolve time = 5s)...
Presolve removed 26131 rows and 46117 columns (presolve time = 10s)...
Presolve removed 26131 rows and 46117 columns (presolve time = 15s)...
Presolve removed 26131 rows and 46117 columns (presolve time = 20s)...
Presolve removed 26092 rows and 46076 columns
Presolve time: 23.64s
Presolved: 31313 rows, 99858 columns, 2896049 nonzeros
Variable types: 21260 continuous, 78598 integer (78526 binary)
Starting NoRel heuristic
Found phase-1 solution: relaxation 307
Found phase-1 solution: relaxation 118
Elapsed time for NoRel heuristic: 6s (best bound 413)
Found phase-1 solution: relaxation 87
Found phase-1 solution: relaxation 41
Found phase-1 solution: relaxation 38
Elapsed time for NoRel heuristic: 24s (best bound 413)
Elapsed time for NoRel heuristic: 50s (best bound 413)
Found phase-1 solution: relaxation 14
Found phase-1 solution: relaxation 12
Elapsed time for NoRel heuristic: 78s (best bound 413)
Found phase-1 solution: relaxation 3
Elapsed time for NoRel heuristic: 102s (best bound 413)
Found phase-1 solution: relaxation 2
Found phase-1 solution: relaxation 0
Transition to phase 2
Elapsed time for NoRel heuristic: 131s (best bound 413)
Elapsed time for NoRel heuristic: 140s (best bound 413)
Elapsed time for NoRel heuristic: 162s (best bound 413)
Found heuristic solution: objective 26494.000000
Elapsed time for NoRel heuristic: 210s (best bound 413)
Elapsed time for NoRel heuristic: 218s (best bound 413)
Elapsed time for NoRel heuristic: 227s (best bound 413)
Found heuristic solution: objective 26269.000000
Elapsed time for NoRel heuristic: 276s (best bound 413)
Found heuristic solution: objective 26202.000000
Elapsed time for NoRel heuristic: 283s (best bound 413)
Elapsed time for NoRel heuristic: 297s (best bound 413)
Elapsed time for NoRel heuristic: 341s (best bound 413)
Found heuristic solution: objective 26062.000000
Elapsed time for NoRel heuristic: 363s (best bound 413)
Elapsed time for NoRel heuristic: 401s (best bound 413)
Elapsed time for NoRel heuristic: 430s (best bound 413)
Elapsed time for NoRel heuristic: 479s (best bound 413)
Elapsed time for NoRel heuristic: 600s (best bound 413)
Found heuristic solution: objective 25846.000000
Elapsed time for NoRel heuristic: 761s (best bound 413)
Elapsed time for NoRel heuristic: 818s (best bound 413)
Elapsed time for NoRel heuristic: 880s (best bound 413)
Elapsed time for NoRel heuristic: 939s (best bound 413)
Elapsed time for NoRel heuristic: 1139s (best bound 413)
Elapsed time for NoRel heuristic: 1368s (best bound 413)
Found heuristic solution: objective 25795.000000
Elapsed time for NoRel heuristic: 1611s (best bound 413)
Found heuristic solution: objective 25753.000000
Elapsed time for NoRel heuristic: 1703s (best bound 413)
Elapsed time for NoRel heuristic: 1782s (best bound 413)
Elapsed time for NoRel heuristic: 1921s (best bound 413)
Elapsed time for NoRel heuristic: 2026s (best bound 413)
Elapsed time for NoRel heuristic: 2301s (best bound 413)
Elapsed time for NoRel heuristic: 2819s (best bound 413)
NoRel heuristic complete
Deterministic concurrent LP optimizer: primal simplex, dual simplex, and barrier
Showing barrier log only...

Root barrier log...

Elapsed ordering time = 5s
Ordering time: 5.67s

Barrier statistics:
 Dense cols : 1076
 AA' NZ     : 5.387e+06
 Factor NZ  : 1.042e+07 (roughly 140 MB of memory)
 Factor Ops : 5.105e+09 (less than 1 second per iteration)
 Threads    : 30

                  Objective                Residual
Iter       Primal          Dual         Primal    Dual     Compl     Time
   0   8.40223360e+09 -5.71854028e+08  1.72e+07 0.00e+00  1.87e+05  2861s
   1   4.44135769e+09 -5.29624528e+08  9.11e+06 1.07e+02  9.46e+04  2864s
   2   2.83653450e+09 -4.48939214e+08  5.82e+06 2.25e+01  5.77e+04  2868s
   3   1.70415853e+09 -3.48891580e+08  3.50e+06 3.77e+00  3.38e+04  2871s
   4   8.07539142e+08 -2.41327617e+08  1.66e+06 4.82e-01  1.59e+04  2874s
   5   1.87768531e+08 -7.17214694e+07  3.85e+05 1.50e-11  3.62e+03  2877s
   6   2.46573736e+07 -3.86274508e+07  5.05e+04 9.78e-12  5.96e+02  2880s
   7   1.04346616e+07 -2.20650614e+07  2.13e+04 1.64e-11  2.74e+02  2882s
   8   5.58708912e+06 -7.07423586e+06  1.14e+04 6.14e-12  1.23e+02  2886s
   9   2.24673451e+06 -3.90812665e+06  4.54e+03 3.30e-12  5.32e+01  2888s
  10   1.14467905e+06 -1.73718215e+06  2.29e+03 2.00e-11  2.50e+01  2892s
  11   3.73039859e+05 -8.44098547e+05  7.19e+02 1.91e-11  8.85e+00  2895s
  12   2.82163904e+05 -5.38512288e+05  5.37e+02 8.19e-12  5.86e+00  2899s
  13   2.00395004e+05 -4.87818333e+05  3.73e+02 5.80e-12  4.53e+00  2901s
  14   1.65281367e+05 -4.18693515e+05  3.04e+02 1.36e-11  3.72e+00  2904s
  15   1.38699688e+05 -3.66148399e+05  2.51e+02 1.82e-12  3.11e+00  2906s
  16   1.08463843e+05 -2.73137194e+05  1.91e+02 3.64e-12  2.26e+00  2910s
  17   7.55975165e+04 -1.91195956e+05  1.27e+02 7.73e-12  1.48e+00  2913s
  18   4.38942717e+04 -1.73526473e+05  6.56e+01 8.19e-12  1.11e+00  2916s
  19   3.38969975e+04 -1.71276027e+05  4.71e+01 5.46e-12  1.01e+00  2919s
  20   2.36690056e+04 -1.21764814e+05  3.00e+01 1.00e-11  6.93e-01  2922s
  21   1.89076774e+04 -9.16009880e+04  2.18e+01 2.27e-12  5.15e-01  2926s
  22   1.36884608e+04 -6.10815533e+04  1.31e+01 3.69e-12  3.39e-01  2929s
  23   9.59194578e+03 -3.66887090e+04  7.05e+00 2.27e-12  2.06e-01  2932s
  24   8.61609577e+03 -3.30843402e+04  5.82e+00 2.10e-12  1.85e-01  2935s
  25   6.78385147e+03 -2.95095523e+04  4.02e+00 2.73e-12  1.61e-01  2937s
  26   5.24736138e+03 -2.51403008e+04  3.08e+00 2.56e-12  1.34e-01  2940s
  27   4.92901378e+03 -2.24994175e+04  2.84e+00 4.55e-12  1.21e-01  2944s
  28   3.63256971e+03 -1.77791964e+04  1.70e+00 2.16e-12  9.42e-02  2947s
  29   3.42576647e+03 -1.43761343e+04  1.54e+00 2.27e-12  7.81e-02  2950s
  30   2.46262335e+03 -5.11514084e+03  9.08e-01 1.71e-12  3.29e-02  2954s
  31   1.68383114e+03 -1.94270696e+03  4.99e-01 4.09e-12  1.56e-02  2957s
  32   1.30614227e+03 -8.38643298e+02  3.22e-01 2.39e-12  9.20e-03  2960s
  33   9.13325259e+02 -1.99682871e+02  1.65e-01 1.82e-12  4.77e-03  2962s
  34   8.74040273e+02 -8.65620324e+01  1.50e-01 2.16e-12  4.11e-03  2965s
  35   6.95385914e+02  4.50158682e+01  8.21e-02 1.82e-12  2.80e-03  2967s
  36   6.38022122e+02  9.63268746e+01  6.17e-02 2.27e-12  2.33e-03  2969s
  37   6.11067761e+02  2.14637633e+02  5.27e-02 1.48e-12  1.70e-03  2972s

Barrier performed 37 iterations in 2972.00 seconds (147.91 work units)
Barrier solve interrupted - model solved by another algorithm

Concurrent spin time: 38.01s (can be avoided by choosing Method=3)

Solved with dual simplex

Root simplex log...

Iteration    Objective       Primal Inf.    Dual Inf.      Time
    6847    4.1300000e+02   0.000000e+00   0.000000e+00   2979s

Root relaxation: objective 4.130000e+02, 6847 iterations, 134.84 seconds (9.36 work units)
Total elapsed time = 2999.59s (DegenMoves)
Total elapsed time = 3007.77s (DegenMoves)
Total elapsed time = 3015.56s (DegenMoves)
Total elapsed time = 3020.73s (DegenMoves)

    Nodes    |    Current Node    |     Objective Bounds      |     Work
 Expl Unexpl |  Obj  Depth IntInf | Incumbent    BestBd   Gap | It/Node Time

     0     0  413.00000    0  307 25753.0000  413.00000  98.4%     - 3028s
     0     0  413.00000    0  377 25753.0000  413.00000  98.4%     - 3451s

Cutting planes:
  Gomory: 1
  Clique: 38
  MIR: 2
  GUB cover: 1
  Zero half: 14
  RLT: 38
  Relax-and-lift: 1

Explored 1 nodes (86823 simplex iterations) in 3601.50 seconds (290.08 work units)
Thread count was 32 (of 64 available processors)

Solution count 8: 25753 25795 25846 ... 26518

Time limit reached
Best objective 2.575300000000e+04, best bound 4.130000000000e+02, gap 98.3963%
  Status : Time limit
  Runtime: 3601.7s
  UB     : 25,753.00 m
  LB     : 413.00 m
  Gap    : 98.40%

Group  Game                                     Day  Date         Stadium                        UTC
---------------------------------------------------------------------------------------------------------
A      Korea Republic vs Czechia                          1  2026-06-13   Estadio BBVA                   6
A      Mexico vs South Africa                     1  2026-06-14   Estadio Azteca                 21
A      Czechia vs South Africa                     2  2026-06-21   Estadio Azteca                 19
A      Mexico vs Korea Republic                   2  2026-06-20   Estadio Akron                  5
A      South Africa vs Korea Republic                   3  2026-06-27   Estadio Akron                  6
A      Czechia vs Mexico                           3  2026-06-27   Estadio Azteca                 6

B      Qatar vs Switzerland                      1  2026-06-11   Lumen Field                    7
B      Canada vs Bosnia and Herzegovina           1  2026-06-12   BC Place                       22
B      Canada vs Qatar                            2  2026-06-18   BC Place                       23
B      Switzerland vs Bosnia and Herzegovina           2  2026-06-17   Lumen Field                    22
B      Switzerland vs Canada                           3  2026-06-24   BMO Field                      22
B      Bosnia and Herzegovina vs Qatar                            3  2026-06-24   BC Place                       22

C      Haiti vs Scotland                         1  2026-06-11   Gillette Stadium               19
C      Brazil vs Morocco                          1  2026-06-11   Lincoln Financial Field        16
C      Scotland vs Morocco                          2  2026-06-17   Gillette Stadium               19
C      Brazil vs Haiti                            2  2026-06-17   MetLife Stadium                23
C      Morocco vs Haiti                            3  2026-06-27   Gillette Stadium               22
C      Scotland vs Brazil                           3  2026-06-27   MetLife Stadium                22

D      Australia vs Türkiye                          1  2026-06-14   Lumen Field                    6
D      USA vs Paraguay                         1  2026-06-14   SoFi Stadium                   3
D      Türkiye vs Paraguay                         2  2026-06-20   SoFi Stadium                   5
D      USA vs Australia                        2  2026-06-21   Levi's Stadium                 3
D      Paraguay vs Australia                        3  2026-06-27   Levi's Stadium                 5
D      Türkiye vs USA                              3  2026-06-27   SoFi Stadium                   5

E      Germany vs Curaçao                          1  2026-06-14   Lincoln Financial Field        20
E      Ivory Coast vs Ecuador                          1  2026-06-14   Gillette Stadium               17
E      Ecuador vs Curaçao                          2  2026-06-20   MetLife Stadium                20
E      Germany vs Ivory Coast                      2  2026-06-20   Lincoln Financial Field        16
E      Ecuador vs Germany                          3  2026-06-24   MetLife Stadium                21
E      Curaçao vs Ivory Coast                      3  2026-06-24   Lincoln Financial Field        21

F      Netherlands vs Japan                            1  2026-06-12   BMO Field                      23
F      Sweden vs Tunisia                          1  2026-06-13   MetLife Stadium                17
F      Netherlands vs Sweden                           2  2026-06-17   BMO Field                      18
F      Tunisia vs Japan                            2  2026-06-17   Lincoln Financial Field        23
F      Japan vs Sweden                           3  2026-06-27   BMO Field                      19
F      Tunisia vs Netherlands                      3  2026-06-27   Lincoln Financial Field        19

G      Belgium vs Egypt                            1  2026-06-14   AT&T Stadium                   18
G      Iran vs New Zealand                      1  2026-06-15   Arrowhead Stadium              20
G      New Zealand vs Egypt                            2  2026-06-22   Arrowhead Stadium              21
G      Belgium vs Iran                             2  2026-06-21   AT&T Stadium                   18
G      New Zealand vs Belgium                          3  2026-06-27   NRG Stadium                    20
G      Egypt vs Iran                             3  2026-06-27   Arrowhead Stadium              20

H      Spain vs Cape Verde                       1  2026-06-12   Levi's Stadium                 22
H      Saudi Arabia vs Uruguay                          1  2026-06-11   SoFi Stadium                   5
H      Spain vs Saudi Arabia                     2  2026-06-17   SoFi Stadium                   7
H      Uruguay vs Cape Verde                       2  2026-06-18   Levi's Stadium                 22
H      Cape Verde vs Saudi Arabia                     3  2026-06-24   Lumen Field                    7
H      Uruguay vs Spain                            3  2026-06-24   SoFi Stadium                   7

I      Iraq vs Norway                           1  2026-06-16   Estadio BBVA                   6
I      France vs Senegal                          1  2026-06-15   NRG Stadium                    22
I      Norway vs Senegal                          2  2026-06-21   NRG Stadium                    22
I      France vs Iraq                             2  2026-06-20   Estadio BBVA                   6
I      Norway vs France                           3  2026-06-27   Estadio BBVA                   4
I      Senegal vs Iraq                             3  2026-06-27   AT&T Stadium                   4

J      Argentina vs Algeria                          1  2026-06-11   Estadio Azteca                 20
J      Austria vs Jordan                           1  2026-06-11   Estadio Akron                  6
J      Argentina vs Austria                          2  2026-06-17   Estadio Akron                  2
J      Jordan vs Algeria                          2  2026-06-18   Estadio Azteca                 19
J      Jordan vs Argentina                        3  2026-06-23   Estadio Akron                  2
J      Algeria vs Austria                          3  2026-06-23   Estadio BBVA                   2

K      Portugal vs DR Congo                         1  2026-06-15   Levi's Stadium                 22
K      Uzbekistan vs Colombia                         1  2026-06-15   BC Place                       3
K      Portugal vs Uzbekistan                       2  2026-06-21   BC Place                       3
K      Colombia vs DR Congo                         2  2026-06-21   Lumen Field                    22
K      DR Congo vs Uzbekistan                       3  2026-06-27   Lumen Field                    22
K      Colombia vs Portugal                         3  2026-06-27   BC Place                       22

L      England vs Croatia                          1  2026-06-12   Arrowhead Stadium              18
L      Ghana vs Panama                           1  2026-06-11   AT&T Stadium                   23
L      England vs Ghana                            2  2026-06-17   AT&T Stadium                   23
L      Panama vs Croatia                          2  2026-06-18   NRG Stadium                    18
L      Panama vs England                          3  2026-06-24   AT&T Stadium                   22
L      Croatia vs Ghana                            3  2026-06-24   NRG Stadium                    22

Saved results/solution_seq_1-2-5-3-4.csv (72 games) and results/phase_report_seq_1-2-5-3-4.csv
