Running sequence 2 (for_the_teams): 2 4 3 1 5  multi_obj=false
/lustre06/project/6026976/juanse/fifa2026analysis/model.py:15: DtypeWarning: Columns (22) have mixed types. Specify dtype option on import or set low_memory=False.
  camp_raw     = pd.read_csv(camp_csv)[["camp_team", "stadium_name", "stad_camp_direct_distance_km"]]
Exported 2737 nodes to intermediate_nodes.csv

Teams             : 48
Games             : 72
Intermediate nodes: 2737  (from weather data)
src_cutoff        : 2026-06-19  (last_date - 8,  arc group 1)
sink_cutoff       : 2026-06-19  (first_date + 8, arc group 3)

Set parameter TokenServer to value "license1.computecanada.ca"
Set parameter TimeLimit to value 3600
Set parameter NoRelHeurTime to value 2400
Phase 1 (Obj 2) — Camp distances:
Gurobi Optimizer version 12.0.0 build v12.0.0rc1 (linux64 - "AlmaLinux 9.7 (Moss Jungle Cat)")

CPU model: AMD EPYC 7543 32-Core Processor, instruction set [SSE2|AVX|AVX2]
Thread count: 64 physical cores, 64 logical processors, using up to 32 threads

Non-default parameters:
TimeLimit  3600
NoRelHeurTime  2400

Optimize a model with 57401 rows, 145934 columns and 4116400 nonzeros
Model fingerprint: 0x231a4c00
Variable types: 21964 continuous, 123970 integer (123970 binary)
Coefficient statistics:
  Matrix range     [1e+00, 2e+01]
  Objective range  [3e+00, 9e+03]
  Bounds range     [1e+00, 1e+00]
  RHS range        [1e+00, 4e+00]
Presolve removed 21148 rows and 48257 columns (presolve time = 5s)...
Presolve removed 27601 rows and 54040 columns (presolve time = 10s)...
Presolve removed 27601 rows and 54040 columns (presolve time = 15s)...
Presolve removed 27618 rows and 54128 columns (presolve time = 20s)...
Presolve removed 26889 rows and 53399 columns
Presolve time: 21.26s
Presolved: 30512 rows, 92535 columns, 2151110 nonzeros
Variable types: 21260 continuous, 71275 integer (70909 binary)
Starting NoRel heuristic
Found phase-1 solution: relaxation 141
Found phase-1 solution: relaxation 135
Found phase-1 solution: relaxation 134
Found phase-1 solution: relaxation 133
Found phase-1 solution: relaxation 131
Found phase-1 solution: relaxation 126
Found phase-1 solution: relaxation 98
Found phase-1 solution: relaxation 90
Found phase-1 solution: relaxation 85
Elapsed time for NoRel heuristic: 14s (best bound 136813)
Elapsed time for NoRel heuristic: 29s (best bound 137311)
Found phase-1 solution: relaxation 69
Found phase-1 solution: relaxation 65
Found phase-1 solution: relaxation 59
Elapsed time for NoRel heuristic: 50s (best bound 137522)
Found phase-1 solution: relaxation 43
Elapsed time for NoRel heuristic: 74s (best bound 137710)
Found phase-1 solution: relaxation 33
Found phase-1 solution: relaxation 30
Found phase-1 solution: relaxation 27
Elapsed time for NoRel heuristic: 99s (best bound 137710)
Found phase-1 solution: relaxation 7
Elapsed time for NoRel heuristic: 127s (best bound 137710)
Found phase-1 solution: relaxation 4
Found phase-1 solution: relaxation 3
Elapsed time for NoRel heuristic: 151s (best bound 137710)
Found phase-1 solution: relaxation 2
Found phase-1 solution: relaxation 0
Found heuristic solution: objective 533406.34746
Transition to phase 2
Elapsed time for NoRel heuristic: 177s (best bound 137710)
Found heuristic solution: objective 530215.16547
Found heuristic solution: objective 518075.44817
Found heuristic solution: objective 517282.75967
Found heuristic solution: objective 514227.30975
Found heuristic solution: objective 512971.84894
Found heuristic solution: objective 503946.66198
Elapsed time for NoRel heuristic: 192s (best bound 137710)
Found heuristic solution: objective 498829.49633
Found heuristic solution: objective 497574.03552
Found heuristic solution: objective 494382.85352
Found heuristic solution: objective 491056.57661
Found heuristic solution: objective 486577.57457
Found heuristic solution: objective 479772.92755
Elapsed time for NoRel heuristic: 204s (best bound 137710)
Found heuristic solution: objective 471333.65071
Found heuristic solution: objective 470025.07085
Found heuristic solution: objective 464262.67708
Found heuristic solution: objective 463785.93550
Elapsed time for NoRel heuristic: 214s (best bound 137710)
Found heuristic solution: objective 424012.71719
Found heuristic solution: objective 422433.99989
Elapsed time for NoRel heuristic: 227s (best bound 137710)
Found heuristic solution: objective 389042.24258
Found heuristic solution: objective 384504.54993
Elapsed time for NoRel heuristic: 241s (best bound 137710)
Found heuristic solution: objective 336548.81476
Found heuristic solution: objective 322098.59514
Elapsed time for NoRel heuristic: 256s (best bound 137710)
Found heuristic solution: objective 314977.52423
Found heuristic solution: objective 300078.28747
Elapsed time for NoRel heuristic: 267s (best bound 137710)
Found heuristic solution: objective 276916.71249
Elapsed time for NoRel heuristic: 280s (best bound 137710)
Found heuristic solution: objective 275008.06148
Found heuristic solution: objective 274657.68792
Found heuristic solution: objective 269707.01171
Found heuristic solution: objective 265924.78677
Elapsed time for NoRel heuristic: 294s (best bound 137710)
Found heuristic solution: objective 244628.26102
Elapsed time for NoRel heuristic: 306s (best bound 137710)
Found heuristic solution: objective 235022.86806
Found heuristic solution: objective 232243.38696
Elapsed time for NoRel heuristic: 314s (best bound 137710)
Found heuristic solution: objective 232106.47041
Found heuristic solution: objective 228437.41415
Found heuristic solution: objective 227207.22755
Elapsed time for NoRel heuristic: 322s (best bound 137710)
Found heuristic solution: objective 218540.89740
Found heuristic solution: objective 217368.56302
Found heuristic solution: objective 213884.51125
Elapsed time for NoRel heuristic: 340s (best bound 137710)
Found heuristic solution: objective 191113.66401
Elapsed time for NoRel heuristic: 358s (best bound 137710)
Found heuristic solution: objective 181902.27125
Elapsed time for NoRel heuristic: 376s (best bound 137710)
Found heuristic solution: objective 173090.75647
Found heuristic solution: objective 172497.50021
Found heuristic solution: objective 169983.00997
Elapsed time for NoRel heuristic: 387s (best bound 137710)
Found heuristic solution: objective 168435.92181
Found heuristic solution: objective 167899.39562
Elapsed time for NoRel heuristic: 400s (best bound 137710)
Found heuristic solution: objective 166233.77905
Found heuristic solution: objective 165716.65926
Elapsed time for NoRel heuristic: 408s (best bound 137710)
Found heuristic solution: objective 165305.08639
Elapsed time for NoRel heuristic: 419s (best bound 137710)
Found heuristic solution: objective 164767.75248
Found heuristic solution: objective 164339.71779
Elapsed time for NoRel heuristic: 436s (best bound 137710)
Found heuristic solution: objective 164157.70158
Found heuristic solution: objective 164093.16030
Found heuristic solution: objective 163977.18581
Elapsed time for NoRel heuristic: 461s (best bound 137710)
Found heuristic solution: objective 163603.82386
Found heuristic solution: objective 160064.64884
Found heuristic solution: objective 159454.82340
Elapsed time for NoRel heuristic: 492s (best bound 137710)
Found heuristic solution: objective 152998.14506
Elapsed time for NoRel heuristic: 514s (best bound 137710)
Found heuristic solution: objective 151671.10362
Found heuristic solution: objective 150753.00597
Found heuristic solution: objective 150253.04279
Elapsed time for NoRel heuristic: 532s (best bound 137710)
Found heuristic solution: objective 149755.59743
Found heuristic solution: objective 147216.20193
Elapsed time for NoRel heuristic: 550s (best bound 137710)
Elapsed time for NoRel heuristic: 568s (best bound 137710)
Elapsed time for NoRel heuristic: 584s (best bound 137710)
Found heuristic solution: objective 146163.05326
Elapsed time for NoRel heuristic: 605s (best bound 137710)
Found heuristic solution: objective 145956.53418
Elapsed time for NoRel heuristic: 644s (best bound 137710)
Found heuristic solution: objective 145503.45495
Elapsed time for NoRel heuristic: 686s (best bound 137710)
Found heuristic solution: objective 145395.58622
Found heuristic solution: objective 144795.75657
Elapsed time for NoRel heuristic: 732s (best bound 137710)
Found heuristic solution: objective 144473.08751
Elapsed time for NoRel heuristic: 766s (best bound 137710)
Found heuristic solution: objective 144453.54173
Elapsed time for NoRel heuristic: 816s (best bound 137710)
Found heuristic solution: objective 144141.43341
Elapsed time for NoRel heuristic: 875s (best bound 137710)
Found heuristic solution: objective 143946.67065
Elapsed time for NoRel heuristic: 918s (best bound 137710)
Elapsed time for NoRel heuristic: 963s (best bound 137710)
Found heuristic solution: objective 143673.17666
Found heuristic solution: objective 143650.87065
Elapsed time for NoRel heuristic: 1023s (best bound 137710)
Elapsed time for NoRel heuristic: 1089s (best bound 137710)
Elapsed time for NoRel heuristic: 1146s (best bound 137710)
Found heuristic solution: objective 143515.17024
Elapsed time for NoRel heuristic: 1223s (best bound 137710)
Found heuristic solution: objective 143515.16857
Elapsed time for NoRel heuristic: 1308s (best bound 137710)
Found heuristic solution: objective 143247.02221
Elapsed time for NoRel heuristic: 1367s (best bound 137710)
Found heuristic solution: objective 141660.44899
Elapsed time for NoRel heuristic: 1435s (best bound 137710)
Elapsed time for NoRel heuristic: 1491s (best bound 137710)
Elapsed time for NoRel heuristic: 1589s (best bound 137710)
Elapsed time for NoRel heuristic: 1655s (best bound 137710)
Elapsed time for NoRel heuristic: 2014s (best bound 137710)
Found heuristic solution: objective 141660.44868
Elapsed time for NoRel heuristic: 2286s (best bound 137710)
Elapsed time for NoRel heuristic: 2398s (best bound 137710)
Elapsed time for NoRel heuristic: 2526s (best bound 137710)
NoRel heuristic complete
Deterministic concurrent LP optimizer: primal simplex, dual simplex, and barrier
Showing barrier log only...

Root barrier log...

Ordering time: 2.12s

Barrier performed 0 iterations in 2558.15 seconds (117.46 work units)
Barrier solve interrupted - model solved by another algorithm

Concurrent spin time: 1.40s (can be avoided by choosing Method=3)

Solved with dual simplex

Root simplex log...

Iteration    Objective       Primal Inf.    Dual Inf.      Time
    5062    1.3770973e+05   0.000000e+00   0.000000e+00   2559s

Root relaxation: objective 1.377097e+05, 5062 iterations, 10.71 seconds (3.01 work units)
Total elapsed time = 2562.26s (DegenMoves)
Total elapsed time = 2565.26s (DegenMoves)

    Nodes    |    Current Node    |     Objective Bounds      |     Work
 Expl Unexpl |  Obj  Depth IntInf | Incumbent    BestBd   Gap | It/Node Time

     0     0 137709.729    0  170 141660.449 137709.729  2.79%     - 2568s
     0     0 138619.983    0  237 141660.449 138619.983  2.15%     - 2572s
     0     0 139343.865    0   72 141660.449 139343.865  1.64%     - 2613s
     0     0 139344.232    0  202 141660.449 139344.232  1.64%     - 2616s
     0     0 139344.232    0  143 141660.449 139344.232  1.64%     - 2646s
     0     0 139361.097    0  187 141660.449 139361.097  1.62%     - 2673s
     0     0 139366.168    0  190 141660.449 139366.168  1.62%     - 2676s
     0     0 139396.707    0  177 141660.449 139396.707  1.60%     - 2699s
     0     0 139403.676    0  188 141660.449 139403.676  1.59%     - 2700s
     0     0 139403.676    0  217 141660.449 139403.676  1.59%     - 2700s
     0     0 139464.113    0  120 141660.449 139464.113  1.55%     - 2702s
     0     0 139466.537    0  189 141660.449 139466.537  1.55%     - 2703s
     0     0 139466.537    0  177 141660.449 139466.537  1.55%     - 2704s
     0     0 139466.537    0  187 141660.449 139466.537  1.55%     - 2705s
     0     0 139466.537    0  191 141660.449 139466.537  1.55%     - 2705s
     0     0 139468.138    0  235 141660.449 139468.138  1.55%     - 2706s
     0     0 139469.708    0  245 141660.449 139469.708  1.55%     - 2707s
     0     0 139469.708    0  226 141660.449 139469.708  1.55%     - 2708s
     0     0 139469.708    0  256 141660.449 139469.708  1.55%     - 2709s
     0     0 139477.704    0  323 141660.449 139477.704  1.54%     - 2709s
     0     0 139478.781    0  315 141660.449 139478.781  1.54%     - 2710s
     0     0 139478.781    0  314 141660.449 139478.781  1.54%     - 2710s
     0     0 139482.535    0  273 141660.449 139482.535  1.54%     - 2711s
     0     0 139509.254    0  302 141660.449 139509.254  1.52%     - 2712s
     0     0 139509.254    0  337 141660.449 139509.254  1.52%     - 2713s
     0     0 139519.930    0  334 141660.449 139519.930  1.51%     - 2714s
     0     0 139519.930    0  330 141660.449 139519.930  1.51%     - 2714s
     0     0 139519.930    0  312 141660.449 139519.930  1.51%     - 2715s
     0     0 139519.930    0  335 141660.449 139519.930  1.51%     - 2717s
     0     0 139519.930    0  328 141660.449 139519.930  1.51%     - 2718s
     0     0 139519.930    0  313 141660.449 139519.930  1.51%     - 2718s
     0     0 139537.977    0  280 141660.449 139537.977  1.50%     - 2719s
     0     0 139539.623    0  233 141660.449 139539.623  1.50%     - 2720s
     0     0 139541.226    0  271 141660.449 139541.226  1.50%     - 2722s
     0     0 139541.320    0  262 141660.449 139541.320  1.50%     - 2722s
     0     0 139555.539    0  272 141660.449 139555.539  1.49%     - 2724s
     0     0 139556.680    0  308 141660.449 139556.680  1.49%     - 2725s
     0     0 139556.680    0  311 141660.449 139556.680  1.49%     - 2725s
     0     0 139557.641    0  345 141660.449 139557.641  1.48%     - 2726s
     0     0 139560.555    0  345 141660.449 139560.555  1.48%     - 2727s
     0     0 139560.555    0  316 141660.449 139560.555  1.48%     - 2727s
     0     0 139560.555    0  329 141660.449 139560.555  1.48%     - 2728s
     0     0 139562.740    0  327 141660.449 139562.740  1.48%     - 2736s
     0     0 139562.740    0  318 141660.449 139562.740  1.48%     - 2738s
     0     0 139562.740    0  310 141660.449 139562.740  1.48%     - 2739s
     0     0 139563.641    0  333 141660.449 139563.641  1.48%     - 2749s
     0     0 139565.717    0  346 141660.449 139565.717  1.48%     - 2758s
     0     0 139565.717    0  338 141660.449 139565.717  1.48%     - 2759s
     0     0 139565.717    0  329 141660.449 139565.717  1.48%     - 2759s
     0     0 139565.717    0  339 141660.449 139565.717  1.48%     - 2760s
     0     0 139566.520    0  317 141660.449 139566.520  1.48%     - 2760s
     0     0 139572.953    0  338 141660.449 139572.953  1.47%     - 2761s
     0     0 139577.905    0  381 141660.449 139577.905  1.47%     - 2761s
     0     0 139577.905    0  385 141660.449 139577.905  1.47%     - 2761s
     0     0 139582.294    0  377 141660.449 139582.294  1.47%     - 2762s
     0     0 139582.899    0  362 141660.449 139582.899  1.47%     - 2763s
     0     0 139587.049    0  333 141660.449 139587.049  1.46%     - 2764s
     0     0 139587.049    0  340 141660.449 139587.049  1.46%     - 2765s
     0     0 139587.049    0  352 141660.449 139587.049  1.46%     - 2766s
     0     0 139587.879    0  256 141660.449 139587.879  1.46%     - 2769s
     0     0 139588.059    0   61 141660.449 139588.059  1.46%     - 2799s
     0     0 139588.059    0  198 141660.449 139588.059  1.46%     - 2802s
     0     0 139588.059    0  265 141660.449 139588.059  1.46%     - 2804s
     0     0 139588.059    0  314 141660.449 139588.059  1.46%     - 2805s
     0     0 139588.059    0  317 141660.449 139588.059  1.46%     - 2806s
     0     0 139588.059    0  301 141660.449 139588.059  1.46%     - 2806s
     0     0 139588.059    0  299 141660.449 139588.059  1.46%     - 2806s
     0     0 139588.059    0  314 141660.449 139588.059  1.46%     - 2808s
     0     0 139594.022    0  351 141660.449 139594.022  1.46%     - 2809s
     0     0 139594.022    0  345 141660.449 139594.022  1.46%     - 2810s
     0     0 139594.022    0  329 141660.449 139594.022  1.46%     - 2810s
     0     0 139594.022    0  336 141660.449 139594.022  1.46%     - 2810s
     0     0 139594.022    0  341 141660.449 139594.022  1.46%     - 2810s
     0     0 139594.022    0  342 141660.449 139594.022  1.46%     - 2810s
     0     0 139596.999    0  344 141660.449 139596.999  1.46%     - 2811s
     0     0 139596.999    0  345 141660.449 139596.999  1.46%     - 2811s
     0     0 139668.787    0  365 141660.449 139668.787  1.41%     - 2813s
     0     0 139670.201    0  354 141660.449 139670.201  1.40%     - 2820s
     0     0 139670.924    0  353 141660.449 139670.924  1.40%     - 2822s
     0     0 139670.924    0  352 141660.449 139670.924  1.40%     - 2824s
     0     0 139719.657    0  337 141660.449 139719.657  1.37%     - 2840s
     0     0 139723.610    0  330 141660.449 139723.610  1.37%     - 2841s
     0     0 139723.610    0  309 141660.449 139723.610  1.37%     - 2842s
     0     0 139725.098    0  369 141660.449 139725.098  1.37%     - 2843s
     0     0 139727.074    0  344 141660.449 139727.074  1.36%     - 2848s
     0     0 139727.074    0  345 141660.449 139727.074  1.36%     - 2849s
     0     0 139728.495    0  364 141660.449 139728.495  1.36%     - 2864s
     0     0 139733.275    0  379 141660.449 139733.275  1.36%     - 2869s
     0     0 139733.275    0  383 141660.449 139733.275  1.36%     - 2870s
     0     0 139737.281    0  308 141660.449 139737.281  1.36%     - 2871s
     0     0 139746.572    0  320 141660.449 139746.572  1.35%     - 2878s
     0     0 139746.572    0  340 141660.449 139746.572  1.35%     - 2886s
     0     0 139746.572    0  312 141660.449 139746.572  1.35%     - 2891s
     0     0 139746.572    0  323 141660.449 139746.572  1.35%     - 2899s
     0     0 139751.713    0  309 141660.449 139751.713  1.35%     - 2899s
     0     0 139751.713    0  281 141660.449 139751.713  1.35%     - 2901s
     0     0 139751.713    0  335 141660.449 139751.713  1.35%     - 2915s
     0     0 139751.713    0  332 141660.449 139751.713  1.35%     - 2916s
     0     0 139751.713    0  372 141660.449 139751.713  1.35%     - 2927s
     0     0 139751.713    0  379 141660.449 139751.713  1.35%     - 2939s
     0     0 139751.713    0  279 141660.449 139751.713  1.35%     - 2952s
     0     0 139751.713    0  304 141660.449 139751.713  1.35%     - 2957s
     0     0 139751.713    0  292 141660.449 139751.713  1.35%     - 2961s
     0     0 139751.713    0  292 141660.449 139751.713  1.35%     - 2962s
     0     0 139751.713    0  263 141660.449 139751.713  1.35%     - 2963s
     0     0 139751.713    0  165 141660.449 139751.713  1.35%     - 2964s
     0     2 139751.923    0  149 141660.449 139751.923  1.35%     - 2974s
     1     5 140001.661    1  282 141660.449 139751.923  1.35%  2633 2981s
     3     8 140303.518    2  322 141660.449 139843.736  1.28%  1501 2994s
     7    16 140664.954    3  342 141660.449 139947.268  1.21%  1316 3004s
    15    29 140669.940    4  318 141660.449 140151.421  1.07%  1137 3011s
    31    50 140754.897    5  324 141660.449 140493.377  0.82%   987 3022s
    60    72 140760.368    6  319 141660.449 140510.245  0.81%   890 3034s
    92   159 140799.873    7  282 141660.449 140547.374  0.79%   813 3046s
   199   194 140971.735   10  222 141660.449 140571.128  0.77%   535 3055s
   301   201 140971.735   13  224 141660.449 140637.542  0.72%   424 3065s
   350   225 141001.629   14  268 141660.449 140661.875  0.70%   391 3073s
   421   257     cutoff   15      141660.449 140718.584  0.66%   372 3083s
   502   270 141486.699    8  313 141660.449 140781.840  0.62%   351 3092s
   578   283 141589.593    8  317 141660.449 140781.840  0.62%   336 3107s
   622   284 141591.277    9  318 141660.449 140781.840  0.62%   329 3117s
   688   295 141591.376   10  256 141660.449 140781.840  0.62%   315 3145s
   742   301     cutoff   11      141660.449 140781.840  0.62%   307 3156s
   813   308 141135.511    9  202 141660.449 140920.121  0.52%   294 3164s
   881   301 141201.399   10  200 141660.449 140971.832  0.49%   285 3175s
   965   304 141216.826   11  192 141660.449 140971.832  0.49%   279 3185s
  1033   307 141436.600   12  190 141660.449 140971.832  0.49%   277 3194s
  1118   311     cutoff   13      141660.449 140971.832  0.49%   270 3201s
  1204   274     cutoff   13      141660.449 141017.595  0.45%   262 3208s
  1320   277 infeasible    9      141660.449 141098.792  0.40%   253 3215s
  1414   274 141313.326   10  219 141660.449 141106.862  0.39%   247 3223s
  1530   262 infeasible   12      141660.449 141174.416  0.34%   243 3232s
  1678   238 141511.994   16  307 141660.449 141174.416  0.34%   237 3239s
  1760   238 141497.687   10  285 141660.449 141174.416  0.34%   233 3240s
  1860   208     cutoff   24      141660.449 141175.328  0.34%   227 3248s
  2018   181     cutoff   14      141660.449 141189.678  0.33%   222 3256s
  2196   142 141459.673   14  214 141660.449 141197.280  0.33%   215 3266s
  2415    90 141656.215   15  281 141660.449 141365.237  0.21%   207 3273s
  2664    94 infeasible   14      141660.449 141396.734  0.19%   195 3281s
  2899   109     cutoff   11      141660.449 141397.646  0.19%   186 3288s
  3148   107 141622.755   16  239 141660.449 141576.561  0.06%   176 3295s
  3450    85     cutoff   17      141660.449 141576.561  0.06%   167 3304s
  3643    85 infeasible   16      141660.449 141576.561  0.06%   161 3305s
  3725    42     cutoff   22      141660.449 141576.561  0.06%   159 3310s
  3901     7 141619.093   20   67 141660.449 141589.030  0.05%   156 3317s

Cutting planes:
  Gomory: 5
  Lift-and-project: 6
  Cover: 759
  Implied bound: 149
  Clique: 292
  MIR: 142
  StrongCG: 20
  Flow cover: 14
  GUB cover: 145
  Inf proof: 2
  Zero half: 209
  RLT: 177
  Relax-and-lift: 441

Explored 4067 nodes (762502 simplex iterations) in 3320.31 seconds (243.40 work units)
Thread count was 32 (of 64 available processors)

Solution count 10: 141660 141660 141660 ... 143515

Optimal solution found (tolerance 1.00e-04)
Best objective 1.416604486778e+05, best bound 1.416604486778e+05, gap 0.0000%
  Status : Optimal
  Runtime: 3320.5s
  UB     : 141,660.45 km
  LB     : 141,660.45 km
  Gap    : 0.00%

Phase 2 (Obj 4) — Elevation gain:
Gurobi Optimizer version 12.0.0 build v12.0.0rc1 (linux64 - "AlmaLinux 9.7 (Moss Jungle Cat)")

CPU model: AMD EPYC 7543 32-Core Processor, instruction set [SSE2|AVX|AVX2]
Thread count: 64 physical cores, 64 logical processors, using up to 32 threads

Non-default parameters:
TimeLimit  3600
NoRelHeurTime  2400

Optimize a model with 57402 rows, 145934 columns and 4138364 nonzeros
Model fingerprint: 0x25fd64b5
Variable types: 21964 continuous, 123970 integer (123970 binary)
Coefficient statistics:
  Matrix range     [1e+00, 9e+03]
  Objective range  [1e+00, 4e+03]
  Bounds range     [1e+00, 1e+00]
  RHS range        [1e+00, 1e+05]

MIP start from previous solve produced solution with objective 9722 (0.39s)
Loaded MIP start from previous solve with objective 9722

Presolve removed 21148 rows and 50487 columns (presolve time = 5s)...
Presolve removed 27632 rows and 54081 columns (presolve time = 10s)...
Presolve removed 27632 rows and 54081 columns (presolve time = 15s)...
Presolve removed 27660 rows and 54168 columns (presolve time = 20s)...
Presolve removed 27177 rows and 53685 columns
Presolve time: 21.51s
Presolved: 30225 rows, 92249 columns, 2253033 nonzeros
Variable types: 21260 continuous, 70989 integer (70867 binary)
Starting NoRel heuristic
Found phase-1 solution: relaxation 493
Found phase-1 solution: relaxation 323
Found phase-1 solution: relaxation 204
Found phase-1 solution: relaxation 194
Elapsed time for NoRel heuristic: 19s (best bound 413)
Elapsed time for NoRel heuristic: 39s (best bound 413)
Found phase-1 solution: relaxation 81
Found phase-1 solution: relaxation 80
Found phase-1 solution: relaxation 37
Elapsed time for NoRel heuristic: 62s (best bound 413)
Found phase-1 solution: relaxation 25
Found phase-1 solution: relaxation 21
Elapsed time for NoRel heuristic: 77s (best bound 483.178)
Found phase-1 solution: relaxation 2
Found phase-1 solution: relaxation 0
Transition to phase 2
Elapsed time for NoRel heuristic: 103s (best bound 671.079)
Elapsed time for NoRel heuristic: 116s (best bound 734.22)
Found heuristic solution: objective 9428.0000000
Found heuristic solution: objective 7945.0000000
Elapsed time for NoRel heuristic: 141s (best bound 778.519)
Elapsed time for NoRel heuristic: 153s (best bound 778.519)
Found heuristic solution: objective 7633.0000000
Found heuristic solution: objective 7597.0000000
Elapsed time for NoRel heuristic: 159s (best bound 778.519)
Found heuristic solution: objective 6992.0000000
Elapsed time for NoRel heuristic: 171s (best bound 778.519)
Elapsed time for NoRel heuristic: 179s (best bound 778.519)
Found heuristic solution: objective 6669.0000000
Elapsed time for NoRel heuristic: 188s (best bound 778.519)
Found heuristic solution: objective 5399.0000000
Elapsed time for NoRel heuristic: 199s (best bound 778.519)
Elapsed time for NoRel heuristic: 215s (best bound 778.519)
Elapsed time for NoRel heuristic: 231s (best bound 778.519)
Elapsed time for NoRel heuristic: 247s (best bound 778.519)
Elapsed time for NoRel heuristic: 340s (best bound 778.519)
Elapsed time for NoRel heuristic: 385s (best bound 778.519)
Elapsed time for NoRel heuristic: 460s (best bound 778.519)
Elapsed time for NoRel heuristic: 524s (best bound 778.519)
Elapsed time for NoRel heuristic: 630s (best bound 778.519)
Elapsed time for NoRel heuristic: 750s (best bound 778.519)
Elapsed time for NoRel heuristic: 848s (best bound 778.519)
Elapsed time for NoRel heuristic: 967s (best bound 778.519)
Found heuristic solution: objective 5243.0000000
Found heuristic solution: objective 3881.0000000
Elapsed time for NoRel heuristic: 1144s (best bound 778.519)
Found heuristic solution: objective 3552.0000000
Elapsed time for NoRel heuristic: 1189s (best bound 803.209)
Found heuristic solution: objective 3264.0000000
Elapsed time for NoRel heuristic: 1235s (best bound 803.209)
Elapsed time for NoRel heuristic: 1288s (best bound 803.209)
Elapsed time for NoRel heuristic: 1379s (best bound 803.209)
Elapsed time for NoRel heuristic: 1433s (best bound 803.209)
Elapsed time for NoRel heuristic: 1572s (best bound 803.209)
Elapsed time for NoRel heuristic: 1938s (best bound 806.874)
Elapsed time for NoRel heuristic: 2145s (best bound 806.874)
Elapsed time for NoRel heuristic: 2304s (best bound 806.874)
Elapsed time for NoRel heuristic: 2471s (best bound 806.874)
NoRel heuristic complete
Deterministic concurrent LP optimizer: primal simplex, dual simplex, and barrier
Showing barrier log only...

Root barrier log...

Ordering time: 3.02s

Barrier statistics:
 Dense cols : 1102
 AA' NZ     : 4.035e+06
 Factor NZ  : 7.631e+06 (roughly 100 MB of memory)
 Factor Ops : 3.431e+09 (less than 1 second per iteration)
 Threads    : 30

                  Objective                Residual
Iter       Primal          Dual         Primal    Dual     Compl     Time
   0   5.49638984e+09 -4.00887584e+08  5.15e+06 0.00e+00  1.16e+05  2645s
   1   2.20897432e+09 -3.41542343e+08  2.07e+06 9.74e+01  4.57e+04  2646s
   2   1.02153527e+09 -2.50307709e+08  9.57e+05 2.32e+01  2.04e+04  2648s
   3   5.00746944e+08 -1.62597828e+08  4.69e+05 7.04e+00  9.89e+03  2651s
   4   2.50118660e+08 -9.07397836e+07  2.34e+05 1.70e+00  4.81e+03  2653s
   5   8.97107815e+07 -3.00846907e+07  8.40e+04 1.91e-01  1.67e+03  2655s
   6   1.25948393e+07 -6.72082606e+06  1.18e+04 2.91e-11  2.43e+02  2657s
   7   1.09923151e+07 -5.96360471e+06  1.03e+04 3.00e-11  2.12e+02  2659s
   8   4.11171765e+06 -2.68954690e+06  3.84e+03 1.00e-11  8.10e+01  2661s
   9   2.37469966e+06 -1.66754206e+06  2.22e+03 1.11e-11  4.74e+01  2663s
  10   8.17508698e+05 -8.07945711e+05  7.58e+02 1.71e-11  1.74e+01  2666s
  11   4.28020486e+05 -3.36465126e+05  3.94e+02 1.41e-11  8.52e+00  2668s
  12   1.93997401e+05 -1.99666581e+05  1.76e+02 9.09e-12  4.02e+00  2671s
  13   9.16246819e+04 -1.04636823e+05  8.10e+01 6.37e-12  1.87e+00  2673s
  14   3.06345951e+04 -5.62150011e+04  2.45e+01 1.39e-11  6.85e-01  2674s
  15   1.62241889e+04 -2.72565486e+04  1.14e+01 4.77e-12  3.23e-01  2676s
  16   8.23198971e+03 -1.42591454e+04  4.37e+00 3.64e-12  1.50e-01  2678s
  17   5.31954278e+03 -9.00879852e+03  2.13e+00 2.96e-12  8.93e-02  2680s
  18   4.47557597e+03 -5.68914890e+03  1.68e+00 2.84e-12  6.38e-02  2683s
  19   3.27862082e+03 -2.85652103e+03  9.37e-01 2.27e-12  3.74e-02  2685s
  20   3.06318120e+03 -1.91974901e+03  8.07e-01 2.27e-12  3.03e-02  2687s
  21   2.75369865e+03 -1.79317889e+03  6.55e-01 3.96e-12  2.72e-02  2689s
  22   2.36023868e+03 -1.17684331e+03  4.79e-01 3.14e-12  2.08e-02  2691s
  23   2.06537512e+03 -4.18948034e+02  3.16e-01 4.32e-12  1.43e-02  2694s
  24   1.85928929e+03 -2.61566540e+02  2.47e-01 5.64e-12  1.21e-02  2696s
  25   1.53158242e+03 -1.84324259e+01  1.78e-01 4.60e-12  8.82e-03  2698s
  26   1.25070427e+03  3.97944182e+02  1.08e-01 2.91e-12  4.90e-03  2701s
  27   1.16186772e+03  5.44561342e+02  8.59e-02 3.21e-12  3.57e-03  2703s
  28   1.13703799e+03  5.76059854e+02  7.95e-02 4.26e-12  3.24e-03  2705s
  29   1.10668161e+03  6.23242639e+02  7.15e-02 6.46e-12  2.80e-03  2707s
  30   1.03346104e+03  6.48203828e+02  5.40e-02 6.28e-12  2.22e-03  2709s
  31   9.49661585e+02  6.75310522e+02  3.44e-02 6.20e-12  1.56e-03  2711s
  32   9.26586328e+02  7.29557227e+02  2.92e-02 4.13e-12  1.14e-03  2714s
  33   8.97140900e+02  7.56087549e+02  2.33e-02 2.73e-12  8.30e-04  2716s
  34   8.68848964e+02  7.66956775e+02  1.67e-02 4.51e-12  5.98e-04  2718s
  35   8.53538708e+02  7.85268159e+02  1.31e-02 4.84e-12  4.04e-04  2721s
  36   8.48672061e+02  7.85948244e+02  1.16e-02 6.57e-12  3.69e-04  2723s
  37   8.41960798e+02  7.89101772e+02  9.28e-03 6.98e-12  3.07e-04  2724s
  38   8.41268348e+02  7.91099973e+02  9.10e-03 5.92e-12  2.92e-04  2726s
  39   8.39267788e+02  7.95265478e+02  8.61e-03 4.18e-12  2.56e-04  2729s
  40   8.28036062e+02  8.00493651e+02  3.48e-03 4.55e-12  1.52e-04  2731s
  41   8.20257733e+02  8.02269581e+02  1.96e-03 3.98e-12  9.81e-05  2733s
  42   8.07435255e+02  8.05998982e+02  7.00e-05 4.77e-12  7.58e-06  2736s
  43   8.06892894e+02  8.06721251e+02  1.59e-06 4.55e-12  8.85e-07  2737s
  44   8.06875417e+02  8.06872494e+02  1.46e-08 7.68e-12  1.50e-08  2740s
  45   8.06874378e+02  8.06874370e+02  2.60e-10 8.75e-12  3.57e-11  2743s

Barrier solved model in 45 iterations and 2742.50 seconds (135.04 work units)
Optimal objective 8.06874378e+02


Root crossover log...

    4418 DPushes remaining with DInf 0.0000000e+00              2744s
    2013 DPushes remaining with DInf 0.0000000e+00              2745s
       0 DPushes remaining with DInf 0.0000000e+00              2747s

    4072 PPushes remaining with PInf 1.0834643e-05              2747s
      36 PPushes remaining with PInf 0.0000000e+00              2752s
       0 PPushes remaining with PInf 0.0000000e+00              2752s

  Push phase complete: Pinf 0.0000000e+00, Dinf 1.8594455e-10   2752s


Root simplex log...

Iteration    Objective       Primal Inf.    Dual Inf.      Time
    8268    8.0687437e+02   0.000000e+00   0.000000e+00   2753s
Concurrent spin time: 247.07s (can be avoided by choosing Method=3)

Solved with barrier
    8268    8.0687437e+02   0.000000e+00   0.000000e+00   2756s

Root relaxation: objective 8.068744e+02, 8268 iterations, 261.89 seconds (8.25 work units)
Total elapsed time = 2768.20s (DegenMoves)
Total elapsed time = 2770.58s (DegenMoves)

    Nodes    |    Current Node    |     Objective Bounds      |     Work
 Expl Unexpl |  Obj  Depth IntInf | Incumbent    BestBd   Gap | It/Node Time

     0     0  806.87437    0  263 3264.00000  806.87437  75.3%     - 2776s
     0     0 1625.95273    0  359 3264.00000 1625.95273  50.2%     - 2785s
     0     0 1644.76124    0  328 3264.00000 1644.76124  49.6%     - 2838s
     0     0 1644.76124    0  317 3264.00000 1644.76124  49.6%     - 2838s
     0     0 1746.75402    0  292 3264.00000 1746.75402  46.5%     - 2842s
     0     0 1748.43276    0  220 3264.00000 1748.43276  46.4%     - 2954s
H    0     0                    3097.0000000 1748.43276  43.5%     - 2960s
     0     0 1762.67884    0  310 3097.00000 1762.67884  43.1%     - 2964s
     0     0 1763.11330    0  324 3097.00000 1763.11330  43.1%     - 2986s
     0     0 1763.11330    0  315 3097.00000 1763.11330  43.1%     - 2988s
     0     0 1768.95793    0  360 3097.00000 1768.95793  42.9%     - 2997s
     0     0 1783.15534    0  366 3097.00000 1783.15534  42.4%     - 3001s
     0     0 1783.29577    0  364 3097.00000 1783.29577  42.4%     - 3001s
     0     0 1783.29577    0  367 3097.00000 1783.29577  42.4%     - 3002s
     0     0 1800.46521    0  354 3097.00000 1800.46521  41.9%     - 3009s
     0     0 1802.56001    0  388 3097.00000 1802.56001  41.8%     - 3028s
     0     0 1802.83003    0  377 3097.00000 1802.83003  41.8%     - 3036s
     0     0 1802.83003    0  377 3097.00000 1802.83003  41.8%     - 3037s
     0     0 1815.95391    0  375 3097.00000 1815.95391  41.4%     - 3044s
     0     0 1817.95337    0  426 3097.00000 1817.95337  41.3%     - 3048s
     0     0 1818.03229    0  414 3097.00000 1818.03229  41.3%     - 3049s
     0     0 1818.08570    0  413 3097.00000 1818.08570  41.3%     - 3049s
     0     0 1818.08570    0  414 3097.00000 1818.08570  41.3%     - 3050s
     0     0 1818.69738    0  410 3097.00000 1818.69738  41.3%     - 3053s
     0     0 1818.88395    0  401 3097.00000 1818.88395  41.3%     - 3070s
     0     0 1818.88395    0  406 3097.00000 1818.88395  41.3%     - 3075s
     0     0 1828.15990    0  395 3097.00000 1828.15990  41.0%     - 3091s
     0     0 1828.15990    0  390 3097.00000 1828.15990  41.0%     - 3098s
     0     0 1830.16449    0  425 3097.00000 1830.16449  40.9%     - 3119s
     0     0 1831.23722    0  441 3097.00000 1831.23722  40.9%     - 3141s
     0     0 1831.23722    0  433 3097.00000 1831.23722  40.9%     - 3145s
     0     0 1835.15124    0  453 3097.00000 1835.15124  40.7%     - 3156s
     0     0 1836.11922    0  426 3097.00000 1836.11922  40.7%     - 3194s
     0     0 1836.18191    0  423 3097.00000 1836.18191  40.7%     - 3201s
     0     0 1836.21162    0  424 3097.00000 1836.21162  40.7%     - 3205s
     0     0 1836.21162    0  424 3097.00000 1836.21162  40.7%     - 3209s
     0     0 1854.94040    0  426 3097.00000 1854.94040  40.1%     - 3214s
     0     0 1855.73336    0  412 3097.00000 1855.73336  40.1%     - 3218s
     0     0 1855.73336    0  428 3097.00000 1855.73336  40.1%     - 3219s
     0     0 1858.25788    0  404 3097.00000 1858.25788  40.0%     - 3222s
     0     0 1861.01061    0  429 3097.00000 1861.01061  39.9%     - 3224s
     0     0 1864.32475    0  422 3097.00000 1864.32475  39.8%     - 3225s
     0     0 1864.81373    0  438 3097.00000 1864.81373  39.8%     - 3225s
     0     0 1864.81523    0  431 3097.00000 1864.81523  39.8%     - 3226s
     0     0 1867.47949    0  432 3097.00000 1867.47949  39.7%     - 3229s
     0     0 1870.97457    0  444 3097.00000 1870.97457  39.6%     - 3231s
     0     0 1871.93658    0  439 3097.00000 1871.93658  39.6%     - 3232s
     0     0 1872.03848    0  434 3097.00000 1872.03848  39.6%     - 3233s
     0     0 1872.03904    0  441 3097.00000 1872.03904  39.6%     - 3233s
     0     0 1875.79182    0  453 3097.00000 1875.79182  39.4%     - 3236s
     0     0 1876.25196    0  455 3097.00000 1876.25196  39.4%     - 3238s
     0     0 1876.85651    0  443 3097.00000 1876.85651  39.4%     - 3238s
     0     0 1877.08315    0  456 3097.00000 1877.08315  39.4%     - 3239s
     0     0 1877.08315    0  461 3097.00000 1877.08315  39.4%     - 3239s
     0     0 1879.88891    0  451 3097.00000 1879.88891  39.3%     - 3242s
     0     0 1880.60227    0  455 3097.00000 1880.60227  39.3%     - 3261s
     0     0 1880.70495    0  464 3097.00000 1880.70495  39.3%     - 3268s
     0     0 1880.70681    0  467 3097.00000 1880.70681  39.3%     - 3273s
     0     0 1884.34441    0  433 3097.00000 1884.34441  39.2%     - 3281s
     0     0 1887.76780    0  423 3097.00000 1887.76780  39.0%     - 3283s
     0     0 1888.14917    0  417 3097.00000 1888.14917  39.0%     - 3283s
     0     0 1888.16160    0  409 3097.00000 1888.16160  39.0%     - 3283s
     0     0 1899.82988    0  380 3097.00000 1899.82988  38.7%     - 3288s
     0     0 1900.94679    0  418 3097.00000 1900.94679  38.6%     - 3289s
     0     0 1900.96514    0  423 3097.00000 1900.96514  38.6%     - 3290s
     0     0 1902.03327    0  435 3097.00000 1902.03327  38.6%     - 3292s
     0     0 1902.87264    0  441 3097.00000 1902.87264  38.6%     - 3293s
     0     0 1909.98739    0  416 3097.00000 1909.98739  38.3%     - 3296s
     0     0 1913.09360    0  424 3097.00000 1913.09360  38.2%     - 3325s
     0     0 1913.37280    0  414 3097.00000 1913.37280  38.2%     - 3333s
     0     0 1913.37280    0  412 3097.00000 1913.37280  38.2%     - 3334s
     0     0 1914.03655    0  439 3097.00000 1914.03655  38.2%     - 3336s
     0     0 1914.17528    0  425 3097.00000 1914.17528  38.2%     - 3337s
     0     0 1914.18312    0  437 3097.00000 1914.18312  38.2%     - 3338s
     0     0 1925.90585    0  411 3097.00000 1925.90585  37.8%     - 3341s
     0     0 1925.95058    0  412 3097.00000 1925.95058  37.8%     - 3343s
     0     0 1932.83967    0  408 3097.00000 1932.83967  37.6%     - 3346s
     0     0 1933.36689    0  422 3097.00000 1933.36689  37.6%     - 3348s
     0     0 1933.92396    0  430 3097.00000 1933.92396  37.6%     - 3349s
     0     0 1933.94034    0  438 3097.00000 1933.94034  37.6%     - 3350s
     0     0 1936.41632    0  421 3097.00000 1936.41632  37.5%     - 3353s
     0     0 1936.88302    0  409 3097.00000 1936.88302  37.5%     - 3354s
     0     0 1936.88302    0  414 3097.00000 1936.88302  37.5%     - 3355s
     0     0 1936.88302    0  401 3097.00000 1936.88302  37.5%     - 3356s
     0     0 1937.21231    0  413 3097.00000 1937.21231  37.4%     - 3358s
     0     0 1938.22114    0  401 3097.00000 1938.22114  37.4%     - 3360s
     0     0 1938.22114    0  421 3097.00000 1938.22114  37.4%     - 3361s
     0     0 1938.23431    0  431 3097.00000 1938.23431  37.4%     - 3363s
     0     0 1938.23431    0  428 3097.00000 1938.23431  37.4%     - 3382s
     0     0 1938.23431    0  425 3097.00000 1938.23431  37.4%     - 3398s
     0     0 1938.23431    0  344 3097.00000 1938.23431  37.4%     - 3401s
     0     0 1945.53785    0  209 3097.00000 1945.53785  37.2%     - 3474s
     0     0 1945.53785    0  345 3097.00000 1945.53785  37.2%     - 3481s
     0     0 1945.53785    0  348 3097.00000 1945.53785  37.2%     - 3514s
     0     0 1945.53785    0  336 3097.00000 1945.53785  37.2%     - 3516s
     0     0 1945.53785    0  360 3097.00000 1945.53785  37.2%     - 3517s
     0     0 1945.53785    0  336 3097.00000 1945.53785  37.2%     - 3518s
     0     0 1945.53785    0  435 3097.00000 1945.53785  37.2%     - 3521s
     0     0 1945.53785    0  416 3097.00000 1945.53785  37.2%     - 3528s
     0     0 1945.53785    0  419 3097.00000 1945.53785  37.2%     - 3550s
     0     0 1945.53785    0  429 3097.00000 1945.53785  37.2%     - 3565s
     0     0 1945.53785    0  417 3097.00000 1945.53785  37.2%     - 3576s
     0     0 1945.53785    0  424 3097.00000 1945.53785  37.2%     - 3581s
     0     0 1945.53785    0  418 3097.00000 1945.53785  37.2%     - 3581s
     0     0 1945.53785    0  416 3097.00000 1945.53785  37.2%     - 3584s
     0     0 1945.53785    0  455 3097.00000 1945.53785  37.2%     - 3586s
     0     0 1945.53785    0  449 3097.00000 1945.53785  37.2%     - 3587s
     0     0 1945.53785    0  411 3097.00000 1945.53785  37.2%     - 3588s
     0     0 1945.53785    0  382 3097.00000 1945.53785  37.2%     - 3589s
     0     0 1945.53785    0  382 3097.00000 1945.53785  37.2%     - 3589s
     0     0 1952.55772    0  378 3097.00000 1952.55772  37.0%     - 3590s
     0     0 1952.55772    0  378 3097.00000 1952.55772  37.0%     - 3590s
     0     0 1952.55772    0  404 3097.00000 1952.55772  37.0%     - 3592s
     0     0          -    0      3097.00000 1952.55772  37.0%     - 3600s

Cutting planes:
  Gomory: 4
  Cover: 39
  Implied bound: 15
  Clique: 35
  MIR: 38
  StrongCG: 2
  Flow cover: 2
  GUB cover: 38
  Zero half: 73
  Network: 1
  RLT: 200
  Relax-and-lift: 111

Explored 1 nodes (150042 simplex iterations) in 3600.76 seconds (354.13 work units)
Thread count was 32 (of 64 available processors)

Solution count 10: 3097 3097 3264 ... 5243

Time limit reached
Best objective 3.097000000000e+03, best bound 1.953000000000e+03, gap 36.9390%
  Status : Time limit
  Runtime: 3601.0s
  UB     : 3,097.00 m
  LB     : 1,953.00 m
  Gap    : 36.94%

Phase 3 (Obj 3) — Temperature shock:
Gurobi Optimizer version 12.0.0 build v12.0.0rc1 (linux64 - "AlmaLinux 9.7 (Moss Jungle Cat)")

CPU model: AMD EPYC 7543 32-Core Processor, instruction set [SSE2|AVX|AVX2]
Thread count: 64 physical cores, 64 logical processors, using up to 32 threads

Non-default parameters:
TimeLimit  3600
NoRelHeurTime  2400

Optimize a model with 57403 rows, 145934 columns and 4201609 nonzeros
Model fingerprint: 0xa31aee1c
Variable types: 21964 continuous, 123970 integer (123970 binary)
Coefficient statistics:
  Matrix range     [1e+00, 9e+03]
  Objective range  [2e-02, 5e+01]
  Bounds range     [1e+00, 1e+00]
  RHS range        [1e+00, 1e+05]

MIP start from previous solve produced solution with objective 597.219 (0.39s)
Loaded MIP start from previous solve with objective 597.219

Presolve removed 24390 rows and 54078 columns (presolve time = 5s)...
Presolve removed 27673 rows and 55604 columns (presolve time = 10s)...
Presolve removed 27673 rows and 55604 columns (presolve time = 16s)...
Presolve removed 27704 rows and 55670 columns (presolve time = 20s)...
Presolve removed 27271 rows and 55237 columns
Presolve time: 20.75s
Presolved: 30132 rows, 90697 columns, 2359934 nonzeros
Variable types: 17158 continuous, 73539 integer (73467 binary)
Starting NoRel heuristic
Found heuristic solution: objective 502.8263596
Found heuristic solution: objective 459.6459211
Found heuristic solution: objective 459.4503948
Found heuristic solution: objective 457.2720614
Found heuristic solution: objective 449.9756579
Found heuristic solution: objective 435.6661842
Found heuristic solution: objective 434.8704825
Elapsed time for NoRel heuristic: 6s (best bound 154.697)
Elapsed time for NoRel heuristic: 15s (best bound 154.697)
Found heuristic solution: objective 424.4955702
Found heuristic solution: objective 420.4217983
Found heuristic solution: objective 416.7455702
Elapsed time for NoRel heuristic: 36s (best bound 154.697)
Found heuristic solution: objective 400.1185527
Elapsed time for NoRel heuristic: 44s (best bound 154.697)
Found heuristic solution: objective 375.2953948
Found heuristic solution: objective 369.2301316
Elapsed time for NoRel heuristic: 54s (best bound 154.697)
Found heuristic solution: objective 365.3859211
Elapsed time for NoRel heuristic: 64s (best bound 154.697)
Found heuristic solution: objective 363.4792544
Elapsed time for NoRel heuristic: 75s (best bound 154.697)
Found heuristic solution: objective 361.7059211
Elapsed time for NoRel heuristic: 92s (best bound 154.697)
Elapsed time for NoRel heuristic: 104s (best bound 154.697)
Found heuristic solution: objective 361.2925877
Elapsed time for NoRel heuristic: 130s (best bound 154.697)
Elapsed time for NoRel heuristic: 143s (best bound 154.697)
Elapsed time for NoRel heuristic: 155s (best bound 154.697)
Found heuristic solution: objective 360.2259211
Elapsed time for NoRel heuristic: 173s (best bound 154.697)
Elapsed time for NoRel heuristic: 190s (best bound 154.697)
Elapsed time for NoRel heuristic: 227s (best bound 154.697)
Elapsed time for NoRel heuristic: 257s (best bound 154.697)
Elapsed time for NoRel heuristic: 374s (best bound 154.697)
Found heuristic solution: objective 359.2180264
Elapsed time for NoRel heuristic: 464s (best bound 154.697)
Found heuristic solution: objective 358.4580264
Elapsed time for NoRel heuristic: 508s (best bound 154.697)
Found heuristic solution: objective 358.3311843
Found heuristic solution: objective 358.2996053
Elapsed time for NoRel heuristic: 573s (best bound 279.788)
Elapsed time for NoRel heuristic: 621s (best bound 317.173)
Elapsed time for NoRel heuristic: 685s (best bound 317.173)
Elapsed time for NoRel heuristic: 746s (best bound 317.856)
Found heuristic solution: objective 357.8778509
Elapsed time for NoRel heuristic: 931s (best bound 317.856)
Elapsed time for NoRel heuristic: 986s (best bound 317.856)
Elapsed time for NoRel heuristic: 1060s (best bound 317.856)
Elapsed time for NoRel heuristic: 1125s (best bound 317.856)
Elapsed time for NoRel heuristic: 1430s (best bound 321.136)
Elapsed time for NoRel heuristic: 1707s (best bound 324.22)
Elapsed time for NoRel heuristic: 1955s (best bound 325.115)
Found heuristic solution: objective 357.8778497
Elapsed time for NoRel heuristic: 2313s (best bound 325.163)
Elapsed time for NoRel heuristic: 2415s (best bound 325.546)
NoRel heuristic complete
Deterministic concurrent LP optimizer: primal simplex, dual simplex, and barrier
Showing barrier log only...

Root barrier log...

Ordering time: 3.55s

Barrier statistics:
 Dense cols : 1067
 AA' NZ     : 4.276e+06
 Factor NZ  : 7.904e+06 (roughly 110 MB of memory)
 Factor Ops : 3.457e+09 (less than 1 second per iteration)
 Threads    : 30

                  Objective                Residual
Iter       Primal          Dual         Primal    Dual     Compl     Time
   0   4.35391897e+08 -1.15872587e+07  5.02e+06 0.00e+00  4.44e+03  2447s
   1   1.72598173e+08 -1.03605125e+07  2.02e+06 3.89e+00  1.76e+03  2449s
   2   7.62669871e+07 -7.61893233e+06  8.93e+05 7.04e-01  7.48e+02  2451s
   3   2.41097260e+07 -4.18082504e+06  2.82e+05 1.34e-01  2.41e+02  2454s
   4   8.36213658e+06 -1.55688744e+06  9.79e+04 1.45e-02  8.19e+01  2457s
   5   1.36491374e+06 -4.98281504e+05  1.60e+04 1.79e-11  1.43e+01  2459s
   6   8.87705457e+05 -2.49004394e+05  1.04e+04 1.46e-11  8.86e+00  2461s
   7   7.87576060e+05 -2.22353954e+05  9.20e+03 1.63e-11  7.85e+00  2463s
   8   3.70610937e+05 -1.57100138e+05  4.32e+03 1.31e-11  3.94e+00  2466s
   9   1.91544865e+05 -8.45845573e+04  2.23e+03 1.59e-11  2.03e+00  2468s
  10   1.07410403e+05 -4.05577681e+04  1.25e+03 1.46e-11  1.10e+00  2470s
  11   6.59604273e+04 -2.93371744e+04  7.64e+02 1.27e-11  6.90e-01  2472s
  12   3.83529922e+04 -1.29047745e+04  4.42e+02 5.87e-12  3.74e-01  2474s
  13   1.75283223e+04 -7.82300512e+03  1.99e+02 2.91e-12  1.77e-01  2477s
  14   6.37110539e+03 -3.45435154e+03  6.89e+01 1.05e-12  6.47e-02  2480s
  15   3.05810398e+03 -2.05613318e+03  3.03e+01 5.90e-13  3.16e-02  2482s
  16   1.12816877e+03 -1.19900714e+03  8.21e+00 3.62e-13  1.29e-02  2483s
  17   5.58870197e+02 -3.67355686e+02  2.02e+00 7.46e-13  4.79e-03  2485s
  18   4.14646775e+02 -1.75394828e+02  5.95e-01 4.87e-13  2.93e-03  2488s
  19   3.90225419e+02  7.63393937e+01  3.89e-01 4.23e-13  1.55e-03  2490s
  20   3.61637737e+02  1.96118198e+02  1.65e-01 3.18e-13  8.03e-04  2493s
  21   3.52543800e+02  2.40760266e+02  1.03e-01 5.45e-13  5.36e-04  2495s
  22   3.42659208e+02  2.56024878e+02  4.57e-02 4.39e-13  4.16e-04  2497s
  23   3.37142766e+02  2.89193887e+02  1.92e-02 4.69e-13  2.29e-04  2500s
  24   3.36469400e+02  2.96853948e+02  1.70e-02 7.11e-13  1.89e-04  2503s
  25   3.35451253e+02  2.99139982e+02  1.43e-02 5.50e-13  1.73e-04  2505s
  26   3.34595461e+02  3.01285841e+02  1.26e-02 5.69e-13  1.59e-04  2507s
  27   3.33513832e+02  3.04362618e+02  1.01e-02 4.02e-13  1.39e-04  2510s
  28   3.32698327e+02  3.06181892e+02  8.73e-03 3.14e-13  1.27e-04  2512s
  29   3.31802925e+02  3.11087412e+02  6.93e-03 3.87e-13  9.88e-05  2515s
  30   3.30076528e+02  3.16948735e+02  2.35e-03 3.79e-13  6.27e-05  2517s
  31   3.29465349e+02  3.20839043e+02  1.28e-03 1.60e-13  4.11e-05  2520s
  32   3.28872355e+02  3.23237275e+02  2.77e-04 3.88e-13  2.68e-05  2522s
  33   3.28674512e+02  3.23487679e+02  2.16e-04 4.15e-13  2.47e-05  2524s
  34   3.28511738e+02  3.23699380e+02  1.93e-04 4.66e-13  2.29e-05  2526s
  35   3.28299324e+02  3.23977854e+02  1.65e-04 5.07e-13  2.06e-05  2528s
  36   3.27977323e+02  3.24416179e+02  1.26e-04 7.44e-13  1.70e-05  2531s
  37   3.27895455e+02  3.24454708e+02  1.16e-04 9.26e-13  1.64e-05  2533s
  38   3.27758682e+02  3.24779486e+02  1.00e-04 8.74e-13  1.42e-05  2536s
  39   3.27737749e+02  3.25198851e+02  9.78e-05 9.74e-13  1.21e-05  2538s
  40   3.27590207e+02  3.25473114e+02  8.02e-05 9.59e-13  1.01e-05  2540s
  41   3.27401648e+02  3.25641350e+02  6.06e-05 1.17e-12  8.40e-06  2543s
  42   3.27278925e+02  3.25926647e+02  5.19e-05 7.46e-13  6.44e-06  2545s
  43   3.27196414e+02  3.26150305e+02  4.47e-05 5.01e-13  4.98e-06  2548s
  44   3.27123422e+02  3.26176515e+02  3.73e-05 4.63e-13  4.51e-06  2550s
  45   3.27051678e+02  3.26266856e+02  3.07e-05 6.60e-13  3.74e-06  2553s
  46   3.26998136e+02  3.26351367e+02  2.63e-05 8.42e-13  3.08e-06  2555s
  47   3.26971292e+02  3.26412930e+02  2.38e-05 1.11e-12  2.66e-06  2558s
  48   3.26941810e+02  3.26429113e+02  2.10e-05 1.12e-12  2.44e-06  2561s
  49   3.26915534e+02  3.26492053e+02  1.87e-05 1.06e-12  2.01e-06  2563s
  50   3.26899404e+02  3.26516846e+02  1.69e-05 9.57e-13  1.82e-06  2566s
  51   3.26862103e+02  3.26550465e+02  1.30e-05 9.24e-13  1.48e-06  2568s
  52   3.26823464e+02  3.26591041e+02  9.77e-06 4.27e-13  1.11e-06  2570s
  53   3.26789475e+02  3.26616221e+02  7.07e-06 5.26e-13  8.25e-07  2573s
  54   3.26770898e+02  3.26631083e+02  5.62e-06 4.55e-13  6.66e-07  2575s
  55   3.26748346e+02  3.26655934e+02  3.99e-06 5.45e-13  4.39e-07  2578s
  56   3.26719610e+02  3.26672856e+02  1.80e-06 2.37e-13  2.23e-07  2580s
  57   3.26711173e+02  3.26681682e+02  1.18e-06 2.77e-13  1.40e-07  2583s
  58   3.26704586e+02  3.26686234e+02  7.20e-07 4.67e-13  8.74e-08  2585s
  59   3.26701420e+02  3.26689918e+02  4.98e-07 4.47e-13  5.47e-08  2587s
  60   3.26699544e+02  3.26690272e+02  3.71e-07 4.25e-13  4.42e-08  2589s
  61   3.26694813e+02  3.26693228e+02  5.82e-08 3.88e-13  7.56e-09  2591s
  62   3.26694113e+02  3.26693847e+02  1.47e-08 4.17e-13  1.26e-09  2593s
  63   3.26693865e+02  3.26693864e+02  3.37e-10 3.57e-13  2.84e-12  2595s

Barrier solved model in 63 iterations and 2594.83 seconds (156.55 work units)
Optimal objective 3.26693865e+02


Root crossover log...

    5725 DPushes remaining with DInf 0.0000000e+00              2596s
       0 DPushes remaining with DInf 0.0000000e+00              2599s

     769 PPushes remaining with PInf 2.4813753e-04              2599s
       0 PPushes remaining with PInf 0.0000000e+00              2599s

  Push phase complete: Pinf 0.0000000e+00, Dinf 4.5138919e-13   2599s


Root simplex log...

Iteration    Objective       Primal Inf.    Dual Inf.      Time
    5727    3.2669386e+02   0.000000e+00   0.000000e+00   2600s
Concurrent spin time: 0.07s

Solved with barrier
    5727    3.2669386e+02   0.000000e+00   0.000000e+00   2602s

Root relaxation: objective 3.266939e+02, 5727 iterations, 165.88 seconds (9.67 work units)
Total elapsed time = 2611.38s (DegenMoves)
Total elapsed time = 2615.64s (DegenMoves)

    Nodes    |    Current Node    |     Objective Bounds      |     Work
 Expl Unexpl |  Obj  Depth IntInf | Incumbent    BestBd   Gap | It/Node Time

     0     0  326.69386    0  290  357.87785  326.69386  8.71%     - 2623s
     0     0  326.86965    0  314  357.87785  326.86965  8.66%     - 2659s
     0     0  326.89434    0  336  357.87785  326.89434  8.66%     - 2696s
     0     0  326.96493    0  328  357.87785  326.96493  8.64%     - 2702s
     0     0  327.00982    0  345  357.87785  327.00982  8.63%     - 2704s
     0     0  327.08385    0  388  357.87785  327.08385  8.60%     - 2709s
     0     0  327.10399    0  383  357.87785  327.10399  8.60%     - 2793s
     0     0  327.19038    0  385  357.87785  327.19038  8.57%     - 2798s
     0     0  327.20892    0  397  357.87785  327.20892  8.57%     - 2800s
     0     0  327.22356    0  393  357.87785  327.22356  8.57%     - 2802s
     0     0  327.22831    0  411  357.87785  327.22831  8.56%     - 2843s
     0     0  327.25251    0  392  357.87785  327.25251  8.56%     - 2848s
     0     0  327.25712    0  391  357.87785  327.25712  8.56%     - 2995s
     0     0  327.25821    0  401  357.87785  327.25821  8.56%     - 3000s
     0     0  327.25862    0  382  357.87785  327.25862  8.56%     - 3000s
     0     0  327.25862    0  383  357.87785  327.25862  8.56%     - 3000s
     0     0  327.28702    0  387  357.87785  327.28702  8.55%     - 3003s
     0     0  327.29146    0  413  357.87785  327.29146  8.55%     - 3048s
     0     0  327.29252    0  398  357.87785  327.29252  8.55%     - 3054s
     0     0  327.29277    0  397  357.87785  327.29277  8.55%     - 3054s
     0     0  327.29278    0  402  357.87785  327.29278  8.55%     - 3054s
     0     0  327.29569    0  420  357.87785  327.29569  8.55%     - 3056s
     0     0  327.29625    0  413  357.87785  327.29625  8.55%     - 3057s
     0     0  327.29629    0  422  357.87785  327.29629  8.55%     - 3057s
     0     0  327.31568    0  402  357.87785  327.31568  8.54%     - 3059s
     0     0  327.31767    0  410  357.87785  327.31767  8.54%     - 3074s
     0     0  327.31815    0  407  357.87785  327.31815  8.54%     - 3083s
     0     0  327.31823    0  414  357.87785  327.31823  8.54%     - 3085s
     0     0  327.33845    0  382  357.87785  327.33845  8.53%     - 3087s
     0     0  327.33929    0  390  357.87785  327.33929  8.53%     - 3088s
     0     0  327.33954    0  389  357.87785  327.33954  8.53%     - 3088s
     0     0  327.33958    0  398  357.87785  327.33958  8.53%     - 3089s
     0     0  327.39101    0  409  357.87785  327.39101  8.52%     - 3091s
     0     0  327.40568    0  417  357.87785  327.40568  8.51%     - 3115s
     0     0  327.40587    0  420  357.87785  327.40587  8.51%     - 3124s
     0     0  327.40592    0  430  357.87785  327.40592  8.51%     - 3125s
     0     0  327.42318    0  417  357.87785  327.42318  8.51%     - 3126s
     0     0  327.42474    0  399  357.87785  327.42474  8.51%     - 3127s
     0     0  327.42574    0  422  357.87785  327.42574  8.51%     - 3127s
     0     0  327.42782    0  438  357.87785  327.42782  8.51%     - 3128s
     0     0  327.42830    0  446  357.87785  327.42830  8.51%     - 3128s
     0     0  327.42838    0  443  357.87785  327.42838  8.51%     - 3128s
     0     0  327.44548    0  438  357.87785  327.44548  8.50%     - 3130s
     0     0  327.44753    0  435  357.87785  327.44753  8.50%     - 3146s
     0     0  327.44799    0  439  357.87785  327.44799  8.50%     - 3156s
     0     0  327.44820    0  440  357.87785  327.44820  8.50%     - 3160s
     0     0  327.44820    0  442  357.87785  327.44820  8.50%     - 3161s
     0     0  327.44951    0  439  357.87785  327.44951  8.50%     - 3162s
     0     0  327.44993    0  444  357.87785  327.44993  8.50%     - 3162s
     0     0  327.44993    0  434  357.87785  327.44993  8.50%     - 3164s
     0     0  327.44993    0  440  357.87785  327.44993  8.50%     - 3174s
     0     0  327.45143    0  426  357.87785  327.45143  8.50%     - 3192s
     0     0  327.45182    0  442  357.87785  327.45182  8.50%     - 3193s
     0     0  327.45214    0  443  357.87785  327.45214  8.50%     - 3193s
     0     0  327.45216    0  447  357.87785  327.45216  8.50%     - 3193s
     0     0  327.45565    0  433  357.87785  327.45565  8.50%     - 3195s
     0     0  327.45823    0  443  357.87785  327.45823  8.50%     - 3212s
     0     0  327.46011    0  460  357.87785  327.46011  8.50%     - 3223s
     0     0  327.46052    0  462  357.87785  327.46052  8.50%     - 3224s
     0     0  327.46055    0  464  357.87785  327.46055  8.50%     - 3224s
     0     0  327.46222    0  452  357.87785  327.46222  8.50%     - 3226s
     0     0  327.46231    0  466  357.87785  327.46231  8.50%     - 3226s
     0     0  327.46656    0  456  357.87785  327.46656  8.50%     - 3228s
     0     0  327.46685    0  458  357.87785  327.46685  8.50%     - 3229s
     0     0  327.46747    0  454  357.87785  327.46747  8.50%     - 3229s
     0     0  327.46750    0  463  357.87785  327.46750  8.50%     - 3229s
     0     0  327.46940    0  459  357.87785  327.46940  8.50%     - 3231s
     0     0  327.46979    0  453  357.87785  327.46979  8.50%     - 3231s
     0     0  327.47008    0  456  357.87785  327.47008  8.50%     - 3232s
     0     0  327.47008    0  459  357.87785  327.47008  8.50%     - 3232s
     0     0  327.47045    0  451  357.87785  327.47045  8.50%     - 3233s
     0     0  327.47049    0  459  357.87785  327.47049  8.50%     - 3246s
     0     0  327.47078    0  456  357.87785  327.47078  8.50%     - 3265s
     0     0  327.47158    0  429  357.87785  327.47158  8.50%     - 3266s
     0     2  327.47158    0  420  357.87785  327.47158  8.50%     - 3337s
     1     4  327.52092    1  399  357.87785  327.47158  8.50%  1557 3361s
     3     8  327.57634    2  378  357.87785  327.52099  8.48%  1050 3389s
     7    16  327.73905    3  404  357.87785  327.53999  8.48%   998 3425s
    15    32  327.93728    4  397  357.87785  327.69363  8.43%  1268 3469s
    31    64  328.88462    5  387  357.87785  327.75312  8.42%  1201 3545s
    63    86  328.76842    6  389  357.87785  327.81955  8.40%  1149 3600s

Cutting planes:
  Gomory: 1
  Cover: 208
  Implied bound: 72
  Clique: 250
  MIR: 105
  StrongCG: 7
  Flow cover: 8
  GUB cover: 158
  Zero half: 73
  Network: 2
  RLT: 140
  Relax-and-lift: 159

Explored 85 nodes (127017 simplex iterations) in 3604.20 seconds (344.42 work units)
Thread count was 32 (of 64 available processors)

Solution count 10: 357.878 357.878 358.3 ... 363.479

Time limit reached
Best objective 3.578778496786e+02, best bound 3.278195474427e+02, gap 8.3990%
  Status : Time limit
  Runtime: 3604.8s
  UB     : 357.88 °C
  LB     : 327.82 °C
  Gap    : 8.40%

Phase 4 (Obj 1) — Stadium distances:
Gurobi Optimizer version 12.0.0 build v12.0.0rc1 (linux64 - "AlmaLinux 9.7 (Moss Jungle Cat)")

CPU model: AMD EPYC 7543 32-Core Processor, instruction set [SSE2|AVX|AVX2]
Thread count: 64 physical cores, 64 logical processors, using up to 32 threads

Non-default parameters:
TimeLimit  3600
NoRelHeurTime  2400

Optimize a model with 57404 rows, 145934 columns and 4325579 nonzeros
Model fingerprint: 0xe5457121
Variable types: 21964 continuous, 123970 integer (123970 binary)
Coefficient statistics:
  Matrix range     [2e-02, 9e+03]
  Objective range  [1e+02, 6e+03]
  Bounds range     [1e+00, 1e+00]
  RHS range        [1e+00, 1e+05]

MIP start from previous solve produced solution with objective 78813.3 (0.35s)
Loaded MIP start from previous solve with objective 78813.3

Presolve removed 23813 rows and 55005 columns (presolve time = 5s)...
Presolve removed 27594 rows and 56524 columns (presolve time = 10s)...
Presolve removed 27594 rows and 56524 columns (presolve time = 20s)...
Presolve removed 27594 rows and 56524 columns (presolve time = 20s)...
Presolve removed 27604 rows and 56564 columns (presolve time = 25s)...
Presolve removed 27171 rows and 56131 columns
Presolve time: 25.34s
Presolved: 30233 rows, 89803 columns, 2062195 nonzeros
Variable types: 17158 continuous, 72645 integer (72573 binary)
Starting NoRel heuristic
Elapsed time for NoRel heuristic: 17s (best bound 0)
Elapsed time for NoRel heuristic: 28s (best bound 0)
Found heuristic solution: objective 78652.636055
Elapsed time for NoRel heuristic: 42s (best bound 0)
Elapsed time for NoRel heuristic: 62s (best bound 0)
Elapsed time for NoRel heuristic: 80s (best bound 0)
Elapsed time for NoRel heuristic: 88s (best bound 0)
Elapsed time for NoRel heuristic: 111s (best bound 0)
Elapsed time for NoRel heuristic: 143s (best bound 0)
Elapsed time for NoRel heuristic: 221s (best bound 0)
Elapsed time for NoRel heuristic: 255s (best bound 37874.7)
Elapsed time for NoRel heuristic: 317s (best bound 42798.3)
Elapsed time for NoRel heuristic: 360s (best bound 42798.3)
Elapsed time for NoRel heuristic: 475s (best bound 45255.4)
Elapsed time for NoRel heuristic: 548s (best bound 45255.4)
Elapsed time for NoRel heuristic: 628s (best bound 45255.4)
Found heuristic solution: objective 78351.424367
Elapsed time for NoRel heuristic: 758s (best bound 45455)
Elapsed time for NoRel heuristic: 796s (best bound 45455)
Elapsed time for NoRel heuristic: 849s (best bound 45455)
Elapsed time for NoRel heuristic: 895s (best bound 45455)
Elapsed time for NoRel heuristic: 1103s (best bound 45455)
Elapsed time for NoRel heuristic: 1260s (best bound 45549.4)
Found heuristic solution: objective 78351.424283
Elapsed time for NoRel heuristic: 1450s (best bound 45645.1)
Found heuristic solution: objective 78351.424248
Elapsed time for NoRel heuristic: 1504s (best bound 45645.1)
Found heuristic solution: objective 78351.424230
Found heuristic solution: objective 78351.424210
Elapsed time for NoRel heuristic: 1567s (best bound 45645.1)
Elapsed time for NoRel heuristic: 1631s (best bound 45645.1)
Elapsed time for NoRel heuristic: 1728s (best bound 45645.1)
Found heuristic solution: objective 78351.424186
Elapsed time for NoRel heuristic: 1793s (best bound 45645.1)
Elapsed time for NoRel heuristic: 1856s (best bound 45645.1)
Elapsed time for NoRel heuristic: 1943s (best bound 45645.1)
Elapsed time for NoRel heuristic: 2010s (best bound 45645.1)
Elapsed time for NoRel heuristic: 2392s (best bound 45645.1)
Found heuristic solution: objective 78351.424174
Elapsed time for NoRel heuristic: 2613s (best bound 45645.1)
NoRel heuristic complete
Deterministic concurrent LP optimizer: primal simplex, dual simplex, and barrier
Showing barrier log only...

Root barrier log...

Ordering time: 0.90s

Barrier statistics:
 Dense cols : 953
 AA' NZ     : 3.455e+06
 Factor NZ  : 7.515e+06 (roughly 100 MB of memory)
 Factor Ops : 3.381e+09 (less than 1 second per iteration)
 Threads    : 30

                  Objective                Residual
Iter       Primal          Dual         Primal    Dual     Compl     Time
   0   3.67338029e+08 -5.37495359e+08  4.86e+06 6.86e+01  1.27e+05  2646s
   1   2.63879893e+08 -5.09113177e+08  3.50e+06 2.42e+02  9.07e+04  2648s
   2   1.93721742e+08 -4.07639461e+08  2.58e+06 8.38e+01  6.05e+04  2650s
   3   9.53892504e+07 -3.32382748e+08  1.27e+06 2.49e+01  2.94e+04  2653s
   4   5.31663947e+07 -2.11201884e+08  7.08e+05 6.90e+00  1.59e+04  2656s
   5   2.25598345e+07 -1.31278268e+08  2.99e+05 2.09e+00  6.75e+03  2658s
   6   9.02437788e+06 -5.57606602e+07  1.18e+05 3.89e-01  2.62e+03  2660s
   7   1.64346981e+06 -1.88870847e+07  2.07e+04 2.27e-12  4.95e+02  2662s
   8   8.80989007e+05 -8.22044157e+06  1.07e+04 2.96e-12  2.46e+02  2664s
   9   4.46262074e+05 -7.57004004e+06  5.00e+03 2.96e-12  1.33e+02  2666s
  10   2.91606343e+05 -4.04061218e+06  2.97e+03 4.92e-12  7.71e+01  2669s
  11   2.03026372e+05 -1.97653922e+06  1.81e+03 1.44e-11  4.41e+01  2672s
  12   1.33933922e+05 -9.35254182e+05  9.16e+02 3.64e-11  2.21e+01  2674s
  13   1.08823049e+05 -5.02902290e+05  5.95e+02 2.18e-11  1.38e+01  2676s
  14   9.25533493e+04 -3.32790761e+05  3.87e+02 9.27e-12  8.99e+00  2678s
  15   7.90736110e+04 -2.20117256e+05  2.10e+02 2.18e-11  5.15e+00  2680s
  16   6.80734668e+04 -1.28019953e+05  7.56e+01 1.46e-11  2.25e+00  2682s
  17   6.17325816e+04 -3.24669086e+04  2.97e+01 1.53e-10  9.47e-01  2685s
  18   6.02277056e+04 -2.14384386e+04  2.47e+01 1.31e-10  7.99e-01  2687s
  19   5.84971014e+04 -4.13013017e+03  2.10e+01 1.06e-10  6.41e-01  2689s
  20   5.73538671e+04  1.07669569e+04  1.80e+01 7.64e-11  5.11e-01  2692s
  21   5.56343233e+04  1.27110210e+04  1.45e+01 7.64e-11  4.38e-01  2693s
  22   5.39150809e+04  1.90122026e+04  1.23e+01 5.46e-11  3.63e-01  2696s
  23   5.23280413e+04  2.80674436e+04  9.30e+00 1.82e-11  2.61e-01  2699s
  24   5.17292276e+04  3.28460383e+04  7.64e+00 7.24e-12  2.06e-01  2701s
  25   5.12074128e+04  3.51142245e+04  6.95e+00 3.83e-12  1.81e-01  2704s
  26   5.03202912e+04  3.84696402e+04  5.06e+00 9.09e-13  1.30e-01  2706s
  27   4.96859080e+04  3.89027301e+04  4.22e+00 3.69e-12  1.13e-01  2709s
  28   4.93585097e+04  3.97859707e+04  3.77e+00 3.52e-12  1.00e-01  2711s
  29   4.92343632e+04  4.08879558e+04  3.59e+00 3.98e-12  9.02e-02  2714s
  30   4.86183610e+04  4.18234111e+04  2.87e+00 3.90e-12  7.22e-02  2716s
  31   4.79324828e+04  4.27869962e+04  2.07e+00 2.98e-12  5.29e-02  2718s
  32   4.70172511e+04  4.36462829e+04  1.15e+00 4.40e-12  3.16e-02  2721s
  33   4.63777515e+04  4.44642470e+04  5.85e-01 3.16e-12  1.70e-02  2723s
  34   4.63190148e+04  4.46326939e+04  5.42e-01 3.49e-12  1.53e-02  2726s
  35   4.61145031e+04  4.49398283e+04  3.72e-01 4.61e-12  1.06e-02  2728s
  36   4.57627476e+04  4.53880192e+04  7.97e-02 7.28e-12  2.89e-03  2730s
  37   4.56874421e+04  4.55442992e+04  2.81e-02 1.82e-12  1.08e-03  2732s
  38   4.56475354e+04  4.56431818e+04  1.32e-03 1.16e-12  3.91e-05  2734s
  39   4.56450849e+04  4.56450846e+04  1.71e-07 2.77e-11  3.46e-09  2736s

Barrier solved model in 39 iterations and 2735.71 seconds (142.96 work units)
Optimal objective 4.56450849e+04


Root crossover log...

    3878 DPushes remaining with DInf 1.2749447e-06              2737s
       0 DPushes remaining with DInf 0.0000000e+00              2738s

    7908 PPushes remaining with PInf 0.0000000e+00              2738s
     652 PPushes remaining with PInf 0.0000000e+00              2741s
       0 PPushes remaining with PInf 0.0000000e+00              2741s

  Push phase complete: Pinf 0.0000000e+00, Dinf 5.8308776e-10   2742s


Root simplex log...

Iteration    Objective       Primal Inf.    Dual Inf.      Time
   11679    4.5645085e+04   0.000000e+00   0.000000e+00   2742s
Concurrent spin time: 0.08s

Solved with barrier
   11679    4.5645085e+04   0.000000e+00   0.000000e+00   2745s

Root relaxation: objective 4.564508e+04, 11679 iterations, 105.54 seconds (5.95 work units)
Total elapsed time = 2761.58s (DegenMoves)
Total elapsed time = 2765.08s (DegenMoves)

    Nodes    |    Current Node    |     Objective Bounds      |     Work
 Expl Unexpl |  Obj  Depth IntInf | Incumbent    BestBd   Gap | It/Node Time

     0     0 45645.0846    0  374 78351.4242 45645.0846  41.7%     - 2770s
     0     0 53445.2317    0  352 78351.4242 53445.2317  31.8%     - 2812s
     0     0 54755.5618    0  387 78351.4242 54755.5618  30.1%     - 2912s
     0     0 54755.5618    0  389 78351.4242 54755.5618  30.1%     - 2913s
     0     0 56599.4209    0  318 78351.4242 56599.4209  27.8%     - 2917s
     0     0 56599.4209    0  297 78351.4242 56599.4209  27.8%     - 3055s
     0     0 57369.5957    0  357 78351.4242 57369.5957  26.8%     - 3104s
     0     0 57608.8381    0  369 78351.4242 57608.8381  26.5%     - 3198s
     0     0 57615.0627    0  363 78351.4242 57615.0627  26.5%     - 3203s
     0     0 57615.0627    0  362 78351.4242 57615.0627  26.5%     - 3204s
     0     0 58548.0108    0  350 78351.4242 58548.0108  25.3%     - 3212s
     0     0 58617.0973    0  348 78351.4242 58617.0973  25.2%     - 3216s
     0     0 58617.0973    0  338 78351.4242 58617.0973  25.2%     - 3218s
     0     0 58993.6738    0  374 78351.4242 58993.6738  24.7%     - 3226s
     0     0 59075.3066    0  391 78351.4242 59075.3066  24.6%     - 3232s
     0     0 59075.3066    0  383 78351.4242 59075.3066  24.6%     - 3235s
     0     0 59118.3603    0  434 78351.4242 59118.3603  24.5%     - 3243s
     0     0 59125.8201    0  400 78351.4242 59125.8201  24.5%     - 3250s
     0     0 59125.8201    0  377 78351.4242 59125.8201  24.5%     - 3251s
     0     0 59130.5563    0  436 78351.4242 59130.5563  24.5%     - 3259s
     0     0 59133.6530    0  436 78351.4242 59133.6530  24.5%     - 3262s
     0     0 59134.0277    0  433 78351.4242 59134.0277  24.5%     - 3262s
     0     0 59266.6043    0  468 78351.4242 59266.6043  24.4%     - 3271s
     0     0 59303.9698    0  473 78351.4242 59303.9698  24.3%     - 3274s
     0     0 59303.9698    0  479 78351.4242 59303.9698  24.3%     - 3274s
     0     0 59303.9698    0  476 78351.4242 59303.9698  24.3%     - 3280s
     0     0 59303.9698    0  485 78351.4242 59303.9698  24.3%     - 3282s
     0     0 59314.4856    0  479 78351.4242 59314.4856  24.3%     - 3288s
     0     0 59314.6764    0  481 78351.4242 59314.6764  24.3%     - 3365s
     0     0 59345.1743    0  461 78351.4242 59345.1743  24.3%     - 3387s
     0     0 59425.1882    0  469 78351.4242 59425.1882  24.2%     - 3389s
     0     0 59425.1882    0  484 78351.4242 59425.1882  24.2%     - 3389s
     0     0 59425.1882    0  447 78351.4242 59425.1882  24.2%     - 3395s
     0     0 59425.1882    0  472 78351.4242 59425.1882  24.2%     - 3397s
     0     0 59425.1882    0  473 78351.4242 59425.1882  24.2%     - 3398s
     0     0 59437.2551    0  461 78351.4242 59437.2551  24.1%     - 3402s
     0     0 59442.7771    0  473 78351.4242 59442.7771  24.1%     - 3404s
     0     0 59443.2624    0  494 78351.4242 59443.2624  24.1%     - 3405s
     0     0 59462.8257    0  477 78351.4242 59462.8257  24.1%     - 3410s
     0     0 59463.4050    0  495 78351.4242 59463.4050  24.1%     - 3411s
     0     0 59482.0019    0  473 78351.4242 59482.0019  24.1%     - 3415s
     0     0 59483.8130    0  495 78351.4242 59483.8130  24.1%     - 3445s
     0     0 59483.8693    0  488 78351.4242 59483.8693  24.1%     - 3449s
     0     0 59499.1934    0  465 78351.4242 59499.1934  24.1%     - 3463s
     0     0 59499.8389    0  478 78351.4242 59499.8389  24.1%     - 3464s
     0     0 59504.6756    0  473 78351.4242 59504.6756  24.1%     - 3468s
     0     0 59505.1069    0  479 78351.4242 59505.1069  24.1%     - 3470s
     0     0 59514.2221    0  455 78351.4242 59514.2221  24.0%     - 3474s
     0     0 59514.4426    0  431 78351.4242 59514.4426  24.0%     - 3475s
     0     2 59566.9496    0  431 78351.4242 59566.9496  24.0%     - 3554s
     1     5 59743.4834    1  430 78351.4242 59566.9496  24.0%   922 3579s

Cutting planes:
  Gomory: 15
  Lift-and-project: 1
  Cover: 57
  Implied bound: 25
  Clique: 27
  MIR: 78
  StrongCG: 4
  Flow cover: 3
  GUB cover: 60
  Zero half: 60
  Network: 15
  RLT: 492
  Relax-and-lift: 199

Explored 3 nodes (118926 simplex iterations) in 3601.33 seconds (408.94 work units)
Thread count was 32 (of 64 available processors)

Solution count 10: 78351.4 78351.4 78351.4 ... 78351.4

Time limit reached
Best objective 7.835142417681e+04, best bound 5.993986863434e+04, gap 23.4987%
  Status : Time limit
  Runtime: 3601.6s
  UB     : 78,351.42 km
  LB     : 59,939.87 km
  Gap    : 23.50%

Phase 5 (Obj 5) — Broadcast penalty:
Gurobi Optimizer version 12.0.0 build v12.0.0rc1 (linux64 - "AlmaLinux 9.7 (Moss Jungle Cat)")

CPU model: AMD EPYC 7543 32-Core Processor, instruction set [SSE2|AVX|AVX2]
Thread count: 64 physical cores, 64 logical processors, using up to 32 threads

Non-default parameters:
TimeLimit  3600
NoRelHeurTime  2400

Optimize a model with 57405 rows, 145934 columns and 4345495 nonzeros
Model fingerprint: 0x5c7f3d35
Variable types: 21964 continuous, 123970 integer (123970 binary)
Coefficient statistics:
  Matrix range     [2e-02, 9e+03]
  Objective range  [2e+00, 6e+04]
  Bounds range     [1e+00, 1e+00]
  RHS range        [1e+00, 1e+05]

MIP start from previous solve produced solution with objective 233812 (0.36s)
Loaded MIP start from previous solve with objective 233812

Presolve removed 23824 rows and 53667 columns (presolve time = 5s)...
Presolve removed 27412 rows and 54879 columns (presolve time = 10s)...
Presolve removed 27412 rows and 54879 columns (presolve time = 19s)...
Presolve removed 27412 rows and 54879 columns (presolve time = 20s)...
Presolve removed 27440 rows and 54913 columns (presolve time = 25s)...
Presolve removed 27314 rows and 54787 columns
Presolve time: 26.21s
Presolved: 30091 rows, 91147 columns, 2365295 nonzeros
Variable types: 17158 continuous, 73989 integer (73917 binary)
Starting NoRel heuristic
Found heuristic solution: objective 225849.16835
Found heuristic solution: objective 223900.18472
Found heuristic solution: objective 200519.04561
Found heuristic solution: objective 195707.73056
Elapsed time for NoRel heuristic: 6s (best bound 712.995)
Elapsed time for NoRel heuristic: 14s (best bound 712.995)
Found heuristic solution: objective 190156.47629
Found heuristic solution: objective 185257.52308
Elapsed time for NoRel heuristic: 33s (best bound 5182.05)
Elapsed time for NoRel heuristic: 39s (best bound 5182.05)
Elapsed time for NoRel heuristic: 48s (best bound 5182.05)
Found heuristic solution: objective 173787.14205
Found heuristic solution: objective 129765.89443
Found heuristic solution: objective 120978.75815
Elapsed time for NoRel heuristic: 70s (best bound 5182.05)
Found heuristic solution: objective 118295.51340
Elapsed time for NoRel heuristic: 81s (best bound 5182.05)
Found heuristic solution: objective 115413.40514
Elapsed time for NoRel heuristic: 94s (best bound 5182.05)
Elapsed time for NoRel heuristic: 107s (best bound 5182.05)
Elapsed time for NoRel heuristic: 125s (best bound 5182.05)
Elapsed time for NoRel heuristic: 143s (best bound 5182.05)
Elapsed time for NoRel heuristic: 256s (best bound 5182.05)
Elapsed time for NoRel heuristic: 374s (best bound 5182.05)
Elapsed time for NoRel heuristic: 458s (best bound 5182.05)
Elapsed time for NoRel heuristic: 615s (best bound 5182.05)
Found heuristic solution: objective 115038.59367
Elapsed time for NoRel heuristic: 756s (best bound 5182.05)
Elapsed time for NoRel heuristic: 818s (best bound 5182.05)
Elapsed time for NoRel heuristic: 877s (best bound 5182.05)
Elapsed time for NoRel heuristic: 955s (best bound 5182.05)
Elapsed time for NoRel heuristic: 1150s (best bound 5182.05)
Found heuristic solution: objective 115038.59213
Elapsed time for NoRel heuristic: 1482s (best bound 5182.05)
Elapsed time for NoRel heuristic: 1545s (best bound 5840.86)
Elapsed time for NoRel heuristic: 1639s (best bound 7714.26)
Elapsed time for NoRel heuristic: 1709s (best bound 9329.43)
Found heuristic solution: objective 115038.59123
Found heuristic solution: objective 115038.58480
Found heuristic solution: objective 115038.58450
Found heuristic solution: objective 115038.58310
Elapsed time for NoRel heuristic: 2138s (best bound 9329.43)
Elapsed time for NoRel heuristic: 2214s (best bound 10944.5)
Elapsed time for NoRel heuristic: 2290s (best bound 10964.2)
Elapsed time for NoRel heuristic: 2375s (best bound 11754.7)
Elapsed time for NoRel heuristic: 2733s (best bound 12669.1)
NoRel heuristic complete
Deterministic concurrent LP optimizer: primal simplex, dual simplex, and barrier
Showing barrier log only...

Root barrier log...

Ordering time: 4.94s

Barrier statistics:
 Dense cols : 936
 AA' NZ     : 4.365e+06
 Factor NZ  : 8.841e+06 (roughly 120 MB of memory)
 Factor Ops : 4.109e+09 (less than 1 second per iteration)
 Threads    : 30

                  Objective                Residual
Iter       Primal          Dual         Primal    Dual     Compl     Time
   0   7.26944243e+10 -6.54809475e+09  4.10e+06 0.00e+00  1.63e+06  2773s
   1   5.45335037e+10 -6.15598460e+09  3.11e+06 2.98e+03  1.22e+06  2776s
   2   4.26986628e+10 -5.67820704e+09  2.44e+06 1.92e+03  9.40e+05  2778s
   3   2.09386773e+10 -4.66068195e+09  1.24e+06 7.18e+02  4.72e+05  2782s
   4   1.08879030e+10 -3.33462250e+09  6.60e+05 2.62e+02  2.46e+05  2784s
   5   6.39044913e+09 -2.15191978e+09  3.87e+05 8.11e+01  1.40e+05  2786s
   6   3.56046896e+09 -1.16274762e+09  2.16e+05 1.96e+01  7.62e+04  2788s
   7   8.70924364e+08 -1.84429102e+08  5.27e+04 9.03e-05  1.80e+04  2791s
   8   1.53728617e+08 -6.03075534e+07  9.30e+03 6.03e-05  3.28e+03  2794s
   9   1.42006757e+08 -5.55962152e+07  8.59e+03 5.42e-05  3.03e+03  2796s
  10   6.71425338e+07 -3.42285206e+07  4.07e+03 2.70e-05  1.46e+03  2799s
  11   2.34337461e+07 -1.57698507e+07  1.42e+03 2.94e-05  5.29e+02  2802s
  12   1.52410566e+07 -1.02744440e+07  9.21e+02 2.25e-05  3.44e+02  2805s
  13   8.89953014e+06 -7.28634950e+06  5.32e+02 1.94e-05  2.05e+02  2807s
  14   4.89550532e+06 -3.83973184e+06  2.89e+02 7.15e-06  1.09e+02  2809s
  15   1.43901576e+06 -1.89253084e+06  8.10e+01 1.10e-05  3.38e+01  2811s
  16   6.19261862e+05 -1.03937142e+06  3.22e+01 6.25e-06  1.47e+01  2814s
  17   3.92897228e+05 -7.13409617e+05  1.90e+01 4.43e-06  9.13e+00  2816s
  18   2.09084399e+05 -3.81175362e+05  8.61e+00 2.36e-06  4.47e+00  2819s
  19   1.67791559e+05 -2.94541578e+05  6.28e+00 1.90e-06  3.39e+00  2821s
  20   1.35945532e+05 -2.03748539e+05  4.55e+00 1.38e-06  2.46e+00  2824s
  21   1.23832160e+05 -1.26499341e+05  3.90e+00 9.75e-07  1.89e+00  2827s
  22   9.68720225e+04 -1.03779526e+05  2.46e+00 8.47e-07  1.39e+00  2830s
  23   8.48354006e+04 -9.04054642e+04  1.89e+00 7.67e-07  1.16e+00  2832s
  24   7.65402766e+04 -5.68320959e+04  1.48e+00 5.68e-07  8.83e-01  2835s
  25   7.55194385e+04 -5.00103002e+04  1.44e+00 5.30e-07  8.37e-01  2838s
  26   7.18054725e+04 -4.25917367e+04  1.31e+00 4.83e-07  7.60e-01  2841s
  27   6.91812556e+04 -2.80202458e+04  1.19e+00 4.01e-07  6.56e-01  2844s
  28   6.54709212e+04 -2.38691556e+04  1.06e+00 3.77e-07  5.95e-01  2846s
  29   5.98799444e+04 -1.66431057e+04  8.81e-01 3.29e-07  5.04e-01  2849s
  30   5.55760086e+04 -1.25760564e+04  7.39e-01 3.01e-07  4.41e-01  2852s
  31   5.27514952e+04 -7.56006193e+03  6.67e-01 2.65e-07  3.90e-01  2854s
  32   5.20313419e+04 -3.78323057e+03  6.36e-01 2.39e-07  3.63e-01  2857s
  33   4.82119764e+04 -4.05626491e+00  5.15e-01 2.13e-07  3.07e-01  2859s
  34   4.54706238e+04  3.52520408e+03  4.31e-01 1.87e-07  2.64e-01  2862s
  35   4.51546212e+04  5.63440202e+03  4.18e-01 1.72e-07  2.49e-01  2865s
  36   4.39663137e+04  6.07603710e+03  3.85e-01 1.68e-07  2.37e-01  2867s
  37   4.21612157e+04  8.58635591e+03  3.33e-01 1.48e-07  2.07e-01  2870s
  38   4.02949931e+04  1.10658685e+04  2.76e-01 1.31e-07  1.78e-01  2872s
  39   3.89892865e+04  1.16534270e+04  2.40e-01 1.26e-07  1.64e-01  2875s
  40   3.83287381e+04  1.26592802e+04  2.23e-01 1.17e-07  1.53e-01  2878s
  41   3.71321405e+04  1.43076316e+04  1.91e-01 1.06e-07  1.35e-01  2881s
  42   3.63089263e+04  1.52712517e+04  1.69e-01 9.80e-08  1.23e-01  2883s
  43   3.59810645e+04  1.59549399e+04  1.63e-01 9.31e-08  1.18e-01  2886s
  44   3.48557741e+04  1.72864364e+04  1.37e-01 8.21e-08  1.02e-01  2888s
  45   3.40995415e+04  1.77976110e+04  1.25e-01 7.81e-08  9.44e-02  2891s
  46   3.35727197e+04  1.86832846e+04  1.15e-01 7.09e-08  8.62e-02  2894s
  47   3.32336492e+04  1.93329482e+04  1.08e-01 6.61e-08  8.03e-02  2897s
  48   3.26933241e+04  1.99380089e+04  9.46e-02 6.12e-08  7.31e-02  2899s
  49   3.20571028e+04  2.14367076e+04  8.23e-02 4.89e-08  6.09e-02  2902s
  50   3.15575647e+04  2.16275749e+04  7.27e-02 4.74e-08  5.64e-02  2904s
  51   3.08705936e+04  2.24612588e+04  6.22e-02 4.03e-08  4.78e-02  2907s
  52   3.05581256e+04  2.31579666e+04  5.72e-02 3.43e-08  4.21e-02  2910s
  53   3.02309265e+04  2.34079986e+04  5.02e-02 3.26e-08  3.85e-02  2913s
  54   2.99714237e+04  2.35398690e+04  4.60e-02 3.13e-08  3.61e-02  2916s
  55   2.96089011e+04  2.42809032e+04  3.97e-02 2.41e-08  3.01e-02  2918s
  56   2.93550308e+04  2.45768942e+04  3.58e-02 2.17e-08  2.69e-02  2921s
  57   2.91080387e+04  2.50713984e+04  3.27e-02 1.63e-08  2.30e-02  2923s
  58   2.87494886e+04  2.57146665e+04  2.78e-02 9.68e-09  1.76e-02  2926s
  59   2.83058889e+04  2.58319243e+04  2.11e-02 8.66e-09  1.42e-02  2929s
  60   2.76363949e+04  2.62722377e+04  1.23e-02 4.17e-09  7.89e-03  2931s
  61   2.74975246e+04  2.63796295e+04  1.04e-02 3.21e-09  6.49e-03  2934s
  62   2.73979007e+04  2.65783796e+04  9.00e-03 1.02e-09  4.91e-03  2936s
  63   2.73095204e+04  2.65985749e+04  7.91e-03 8.42e-10  4.27e-03  2939s
  64   2.71873156e+04  2.66343087e+04  6.26e-03 7.48e-10  3.34e-03  2942s
  65   2.70186474e+04  2.66761827e+04  3.97e-03 4.50e-10  2.08e-03  2944s
  66   2.68894828e+04  2.67060908e+04  2.17e-03 4.16e-10  1.12e-03  2947s
  67   2.67884365e+04  2.67177873e+04  8.21e-04 2.82e-10  4.30e-04  2950s
  68   2.67270748e+04  2.67210599e+04  3.71e-05 4.44e-10  3.30e-05  2952s
  69   2.67238366e+04  2.67218460e+04  6.45e-06 3.57e-10  1.03e-05  2955s
  70   2.67232187e+04  2.67231614e+04  9.99e-08 2.18e-11  2.90e-07  2957s
  71   2.67231975e+04  2.67231975e+04  5.23e-09 4.32e-11  2.34e-10  2959s

Barrier solved model in 71 iterations and 2959.22 seconds (198.23 work units)
Optimal objective 2.67231975e+04


Root crossover log...

    4653 DPushes remaining with DInf 0.0000000e+00              2960s
       0 DPushes remaining with DInf 0.0000000e+00              2963s

     287 PPushes remaining with PInf 0.0000000e+00              2963s
       0 PPushes remaining with PInf 0.0000000e+00              2963s

  Push phase complete: Pinf 0.0000000e+00, Dinf 7.9036266e-10   2963s


Root simplex log...

Iteration    Objective       Primal Inf.    Dual Inf.      Time
    4737    2.6723197e+04   0.000000e+00   0.000000e+00   2964s
Concurrent spin time: 0.10s

Solved with barrier
    4737    2.6723197e+04   0.000000e+00   0.000000e+00   2967s

Root relaxation: objective 2.672320e+04, 4737 iterations, 206.46 seconds (11.64 work units)
Total elapsed time = 2971.52s (DegenMoves)

    Nodes    |    Current Node    |     Objective Bounds      |     Work
 Expl Unexpl |  Obj  Depth IntInf | Incumbent    BestBd   Gap | It/Node Time

     0     0 26723.1975    0  295 115038.583 26723.1975  76.8%     - 2985s
     0     0 35539.7173    0  331 115038.583 35539.7173  69.1%     - 3018s
     0     0 38391.7759    0  319 115038.583 38391.7759  66.6%     - 3101s
     0     0 38413.6266    0  329 115038.583 38413.6266  66.6%     - 3101s
     0     0 38418.4387    0  330 115038.583 38418.4387  66.6%     - 3102s
     0     0 38418.7406    0  336 115038.583 38418.7406  66.6%     - 3102s
     0     0 43315.9879    0  343 115038.583 43315.9879  62.3%     - 3110s
     0     0 44055.7386    0  363 115038.583 44055.7386  61.7%     - 3112s
     0     0 44145.1983    0  379 115038.583 44145.1983  61.6%     - 3113s
     0     0 44150.2730    0  381 115038.583 44150.2730  61.6%     - 3114s
     0     0 44152.3846    0  379 115038.583 44152.3846  61.6%     - 3114s
     0     0 47316.2641    0  378 115038.583 47316.2641  58.9%     - 3121s
     0     0 47595.4389    0  373 115038.583 47595.4389  58.6%     - 3175s
     0     0 47615.9685    0  387 115038.583 47615.9685  58.6%     - 3175s
     0     0 47616.3758    0  391 115038.583 47616.3758  58.6%     - 3176s
     0     0 48679.6460    0  401 115038.583 48679.6460  57.7%     - 3182s
     0     0 48809.2079    0  409 115038.583 48809.2079  57.6%     - 3184s
     0     0 48849.5461    0  408 115038.583 48849.5461  57.5%     - 3184s
     0     0 48878.4489    0  419 115038.583 48878.4489  57.5%     - 3185s
     0     0 48879.8210    0  419 115038.583 48879.8210  57.5%     - 3185s
     0     0 49368.5046    0  422 115038.583 49368.5046  57.1%     - 3190s
     0     0 49418.1920    0  422 115038.583 49418.1920  57.0%     - 3267s
     0     0 49424.7440    0  428 115038.583 49424.7440  57.0%     - 3270s
     0     0 49427.8072    0  423 115038.583 49427.8072  57.0%     - 3270s
     0     0 49625.5716    0  424 115038.583 49625.5716  56.9%     - 3272s
     0     0 49645.5610    0  418 115038.583 49645.5610  56.8%     - 3371s
     0     0 49648.8997    0  440 115038.583 49648.8997  56.8%     - 3381s
     0     0 49866.4150    0  418 115038.583 49866.4150  56.7%     - 3383s
     0     0 49889.9933    0  427 115038.583 49889.9933  56.6%     - 3425s
     0     0 49891.5404    0  424 115038.583 49891.5404  56.6%     - 3433s
     0     0 49961.6846    0  434 115038.583 49961.6846  56.6%     - 3435s
     0     0 49985.8632    0  430 115038.583 49985.8632  56.5%     - 3449s
     0     0 49989.4368    0  436 115038.583 49989.4368  56.5%     - 3459s
     0     0 50017.3897    0  449 115038.583 50017.3897  56.5%     - 3461s
     0     0 50020.0307    0  448 115038.583 50020.0307  56.5%     - 3544s
     0     0 50141.7925    0  446 115038.583 50141.7925  56.4%     - 3561s
     0     0 50143.5135    0  452 115038.583 50143.5135  56.4%     - 3562s
     0     0 50224.3411    0  449 115038.583 50224.3411  56.3%     - 3563s
     0     0 50233.7610    0  445 115038.583 50233.7610  56.3%     - 3598s

Cutting planes:
  Gomory: 3
  Cover: 43
  Implied bound: 4
  Clique: 133
  MIR: 38
  StrongCG: 5
  Flow cover: 5
  GUB cover: 64
  Zero half: 51
  RLT: 92
  Relax-and-lift: 33

Explored 1 nodes (22240 simplex iterations) in 3602.66 seconds (338.44 work units)
Thread count was 32 (of 64 available processors)

Solution count 10: 115039 115039 115039 ... 129766

Time limit reached
Best objective 1.150385830971e+05, best bound 5.023376104994e+04, gap 56.3331%
  Status : Time limit
  Runtime: 3603.0s
  UB     : 115,038.58 
  LB     : 50,233.76 
  Gap    : 56.33%

Group  Game                                     Day  Date         Stadium                        UTC
---------------------------------------------------------------------------------------------------------
A      Korea Republic vs Czechia                          1  2026-06-11   AT&T Stadium                   3
A      Mexico vs South Africa                     1  2026-06-11   Estadio Azteca                 6
A      Czechia vs South Africa                     2  2026-06-15   AT&T Stadium                   4
A      Mexico vs Korea Republic                   2  2026-06-16   Estadio Akron                  3
A      South Africa vs Korea Republic                   3  2026-06-20   Estadio Akron                  6
A      Czechia vs Mexico                           3  2026-06-20   Estadio BBVA                   6

B      Qatar vs Switzerland                      1  2026-06-17   SoFi Stadium                   2
B      Canada vs Bosnia and Herzegovina           1  2026-06-18   BC Place                       22
B      Canada vs Qatar                            2  2026-06-23   BC Place                       23
B      Switzerland vs Bosnia and Herzegovina           2  2026-06-23   SoFi Stadium                   1
B      Switzerland vs Canada                           3  2026-06-27   BMO Field                      2
B      Bosnia and Herzegovina vs Qatar                            3  2026-06-27   SoFi Stadium                   2

C      Haiti vs Scotland                         1  2026-06-11   Lincoln Financial Field        16
C      Brazil vs Morocco                          1  2026-06-11   MetLife Stadium                20
C      Scotland vs Morocco                          2  2026-06-17   Lincoln Financial Field        22
C      Brazil vs Haiti                            2  2026-06-18   MetLife Stadium                23
C      Morocco vs Haiti                            3  2026-06-24   Lincoln Financial Field        2
C      Scotland vs Brazil                           3  2026-06-24   Gillette Stadium               2

D      Australia vs Türkiye                          1  2026-06-14   Levi's Stadium                 6
D      USA vs Paraguay                         1  2026-06-14   SoFi Stadium                   3
D      Türkiye vs Paraguay                         2  2026-06-20   Levi's Stadium                 23
D      USA vs Australia                        2  2026-06-20   SoFi Stadium                   7
D      Paraguay vs Australia                        3  2026-06-24   Levi's Stadium                 4
D      Türkiye vs USA                              3  2026-06-24   AT&T Stadium                   4

E      Germany vs Curaçao                          1  2026-06-14   Hard Rock Stadium              2
E      Ivory Coast vs Ecuador                          1  2026-06-14   Lincoln Financial Field        23
E      Ecuador vs Curaçao                          2  2026-06-20   Hard Rock Stadium              2
E      Germany vs Ivory Coast                      2  2026-06-21   Lincoln Financial Field        1
E      Ecuador vs Germany                          3  2026-06-27   Mercedes-Benz Stadium          1
E      Curaçao vs Ivory Coast                      3  2026-06-27   MetLife Stadium                1

F      Netherlands vs Japan                            1  2026-06-17   Arrowhead Stadium              3
F      Sweden vs Tunisia                          1  2026-06-16   Estadio BBVA                   2
F      Netherlands vs Sweden                           2  2026-06-21   AT&T Stadium                   1
F      Tunisia vs Japan                            2  2026-06-21   NRG Stadium                    4
F      Japan vs Sweden                           3  2026-06-27   AT&T Stadium                   3
F      Tunisia vs Netherlands                      3  2026-06-27   Arrowhead Stadium              3

G      Belgium vs Egypt                            1  2026-06-12   Lumen Field                    3
G      Iran vs New Zealand                      1  2026-06-11   SoFi Stadium                   1
G      New Zealand vs Egypt                            2  2026-06-17   Levi's Stadium                 6
G      Belgium vs Iran                             2  2026-06-16   Lumen Field                    22
G      New Zealand vs Belgium                          3  2026-06-27   Levi's Stadium                 6
G      Egypt vs Iran                             3  2026-06-27   Lumen Field                    6

H      Spain vs Cape Verde                       1  2026-06-12   Mercedes-Benz Stadium          16
H      Saudi Arabia vs Uruguay                          1  2026-06-13   NRG Stadium                    1
H      Spain vs Saudi Arabia                     2  2026-06-18   AT&T Stadium                   4
H      Uruguay vs Cape Verde                       2  2026-06-17   Hard Rock Stadium              23
H      Cape Verde vs Saudi Arabia                     3  2026-06-27   NRG Stadium                    2
H      Uruguay vs Spain                            3  2026-06-27   Hard Rock Stadium              2

I      Iraq vs Norway                           1  2026-06-16   Mercedes-Benz Stadium          2
I      France vs Senegal                          1  2026-06-15   MetLife Stadium                20
I      Norway vs Senegal                          2  2026-06-21   MetLife Stadium                22
I      France vs Iraq                             2  2026-06-21   Gillette Stadium               0
I      Norway vs France                           3  2026-06-27   Gillette Stadium               2
I      Senegal vs Iraq                             3  2026-06-27   Lincoln Financial Field        2

J      Argentina vs Algeria                          1  2026-06-11   Arrowhead Stadium              1
J      Austria vs Jordan                           1  2026-06-11   Levi's Stadium                 4
J      Argentina vs Austria                          2  2026-06-20   Arrowhead Stadium              4
J      Jordan vs Algeria                          2  2026-06-20   Lumen Field                    22
J      Jordan vs Argentina                        3  2026-06-24   Lumen Field                    4
J      Algeria vs Austria                          3  2026-06-24   Arrowhead Stadium              4

K      Portugal vs DR Congo                         1  2026-06-11   Hard Rock Stadium              21
K      Uzbekistan vs Colombia                         1  2026-06-12   Estadio BBVA                   6
K      Portugal vs Uzbekistan                       2  2026-06-19   Mercedes-Benz Stadium          17
K      Colombia vs DR Congo                         2  2026-06-18   NRG Stadium                    4
K      DR Congo vs Uzbekistan                       3  2026-06-24   NRG Stadium                    2
K      Colombia vs Portugal                         3  2026-06-24   Hard Rock Stadium              2

L      England vs Croatia                          1  2026-06-14   Arrowhead Stadium              3
L      Ghana vs Panama                           1  2026-06-14   Gillette Stadium               23
L      England vs Ghana                            2  2026-06-18   Gillette Stadium               19
L      Panama vs Croatia                          2  2026-06-18   BMO Field                      16
L      Panama vs England                          3  2026-06-24   BMO Field                      22
L      Croatia vs Ghana                            3  2026-06-24   MetLife Stadium                22

Saved results/solution_seq_2-4-3-1-5.csv (72 games) and results/phase_report_seq_2-4-3-1-5.csv
