Running sequence 0 (for_the_fans): 5 1 2 3 4  multi_obj=false
/lustre06/project/6026976/juanse/fifa2026analysis/model.py:15: DtypeWarning: Columns (22) have mixed types. Specify dtype option on import or set low_memory=False.
  camp_raw     = pd.read_csv(camp_csv)[["camp_team", "stadium_name", "stad_camp_direct_distance_km"]]
Exported 2737 nodes to intermediate_nodes.csv

Teams             : 48
Games             : 72
Intermediate nodes: 2737  (from weather data)
src_cutoff        : 2026-06-19  (last_date - 8,  arc group 1)
sink_cutoff       : 2026-06-19  (first_date + 8, arc group 3)

Set parameter TokenServer to value "license1.computecanada.ca"
Set parameter TimeLimit to value 3600
Set parameter NoRelHeurTime to value 2400
Phase 1 (Obj 5) — Broadcast penalty:
Gurobi Optimizer version 12.0.0 build v12.0.0rc1 (linux64 - "AlmaLinux 9.7 (Moss Jungle Cat)")

CPU model: AMD EPYC 7532 32-Core Processor, instruction set [SSE2|AVX|AVX2]
Thread count: 64 physical cores, 64 logical processors, using up to 32 threads

Non-default parameters:
TimeLimit  3600
NoRelHeurTime  2400

Optimize a model with 57401 rows, 145934 columns and 4116400 nonzeros
Model fingerprint: 0x734761a2
Variable types: 21964 continuous, 123970 integer (123970 binary)
Coefficient statistics:
  Matrix range     [1e+00, 2e+01]
  Objective range  [2e+00, 6e+04]
  Bounds range     [1e+00, 1e+00]
  RHS range        [1e+00, 4e+00]
Presolve removed 25882 rows and 35892 columns (presolve time = 5s)...
Presolve removed 49559 rows and 67980 columns (presolve time = 10s)...
Presolve removed 49559 rows and 67980 columns (presolve time = 17s)...
Presolve removed 49204 rows and 67687 columns
Presolve time: 19.55s
Presolved: 8197 rows, 78247 columns, 899168 nonzeros
Variable types: 21260 continuous, 56987 integer (56915 binary)
Starting NoRel heuristic
Found phase-1 solution: relaxation 109
Found phase-1 solution: relaxation 103
Found phase-1 solution: relaxation 73
Found phase-1 solution: relaxation 72
Found phase-1 solution: relaxation 66
Found phase-1 solution: relaxation 61
Elapsed time for NoRel heuristic: 11s (best bound 4469.05)
Elapsed time for NoRel heuristic: 22s (best bound 4469.05)
Found phase-1 solution: relaxation 52
Found phase-1 solution: relaxation 45
Elapsed time for NoRel heuristic: 31s (best bound 4469.05)
Found phase-1 solution: relaxation 44
Found phase-1 solution: relaxation 43
Elapsed time for NoRel heuristic: 44s (best bound 4880.87)
Found phase-1 solution: relaxation 35
Found phase-1 solution: relaxation 28
Elapsed time for NoRel heuristic: 57s (best bound 4880.87)
Found phase-1 solution: relaxation 17
Found phase-1 solution: relaxation 6
Elapsed time for NoRel heuristic: 77s (best bound 4880.87)
Found phase-1 solution: relaxation 4
Found phase-1 solution: relaxation 2
Found phase-1 solution: relaxation 1
Elapsed time for NoRel heuristic: 100s (best bound 4880.87)
Found phase-1 solution: relaxation 0
Found heuristic solution: objective 215426.19030
Transition to phase 2
Elapsed time for NoRel heuristic: 122s (best bound 4880.87)
Found heuristic solution: objective 127707.72703
Found heuristic solution: objective 110870.87219
Found heuristic solution: objective 105424.40444
Found heuristic solution: objective 105316.56578
Found heuristic solution: objective 103118.25511
Found heuristic solution: objective 100255.32110
Found heuristic solution: objective 47905.399422
Found heuristic solution: objective 38487.952813
Elapsed time for NoRel heuristic: 132s (best bound 4880.87)
Found heuristic solution: objective 35794.749383
Found heuristic solution: objective 32888.651037
Found heuristic solution: objective 32487.236306
Found heuristic solution: objective 29584.895966
Elapsed time for NoRel heuristic: 138s (best bound 4880.87)
Found heuristic solution: objective 26512.336165
Found heuristic solution: objective 19284.455265
Elapsed time for NoRel heuristic: 149s (best bound 4880.87)
Found heuristic solution: objective 16967.141344
Found heuristic solution: objective 16269.560277
Found heuristic solution: objective 14239.950921
Elapsed time for NoRel heuristic: 158s (best bound 4880.87)
Found heuristic solution: objective 6862.3770640
Found heuristic solution: objective 6588.2830161
Elapsed time for NoRel heuristic: 174s (best bound 4880.87)
Found heuristic solution: objective 6290.4689294
Elapsed time for NoRel heuristic: 182s (best bound 4880.87)
Found heuristic solution: objective 5505.8249146
Elapsed time for NoRel heuristic: 192s (best bound 4880.87)
Elapsed time for NoRel heuristic: 203s (best bound 4880.87)
Elapsed time for NoRel heuristic: 216s (best bound 4880.87)
Elapsed time for NoRel heuristic: 226s (best bound 4880.87)
Elapsed time for NoRel heuristic: 268s (best bound 4880.87)
Elapsed time for NoRel heuristic: 295s (best bound 4880.87)
Elapsed time for NoRel heuristic: 337s (best bound 4880.87)
Elapsed time for NoRel heuristic: 370s (best bound 4880.87)
Elapsed time for NoRel heuristic: 419s (best bound 4880.87)
Elapsed time for NoRel heuristic: 477s (best bound 4880.87)
Found heuristic solution: objective 4880.8699078
Elapsed time for NoRel heuristic: 524s (best bound 4880.87)
NoRel heuristic complete

Explored 0 nodes (0 simplex iterations) in 545.31 seconds (36.00 work units)
Thread count was 32 (of 64 available processors)

Solution count 10: 4880.87 5505.82 6290.47 ... 26512.3

Optimal solution found (tolerance 1.00e-04)
Best objective 4.880869907773e+03, best bound 4.880869907773e+03, gap 0.0000%
  Status : Optimal
  Runtime: 545.6s
  UB     : 4,880.87 
  LB     : 4,880.87 
  Gap    : 0.00%

Phase 2 (Obj 1) — Stadium distances:
Gurobi Optimizer version 12.0.0 build v12.0.0rc1 (linux64 - "AlmaLinux 9.7 (Moss Jungle Cat)")

CPU model: AMD EPYC 7532 32-Core Processor, instruction set [SSE2|AVX|AVX2]
Thread count: 64 physical cores, 64 logical processors, using up to 32 threads

Non-default parameters:
TimeLimit  3600
NoRelHeurTime  2400

Optimize a model with 57402 rows, 145934 columns and 4196861 nonzeros
Model fingerprint: 0xbc14ef56
Variable types: 21964 continuous, 123970 integer (123970 binary)
Coefficient statistics:
  Matrix range     [1e+00, 6e+04]
  Objective range  [1e+02, 6e+03]
  Bounds range     [1e+00, 1e+00]
  RHS range        [1e+00, 5e+03]

MIP start from previous solve produced solution with objective 208475 (0.44s)
Loaded MIP start from previous solve with objective 208475

Presolve removed 53555 rows and 118823 columns (presolve time = 5s)...
Presolve removed 53555 rows and 118961 columns (presolve time = 10s)...
Presolve removed 53504 rows and 118913 columns
Presolve time: 14.65s
Presolved: 3898 rows, 27021 columns, 231736 nonzeros
Variable types: 13190 continuous, 13831 integer (13768 binary)
Starting NoRel heuristic
Found phase-1 solution: relaxation 300
Found phase-1 solution: relaxation 290
Found phase-1 solution: relaxation 279
Found phase-1 solution: relaxation 270
Found phase-1 solution: relaxation 266
Found phase-1 solution: relaxation 265
Found phase-1 solution: relaxation 162
Found phase-1 solution: relaxation 117
Elapsed time for NoRel heuristic: 19s (best bound 23667.5)
Found phase-1 solution: relaxation 76
Found phase-1 solution: relaxation 75
Found phase-1 solution: relaxation 71
Found phase-1 solution: relaxation 70
Found phase-1 solution: relaxation 68
Found phase-1 solution: relaxation 50
Found phase-1 solution: relaxation 33
Found phase-1 solution: relaxation 14
Found heuristic solution: objective 204746.26322
Transition to phase 2
Elapsed time for NoRel heuristic: 35s (best bound 23667.5)
Found heuristic solution: objective 201336.56704
Found heuristic solution: objective 195565.48817
Found heuristic solution: objective 192932.76243
Found heuristic solution: objective 192920.13465
Found heuristic solution: objective 192285.75863
Found heuristic solution: objective 186796.70987
Found heuristic solution: objective 184168.30658
Found heuristic solution: objective 174512.89706
Found heuristic solution: objective 158225.22118
Found heuristic solution: objective 156488.22658
Found heuristic solution: objective 152399.73393
Elapsed time for NoRel heuristic: 41s (best bound 23667.5)
Found heuristic solution: objective 150328.16266
Found heuristic solution: objective 148799.05050
Found heuristic solution: objective 145310.26541
Found heuristic solution: objective 140573.24253
Found heuristic solution: objective 136557.86149
Found heuristic solution: objective 133370.71536
Found heuristic solution: objective 132190.61649
Found heuristic solution: objective 125354.14864
Found heuristic solution: objective 117241.51656
Found heuristic solution: objective 110605.01088
Elapsed time for NoRel heuristic: 47s (best bound 23667.5)
Found heuristic solution: objective 105426.05931
Found heuristic solution: objective 101134.72103
Found heuristic solution: objective 100113.85373
Found heuristic solution: objective 92732.414536
Found heuristic solution: objective 90998.908056
Found heuristic solution: objective 90934.506989
Elapsed time for NoRel heuristic: 54s (best bound 23667.5)
Found heuristic solution: objective 90867.708140
Found heuristic solution: objective 89700.499285
Found heuristic solution: objective 89226.293585
Found heuristic solution: objective 88928.438916
Found heuristic solution: objective 87979.383527
Found heuristic solution: objective 86140.808397
Elapsed time for NoRel heuristic: 62s (best bound 23667.5)
Found heuristic solution: objective 82811.605103
Found heuristic solution: objective 82713.430287
Elapsed time for NoRel heuristic: 70s (best bound 23667.5)
Found heuristic solution: objective 79221.526221
Elapsed time for NoRel heuristic: 79s (best bound 23667.5)
Found heuristic solution: objective 77727.418008
Found heuristic solution: objective 76581.176395
Elapsed time for NoRel heuristic: 87s (best bound 23667.5)
Found heuristic solution: objective 74986.510907
Elapsed time for NoRel heuristic: 96s (best bound 23667.5)
Found heuristic solution: objective 72314.306720
Found heuristic solution: objective 71646.496222
Elapsed time for NoRel heuristic: 104s (best bound 23667.5)
Found heuristic solution: objective 71122.040576
Found heuristic solution: objective 67128.397825
Elapsed time for NoRel heuristic: 113s (best bound 23667.5)
Found heuristic solution: objective 64687.232032
Found heuristic solution: objective 64574.453423
Found heuristic solution: objective 60691.411388
Elapsed time for NoRel heuristic: 121s (best bound 23667.5)
Found heuristic solution: objective 57986.082827
Elapsed time for NoRel heuristic: 131s (best bound 23667.5)
Found heuristic solution: objective 57589.737007
Found heuristic solution: objective 57194.370993
Found heuristic solution: objective 57096.937152
Found heuristic solution: objective 55970.954827
Elapsed time for NoRel heuristic: 138s (best bound 23667.5)
Found heuristic solution: objective 55419.620307
Elapsed time for NoRel heuristic: 148s (best bound 23667.5)
Found heuristic solution: objective 55414.969605
Found heuristic solution: objective 55401.597934
Found heuristic solution: objective 54841.841018
Found heuristic solution: objective 53353.750974
Found heuristic solution: objective 53157.080731
Elapsed time for NoRel heuristic: 161s (best bound 23667.5)
Found heuristic solution: objective 53139.058358
Found heuristic solution: objective 52809.736191
Elapsed time for NoRel heuristic: 172s (best bound 23667.5)
Found heuristic solution: objective 52791.713818
Found heuristic solution: objective 51819.186205
Elapsed time for NoRel heuristic: 185s (best bound 23667.5)
Found heuristic solution: objective 51683.153052
Found heuristic solution: objective 50630.122016
Elapsed time for NoRel heuristic: 196s (best bound 23667.5)
Elapsed time for NoRel heuristic: 207s (best bound 23667.5)
Found heuristic solution: objective 50623.673099
Elapsed time for NoRel heuristic: 224s (best bound 23667.5)
Elapsed time for NoRel heuristic: 242s (best bound 23667.5)
Elapsed time for NoRel heuristic: 259s (best bound 23667.5)
Elapsed time for NoRel heuristic: 282s (best bound 23667.5)
Found heuristic solution: objective 50623.671988
Elapsed time for NoRel heuristic: 347s (best bound 23667.5)
Found heuristic solution: objective 50623.671324
Elapsed time for NoRel heuristic: 369s (best bound 23667.5)
Found heuristic solution: objective 50623.670981
Elapsed time for NoRel heuristic: 397s (best bound 23667.5)
Elapsed time for NoRel heuristic: 426s (best bound 23667.5)
Found heuristic solution: objective 50623.670269
Elapsed time for NoRel heuristic: 456s (best bound 23667.5)
Elapsed time for NoRel heuristic: 488s (best bound 23667.5)
Found heuristic solution: objective 49880.232699
Elapsed time for NoRel heuristic: 521s (best bound 23667.5)
Found heuristic solution: objective 49880.232021
Elapsed time for NoRel heuristic: 546s (best bound 23667.5)
Found heuristic solution: objective 49880.231648
Elapsed time for NoRel heuristic: 582s (best bound 23667.5)
Found heuristic solution: objective 49880.231414
Found heuristic solution: objective 49880.230717
Elapsed time for NoRel heuristic: 612s (best bound 23667.5)
Elapsed time for NoRel heuristic: 653s (best bound 23667.5)
Elapsed time for NoRel heuristic: 700s (best bound 23667.5)
Elapsed time for NoRel heuristic: 745s (best bound 23667.5)
Elapsed time for NoRel heuristic: 901s (best bound 23667.5)
Found heuristic solution: objective 49880.229883
Elapsed time for NoRel heuristic: 1054s (best bound 23667.5)
Found heuristic solution: objective 49880.229836
Elapsed time for NoRel heuristic: 1111s (best bound 23667.5)
Found heuristic solution: objective 49880.229323
Elapsed time for NoRel heuristic: 1181s (best bound 23667.5)
Elapsed time for NoRel heuristic: 1262s (best bound 23667.5)
Elapsed time for NoRel heuristic: 1339s (best bound 23667.5)
Elapsed time for NoRel heuristic: 1419s (best bound 23667.5)
Found heuristic solution: objective 49880.229044
Found heuristic solution: objective 49880.229039
Elapsed time for NoRel heuristic: 1661s (best bound 23667.5)
Elapsed time for NoRel heuristic: 1745s (best bound 23667.5)
Elapsed time for NoRel heuristic: 1854s (best bound 23667.5)
Elapsed time for NoRel heuristic: 1969s (best bound 23667.5)
Found heuristic solution: objective 49880.228946
Found heuristic solution: objective 49880.225763
Elapsed time for NoRel heuristic: 2353s (best bound 23667.5)
Elapsed time for NoRel heuristic: 2413s (best bound 23667.5)
NoRel heuristic complete
Deterministic concurrent LP optimizer: primal and dual simplex
Showing primal log only...


Root simplex log...

Iteration    Objective       Primal Inf.    Dual Inf.      Time
       0    1.4047760e+05   1.597500e+02   2.905556e+10   2429s
    4865    1.7722217e+05   3.704518e+00   7.854080e+09   2430s
Concurrent spin time: 0.36s (can be avoided by choosing Method=3)

Solved with dual simplex

Root simplex log...

Iteration    Objective       Primal Inf.    Dual Inf.      Time
    1891    2.3667479e+04   0.000000e+00   0.000000e+00   2431s

Root relaxation: objective 2.366748e+04, 1891 iterations, 2.39 seconds (0.71 work units)
Total elapsed time = 2436.06s (DegenMoves)

    Nodes    |    Current Node    |     Objective Bounds      |     Work
 Expl Unexpl |  Obj  Depth IntInf | Incumbent    BestBd   Gap | It/Node Time

     0     0 23667.4794    0  330 49880.2258 23667.4794  52.6%     - 2438s
     0     0 23667.4794    0  555 49880.2258 23667.4794  52.6%     - 2443s
     0     0 23667.4794    0  517 49880.2258 23667.4794  52.6%     - 2447s
     0     0 23667.4794    0  275 49880.2258 23667.4794  52.6%     - 2490s
     0     0 23667.4794    0  443 49880.2258 23667.4794  52.6%     - 2492s
     0     0 23667.4794    0  262 49880.2258 23667.4794  52.6%     - 2517s
     0     0 23682.0407    0  426 49880.2258 23682.0407  52.5%     - 2519s
     0     0 23683.2446    0  359 49880.2258 23683.2446  52.5%     - 2519s
     0     0 23683.4968    0  371 49880.2258 23683.4968  52.5%     - 2519s
     0     0 23683.8715    0  371 49880.2258 23683.8715  52.5%     - 2519s
     0     0 23800.9578    0  275 49880.2258 23800.9578  52.3%     - 2546s
     0     0 23800.9578    0  324 49880.2258 23800.9578  52.3%     - 2553s
     0     0 23800.9578    0  580 49880.2258 23800.9578  52.3%     - 2568s
     0     0 23800.9578    0  603 49880.2258 23800.9578  52.3%     - 2577s
     0     0 23800.9578    0  251 49880.2258 23800.9578  52.3%     - 2609s
     0     0 23800.9578    0  370 49880.2258 23800.9578  52.3%     - 2656s
     0     0 23800.9578    0  341 49880.2258 23800.9578  52.3%     - 2687s
     0     0 23800.9578    0  273 49880.2258 23800.9578  52.3%     - 2691s
     0     2 23851.6100    0  273 49880.2258 23851.6100  52.2%     - 2714s
     1     4 23851.6100    1  434 49880.2258 23851.6100  52.2% 12800 2728s
     3     8 23851.6100    2  623 49880.2258 23851.6100  52.2%  4712 2742s
     7    16 23851.6100    3  604 49880.2258 23851.6100  52.2%  2306 2760s
    15    28 23851.6100    4  571 49880.2258 23851.6100  52.2%  1348 2776s
    31    54 23851.6100    5  583 49880.2258 23851.6100  52.2%   939 2792s
    59    86 23851.6100    6  609 49880.2258 23851.6100  52.2%   668 2817s
    91   118 23851.6100    7  591 49880.2258 23851.6100  52.2%   638 2853s
   123   150 23851.6100    8  595 49880.2258 23851.6100  52.2%   549 2910s
   155   182 23851.6100    9  555 49880.2258 23851.6100  52.2%   463 2955s
   187   214 23851.6100   10  303 49880.2258 23851.6100  52.2%   615 3011s
   219   246 23851.6100   11  447 49880.2258 23851.6100  52.2%   823 3045s
   251   276 24150.0421   11  543 49880.2258 23851.6100  52.2%   754 3085s
   285   311 24150.0421   12  473 49880.2258 23851.6100  52.2%   686 3123s
   320   347 23934.4362   12  500 49880.2258 23851.6100  52.2%   641 3152s
   356   378 23934.4362   13  449 49880.2258 23851.6100  52.2%   600 3192s
   388   408 24078.1735   13  554 49880.2258 23851.6100  52.2%   573 3232s
   420   440 23934.4362   14  437 49880.2258 23851.6100  52.2%   549 3262s
   452   471 23934.4362   15  461 49880.2258 23851.6100  52.2%   525 3289s
   484   503 23934.4362   16  455 49880.2258 23851.6100  52.2%   508 3331s
   516   534 23934.4362   17  458 49880.2258 23851.6100  52.2%   490 3364s
   521   534 25103.4441   15  507 49880.2258 23851.6100  52.2%   487 3365s
   548   567 23934.4362   18  423 49880.2258 23851.6100  52.2%   475 3401s
   581   603 23934.4362   19  489 49880.2258 23851.6100  52.2%   456 3432s
   617   639 23934.4362   20  463 49880.2258 23851.6100  52.2%   437 3461s
   653   673 23934.4362   21  512 49880.2258 23851.6100  52.2%   422 3493s
   687   708 23934.4362   22  488 49880.2258 23851.6100  52.2%   414 3528s
   722   744 24150.0421   22  519 49880.2258 23851.6100  52.2%   405 3562s
   758   778 23934.4362   23  473 49880.2258 23851.6100  52.2%   396 3597s
   792   795 24150.0421   35  499 49880.2258 23851.6100  52.2%   390 3600s

Cutting planes:
  Gomory: 5
  Cover: 95
  Implied bound: 2
  Clique: 49
  MIR: 41
  StrongCG: 4
  Flow cover: 1
  GUB cover: 119
  Zero half: 23
  Mod-K: 3
  RLT: 173
  Relax-and-lift: 6

Explored 809 nodes (564939 simplex iterations) in 3601.60 seconds (202.87 work units)
Thread count was 32 (of 64 available processors)

Solution count 10: 49880.2 49880.2 49880.2 ... 49880.2

Time limit reached
Best objective 4.988022576331e+04, best bound 2.385160999155e+04, gap 52.1822%
  Status : Time limit
  Runtime: 3601.8s
  UB     : 49,880.23 km
  LB     : 23,851.61 km
  Gap    : 52.18%

Phase 3 (Obj 2) — Camp distances:
Gurobi Optimizer version 12.0.0 build v12.0.0rc1 (linux64 - "AlmaLinux 9.7 (Moss Jungle Cat)")

CPU model: AMD EPYC 7532 32-Core Processor, instruction set [SSE2|AVX|AVX2]
Thread count: 64 physical cores, 64 logical processors, using up to 32 threads

Non-default parameters:
TimeLimit  3600
NoRelHeurTime  2400

Optimize a model with 57403 rows, 145934 columns and 4216777 nonzeros
Model fingerprint: 0x66c8dff9
Variable types: 21964 continuous, 123970 integer (123970 binary)
Coefficient statistics:
  Matrix range     [1e+00, 6e+04]
  Objective range  [3e+00, 9e+03]
  Bounds range     [1e+00, 1e+00]
  RHS range        [1e+00, 5e+04]

MIP start from previous solve produced solution with objective 531754 (0.45s)
Loaded MIP start from previous solve with objective 531754

Presolve removed 50278 rows and 113117 columns (presolve time = 5s)...
Presolve removed 52354 rows and 118509 columns (presolve time = 11s)...
Presolve removed 52362 rows and 118509 columns (presolve time = 15s)...
Presolve removed 52370 rows and 118526 columns (presolve time = 20s)...
Presolve removed 52306 rows and 118461 columns
Presolve time: 21.35s
Presolved: 5097 rows, 27473 columns, 410982 nonzeros
Variable types: 13226 continuous, 14247 integer (14182 binary)
Starting NoRel heuristic
Found phase-1 solution: relaxation 284
Found phase-1 solution: relaxation 283
Found phase-1 solution: relaxation 271
Found phase-1 solution: relaxation 244
Found phase-1 solution: relaxation 154
Found phase-1 solution: relaxation 117
Found phase-1 solution: relaxation 112
Found phase-1 solution: relaxation 109
Found phase-1 solution: relaxation 105
Found phase-1 solution: relaxation 101
Found phase-1 solution: relaxation 91
Elapsed time for NoRel heuristic: 5s (best bound 195694)
Found phase-1 solution: relaxation 84
Found phase-1 solution: relaxation 81
Found phase-1 solution: relaxation 73
Found phase-1 solution: relaxation 69
Found phase-1 solution: relaxation 63
Found phase-1 solution: relaxation 58
Found phase-1 solution: relaxation 53
Found phase-1 solution: relaxation 49
Elapsed time for NoRel heuristic: 15s (best bound 196809)
Found phase-1 solution: relaxation 16
Found phase-1 solution: relaxation 3
Elapsed time for NoRel heuristic: 23s (best bound 205801)
Found phase-1 solution: relaxation 2
Found phase-1 solution: relaxation 0
Transition to phase 2
Elapsed time for NoRel heuristic: 36s (best bound 210233)
Elapsed time for NoRel heuristic: 46s (best bound 211143)
Found heuristic solution: objective 531674.37376
Found heuristic solution: objective 530309.66906
Elapsed time for NoRel heuristic: 57s (best bound 211705)
Elapsed time for NoRel heuristic: 62s (best bound 211705)
Found heuristic solution: objective 528798.66266
Elapsed time for NoRel heuristic: 68s (best bound 211705)
Elapsed time for NoRel heuristic: 76s (best bound 211705)
Elapsed time for NoRel heuristic: 81s (best bound 211705)
Found heuristic solution: objective 528493.41199
Found heuristic solution: objective 528455.91457
Elapsed time for NoRel heuristic: 88s (best bound 211705)
Found heuristic solution: objective 528150.66390
Elapsed time for NoRel heuristic: 94s (best bound 211705)
Elapsed time for NoRel heuristic: 102s (best bound 211705)
Elapsed time for NoRel heuristic: 108s (best bound 211705)
Found heuristic solution: objective 527913.48795
Elapsed time for NoRel heuristic: 121s (best bound 211705)
Found heuristic solution: objective 527808.15064
Elapsed time for NoRel heuristic: 132s (best bound 211705)
Found heuristic solution: objective 527083.20373
Elapsed time for NoRel heuristic: 144s (best bound 211705)
Found heuristic solution: objective 526740.69047
Elapsed time for NoRel heuristic: 155s (best bound 211705)
Elapsed time for NoRel heuristic: 173s (best bound 211705)
Elapsed time for NoRel heuristic: 182s (best bound 211705)
Found heuristic solution: objective 522461.48061
Elapsed time for NoRel heuristic: 197s (best bound 211705)
Found heuristic solution: objective 522441.90333
Found heuristic solution: objective 521143.65927
Elapsed time for NoRel heuristic: 215s (best bound 211705)
Found heuristic solution: objective 519243.04031
Elapsed time for NoRel heuristic: 233s (best bound 211705)
Found heuristic solution: objective 519243.03794
Found heuristic solution: objective 519243.03172
Found heuristic solution: objective 519243.03129
Elapsed time for NoRel heuristic: 248s (best bound 211705)
Elapsed time for NoRel heuristic: 262s (best bound 211705)
Found heuristic solution: objective 518722.95595
Found heuristic solution: objective 518299.06526
Elapsed time for NoRel heuristic: 284s (best bound 211705)
Found heuristic solution: objective 517778.98129
Found heuristic solution: objective 517778.97673
Elapsed time for NoRel heuristic: 312s (best bound 211705)
Found heuristic solution: objective 517778.97648
Found heuristic solution: objective 517778.97611
Elapsed time for NoRel heuristic: 327s (best bound 211705)
Elapsed time for NoRel heuristic: 352s (best bound 211705)
Found heuristic solution: objective 517778.97562
Found heuristic solution: objective 517778.97212
Found heuristic solution: objective 517183.02493
Elapsed time for NoRel heuristic: 366s (best bound 211705)
Found heuristic solution: objective 517183.02482
Found heuristic solution: objective 517183.02380
Found heuristic solution: objective 517183.02198
Elapsed time for NoRel heuristic: 403s (best bound 211705)
Found heuristic solution: objective 517183.02103
Elapsed time for NoRel heuristic: 424s (best bound 211705)
Elapsed time for NoRel heuristic: 459s (best bound 211705)
Elapsed time for NoRel heuristic: 480s (best bound 211705)
Elapsed time for NoRel heuristic: 525s (best bound 211705)
Found heuristic solution: objective 517183.01924
Elapsed time for NoRel heuristic: 638s (best bound 211705)
Elapsed time for NoRel heuristic: 672s (best bound 211705)
Elapsed time for NoRel heuristic: 714s (best bound 211705)
Elapsed time for NoRel heuristic: 749s (best bound 211705)
Found heuristic solution: objective 517183.01899
Elapsed time for NoRel heuristic: 801s (best bound 211705)
Found heuristic solution: objective 517183.01332
Elapsed time for NoRel heuristic: 841s (best bound 211705)
Found heuristic solution: objective 517183.01260
Elapsed time for NoRel heuristic: 896s (best bound 211892)
Found heuristic solution: objective 517183.01231
Found heuristic solution: objective 517183.01073
Found heuristic solution: objective 515663.50819
Elapsed time for NoRel heuristic: 960s (best bound 211892)
Found heuristic solution: objective 514591.73373
Found heuristic solution: objective 514235.10098
Elapsed time for NoRel heuristic: 1028s (best bound 211892)
Found heuristic solution: objective 513305.81276
Found heuristic solution: objective 513163.32652
Elapsed time for NoRel heuristic: 1086s (best bound 212125)
Found heuristic solution: objective 512902.13854
Elapsed time for NoRel heuristic: 1155s (best bound 212125)
Elapsed time for NoRel heuristic: 1225s (best bound 212125)
Elapsed time for NoRel heuristic: 1295s (best bound 212125)
Elapsed time for NoRel heuristic: 1384s (best bound 212125)
Found heuristic solution: objective 512902.13837
Found heuristic solution: objective 512902.13776
Found heuristic solution: objective 512902.13656
Found heuristic solution: objective 512902.13328
Found heuristic solution: objective 512530.71375
Elapsed time for NoRel heuristic: 1617s (best bound 212125)
Elapsed time for NoRel heuristic: 1695s (best bound 212125)
Found heuristic solution: objective 512530.71281
Elapsed time for NoRel heuristic: 1795s (best bound 212125)
Found heuristic solution: objective 512530.70670
Found heuristic solution: objective 512530.70632
Elapsed time for NoRel heuristic: 1871s (best bound 212125)
Elapsed time for NoRel heuristic: 1984s (best bound 212125)
Elapsed time for NoRel heuristic: 2093s (best bound 212125)
Found heuristic solution: objective 512530.70546
Found heuristic solution: objective 512530.70496
Elapsed time for NoRel heuristic: 2191s (best bound 212125)
Elapsed time for NoRel heuristic: 2306s (best bound 212125)
Found heuristic solution: objective 512530.70448
Elapsed time for NoRel heuristic: 2430s (best bound 212125)
NoRel heuristic complete
Deterministic concurrent LP optimizer: primal and dual simplex
Showing primal log only...


Root simplex log...

Iteration    Objective       Primal Inf.    Dual Inf.      Time
       0    3.7127383e+05   4.611050e+02   6.942105e+10   2453s
    3925    4.1602945e+05   0.000000e+00   9.996652e+08   2455s
Concurrent spin time: 0.91s (can be avoided by choosing Method=3)

Solved with dual simplex

Root simplex log...

Iteration    Objective       Primal Inf.    Dual Inf.      Time
    7260    2.1212525e+05   0.000000e+00   0.000000e+00   2457s

Root relaxation: objective 2.121253e+05, 7260 iterations, 5.01 seconds (1.81 work units)

    Nodes    |    Current Node    |     Objective Bounds      |     Work
 Expl Unexpl |  Obj  Depth IntInf | Incumbent    BestBd   Gap | It/Node Time

     0     0 212125.253    0  377 512530.704 212125.253  58.6%     - 2459s
     0     0 214893.740    0  444 512530.704 214893.740  58.1%     - 2496s
     0     0 215076.881    0  426 512530.704 215076.881  58.0%     - 2533s
     0     0 215076.881    0  427 512530.704 215076.881  58.0%     - 2533s
     0     0 217045.084    0  456 512530.704 217045.084  57.7%     - 2538s
     0     0 217173.547    0  456 512530.704 217173.547  57.6%     - 2540s
     0     0 217176.483    0  415 512530.704 217176.483  57.6%     - 2540s
     0     0 217176.483    0  413 512530.704 217176.483  57.6%     - 2540s
     0     0 219909.739    0  418 512530.704 219909.739  57.1%     - 2546s
     0     0 219930.632    0  438 512530.704 219930.632  57.1%     - 2563s
     0     0 219930.632    0  418 512530.704 219930.632  57.1%     - 2569s
     0     0 220122.192    0  440 512530.704 220122.192  57.1%     - 2574s
     0     0 220134.068    0  426 512530.704 220134.068  57.0%     - 2584s
     0     0 220134.068    0  426 512530.704 220134.068  57.0%     - 2589s
     0     0 220244.039    0  453 512530.704 220244.039  57.0%     - 2600s
     0     0 220244.758    0  450 512530.704 220244.758  57.0%     - 2612s
     0     0 220832.737    0  490 512530.704 220832.737  56.9%     - 2628s
     0     0 220949.819    0  450 512530.704 220949.819  56.9%     - 2653s
     0     0 220949.819    0  461 512530.704 220949.819  56.9%     - 2662s
     0     0 221066.762    0  455 512530.704 221066.762  56.9%     - 2664s
     0     0 221116.044    0  448 512530.704 221116.044  56.9%     - 2683s
     0     0 221116.044    0  434 512530.704 221116.044  56.9%     - 2687s
     0     0 221116.044    0  434 512530.704 221116.044  56.9%     - 2690s
     0     0 221185.748    0  442 512530.704 221185.748  56.8%     - 2696s
     0     0 221215.988    0  429 512530.704 221215.988  56.8%     - 2697s
     0     0 221220.190    0  427 512530.704 221220.190  56.8%     - 2698s
     0     0 221220.190    0  425 512530.704 221220.190  56.8%     - 2698s
     0     0 221416.083    0  452 512530.704 221416.083  56.8%     - 2700s
     0     0 221417.565    0  469 512530.704 221417.565  56.8%     - 2718s
     0     0 221467.294    0  472 512530.704 221467.294  56.8%     - 2731s
     0     0 221467.519    0  462 512530.704 221467.519  56.8%     - 2747s
     0     0 221467.987    0  495 512530.704 221467.987  56.8%     - 2759s
H    0     0                    512530.70408 221467.987  56.8%     - 2778s
     0     0 221468.636    0  490 512530.704 221468.636  56.8%     - 2798s
     0     0 221469.468    0  492 512530.704 221469.468  56.8%     - 2801s
     0     0 221469.468    0  428 512530.704 221469.468  56.8%     - 2804s
H    0     0                    512530.70298 221469.595  56.8%     - 2967s
     0     2 221469.595    0  428 512530.703 221469.595  56.8%     - 3054s
     1     4 221573.881    1  386 512530.703 221484.708  56.8%  6533 3061s
     3     8 221580.399    2  417 512530.703 221573.881  56.8%  2543 3081s
     7    16 222069.706    3  441 512530.703 221580.594  56.8%  2014 3101s
    15    32 222547.103    4  488 512530.703 221699.015  56.7%  1740 3129s
    31    64 223620.055    5  477 512530.703 221724.545  56.7%  1635 3174s
    63    96 224773.235    6  482 512530.703 221762.247  56.7%  1389 3215s
    95   128 224773.235    7  480 512530.703 221762.247  56.7%  1222 3267s
   127   167 224773.235    8  477 512530.703 221762.247  56.7%  1059 3334s
   166   217 225198.017    8  467 512530.703 221762.247  56.7%  1020 3381s
   216   250 224811.753    9  478 512530.703 221762.247  56.7%   982 3418s
   249   288 224870.192    9  456 512530.703 221762.247  56.7%   952 3466s
   287   339 224920.965   10  464 512530.703 221762.247  56.7%   946 3512s
   338   397 224892.061   10  474 512530.703 221762.247  56.7%   937 3541s
   396   428 224933.543   11  467 512530.703 221762.247  56.7%   898 3574s
   429   463 225821.310   11  461 512530.703 221762.247  56.7%   889 3600s

Cutting planes:
  Learned: 2
  Gomory: 17
  Cover: 245
  Implied bound: 73
  Clique: 131
  MIR: 166
  StrongCG: 13
  Flow cover: 27
  GUB cover: 208
  Zero half: 43
  Mod-K: 1
  Network: 2
  RLT: 374
  Relax-and-lift: 62

Explored 464 nodes (456041 simplex iterations) in 3601.52 seconds (185.25 work units)
Thread count was 32 (of 64 available processors)

Solution count 10: 512531 512531 512531 ... 512902

Time limit reached
Best objective 5.125307029775e+05, best bound 2.217622469233e+05, gap 56.7319%
  Status : Time limit
  Runtime: 3601.8s
  UB     : 512,530.70 km
  LB     : 221,762.25 km
  Gap    : 56.73%

Phase 4 (Obj 3) — Temperature shock:
Gurobi Optimizer version 12.0.0 build v12.0.0rc1 (linux64 - "AlmaLinux 9.7 (Moss Jungle Cat)")

CPU model: AMD EPYC 7532 32-Core Processor, instruction set [SSE2|AVX|AVX2]
Thread count: 64 physical cores, 64 logical processors, using up to 32 threads

Non-default parameters:
TimeLimit  3600
NoRelHeurTime  2400

Optimize a model with 57404 rows, 145934 columns and 4238741 nonzeros
Model fingerprint: 0x3381b3f8
Variable types: 21964 continuous, 123970 integer (123970 binary)
Coefficient statistics:
  Matrix range     [1e+00, 6e+04]
  Objective range  [2e-02, 5e+01]
  Bounds range     [1e+00, 1e+00]
  RHS range        [1e+00, 5e+05]

MIP start from previous solve produced solution with objective 1074.24 (0.42s)
Loaded MIP start from previous solve with objective 1074.24

Presolve removed 49369 rows and 113680 columns (presolve time = 5s)...
Presolve removed 50402 rows and 113745 columns (presolve time = 10s)...
Presolve removed 50402 rows and 113931 columns (presolve time = 15s)...
Presolve removed 50427 rows and 113931 columns (presolve time = 20s)...
Presolve removed 50490 rows and 113932 columns (presolve time = 25s)...
Presolve removed 50422 rows and 113864 columns
Presolve time: 25.77s
Presolved: 6982 rows, 32070 columns, 652790 nonzeros
Variable types: 13226 continuous, 18844 integer (18778 binary)
Starting NoRel heuristic
Found phase-1 solution: relaxation 287
Found phase-1 solution: relaxation 274
Found phase-1 solution: relaxation 174
Found phase-1 solution: relaxation 172
Found phase-1 solution: relaxation 143
Found phase-1 solution: relaxation 140
Found phase-1 solution: relaxation 117
Found phase-1 solution: relaxation 107
Found phase-1 solution: relaxation 103
Found phase-1 solution: relaxation 87
Found phase-1 solution: relaxation 83
Elapsed time for NoRel heuristic: 7s (best bound 423.699)
Found phase-1 solution: relaxation 72
Found phase-1 solution: relaxation 68
Found phase-1 solution: relaxation 53
Found phase-1 solution: relaxation 52
Found phase-1 solution: relaxation 49
Elapsed time for NoRel heuristic: 18s (best bound 434.482)
Found phase-1 solution: relaxation 29
Found phase-1 solution: relaxation 9
Elapsed time for NoRel heuristic: 33s (best bound 434.859)
Found phase-1 solution: relaxation 8
Elapsed time for NoRel heuristic: 47s (best bound 440.581)
Found phase-1 solution: relaxation 0
Found heuristic solution: objective 1047.5300439
Transition to phase 2
Elapsed time for NoRel heuristic: 64s (best bound 445.213)
Found heuristic solution: objective 1013.1220615
Found heuristic solution: objective 1008.4167106
Found heuristic solution: objective 1003.5100439
Found heuristic solution: objective 1002.2033773
Found heuristic solution: objective 997.9367106
Found heuristic solution: objective 997.3233772
Found heuristic solution: objective 993.9900439
Found heuristic solution: objective 990.0433772
Found heuristic solution: objective 985.2433772
Elapsed time for NoRel heuristic: 76s (best bound 445.213)
Found heuristic solution: objective 981.9100439
Found heuristic solution: objective 965.7633772
Found heuristic solution: objective 961.7850439
Found heuristic solution: objective 956.7970614
Elapsed time for NoRel heuristic: 82s (best bound 445.213)
Found heuristic solution: objective 956.1837281
Found heuristic solution: objective 955.6850439
Elapsed time for NoRel heuristic: 90s (best bound 445.213)
Found heuristic solution: objective 954.5250439
Found heuristic solution: objective 946.9783772
Found heuristic solution: objective 946.4850439
Elapsed time for NoRel heuristic: 100s (best bound 445.213)
Found heuristic solution: objective 946.4317105
Found heuristic solution: objective 945.4983772
Found heuristic solution: objective 941.7783772
Elapsed time for NoRel heuristic: 109s (best bound 445.213)
Found heuristic solution: objective 934.2717105
Found heuristic solution: objective 933.0103948
Elapsed time for NoRel heuristic: 119s (best bound 445.213)
Found heuristic solution: objective 932.4503948
Found heuristic solution: objective 931.4503948
Elapsed time for NoRel heuristic: 131s (best bound 445.213)
Found heuristic solution: objective 930.8903948
Elapsed time for NoRel heuristic: 143s (best bound 445.213)
Found heuristic solution: objective 930.3605702
Elapsed time for NoRel heuristic: 154s (best bound 445.213)
Elapsed time for NoRel heuristic: 168s (best bound 445.213)
Found heuristic solution: objective 929.9205702
Found heuristic solution: objective 923.8413597
Elapsed time for NoRel heuristic: 179s (best bound 445.213)
Found heuristic solution: objective 923.4013597
Elapsed time for NoRel heuristic: 192s (best bound 445.213)
Found heuristic solution: objective 923.4013592
Elapsed time for NoRel heuristic: 205s (best bound 445.213)
Found heuristic solution: objective 923.4013457
Elapsed time for NoRel heuristic: 221s (best bound 445.213)
Elapsed time for NoRel heuristic: 232s (best bound 445.213)
Elapsed time for NoRel heuristic: 247s (best bound 445.213)
Elapsed time for NoRel heuristic: 266s (best bound 445.213)
Elapsed time for NoRel heuristic: 305s (best bound 445.213)
Elapsed time for NoRel heuristic: 350s (best bound 445.213)
Elapsed time for NoRel heuristic: 427s (best bound 445.213)
Elapsed time for NoRel heuristic: 498s (best bound 445.213)
Elapsed time for NoRel heuristic: 557s (best bound 445.213)
Elapsed time for NoRel heuristic: 656s (best bound 445.213)
Found heuristic solution: objective 923.1880268
Elapsed time for NoRel heuristic: 775s (best bound 449.548)
Found heuristic solution: objective 923.1880250
Elapsed time for NoRel heuristic: 818s (best bound 449.548)
Found heuristic solution: objective 922.3346917
Elapsed time for NoRel heuristic: 874s (best bound 453.763)
Elapsed time for NoRel heuristic: 962s (best bound 453.763)
Elapsed time for NoRel heuristic: 1018s (best bound 453.763)
Elapsed time for NoRel heuristic: 1128s (best bound 453.878)
Elapsed time for NoRel heuristic: 1339s (best bound 453.878)
Found heuristic solution: objective 922.3346893
Found heuristic solution: objective 922.3346876
Elapsed time for NoRel heuristic: 1745s (best bound 461.829)
Found heuristic solution: objective 922.3346809
Elapsed time for NoRel heuristic: 1857s (best bound 462.792)
Elapsed time for NoRel heuristic: 2003s (best bound 462.792)
Elapsed time for NoRel heuristic: 2072s (best bound 462.792)
Elapsed time for NoRel heuristic: 2170s (best bound 462.792)
Elapsed time for NoRel heuristic: 2657s (best bound 462.792)
NoRel heuristic complete
Deterministic concurrent LP optimizer: primal simplex, dual simplex, and barrier
Showing barrier log only...

Root barrier log...

Ordering time: 0.91s

Barrier statistics:
 Dense cols : 1
 AA' NZ     : 9.612e+05
 Factor NZ  : 2.447e+06 (roughly 36 MB of memory)
 Factor Ops : 1.188e+09 (less than 1 second per iteration)
 Threads    : 30

                  Objective                Residual
Iter       Primal          Dual         Primal    Dual     Compl     Time
   0   2.01708290e+08 -7.43724744e+06  6.70e+06 0.00e+00  7.23e+03  2688s
   1   1.25726947e+08 -6.85322746e+06  4.18e+06 1.63e+00  4.41e+03  2689s
   2   2.57195731e+07 -5.96701709e+06  8.57e+05 4.67e-01  9.70e+02  2690s
   3   8.45143541e+06 -2.70232107e+06  2.82e+05 1.42e-12  3.10e+02  2691s
   4   8.26507791e+05 -7.55295470e+05  2.75e+04 1.88e-12  3.69e+01  2693s
   5   1.86322131e+05 -1.00202690e+05  6.18e+03 2.27e-12  7.03e+00  2694s
   6   5.47121750e+04 -4.96284859e+04  1.79e+03 6.64e-13  2.33e+00  2695s
   7   1.99800176e+04 -2.40349154e+04  6.26e+02 2.59e-13  8.95e-01  2696s
   8   1.48429101e+04 -1.77093924e+04  2.58e+02 2.59e-13  6.40e-01  2697s
   9   4.66522410e+03 -1.27590709e+04  6.68e+01 5.60e-13  2.94e-01  2698s
  10   1.85628910e+03 -5.70849198e+03  1.44e+01 1.58e-13  1.16e-01  2699s
  11   1.24184206e+03 -2.60031415e+03  4.35e+00 1.42e-13  5.66e-02  2701s
  12   1.04946750e+03 -1.33341582e+03  1.96e+00 8.35e-14  3.44e-02  2702s
  13   8.70158677e+02 -6.66193944e+02  2.46e-01 7.28e-14  2.20e-02  2703s
  14   7.23704873e+02 -2.91200243e+01  9.21e-02 2.84e-14  1.08e-02  2705s
  15   6.45035457e+02  1.44848478e+02  4.74e-02 7.46e-14  7.19e-03  2706s
  16   6.24184759e+02  1.78035847e+02  3.98e-02 4.62e-14  6.42e-03  2707s
  17   5.96102681e+02  2.48199050e+02  2.93e-02 5.33e-14  5.00e-03  2708s
  18   5.93755251e+02  2.69199715e+02  2.85e-02 4.62e-14  4.66e-03  2709s
  19   5.73975838e+02  2.99065647e+02  2.32e-02 6.39e-14  3.95e-03  2710s
  20   5.47711900e+02  3.36556013e+02  1.62e-02 7.11e-14  3.04e-03  2712s
  21   5.33768703e+02  3.54662516e+02  1.27e-02 7.39e-14  2.58e-03  2713s
  22   5.26104943e+02  3.80633868e+02  1.09e-02 9.59e-14  2.10e-03  2714s
  23   5.18405555e+02  3.88575530e+02  9.43e-03 7.11e-14  1.87e-03  2715s
  24   5.07855790e+02  4.00738169e+02  7.26e-03 6.04e-14  1.55e-03  2717s
  25   5.04503144e+02  4.19457839e+02  6.53e-03 1.07e-13  1.22e-03  2718s
  26   5.00960431e+02  4.28445570e+02  5.93e-03 1.49e-13  1.04e-03  2719s
  27   4.93568025e+02  4.37178523e+02  4.72e-03 1.03e-13  8.10e-04  2720s
  28   4.85641108e+02  4.44537636e+02  3.36e-03 3.91e-14  5.91e-04  2722s
  29   4.82310256e+02  4.46648342e+02  2.83e-03 7.06e-14  5.13e-04  2723s
  30   4.75974395e+02  4.54218794e+02  1.81e-03 5.15e-14  3.13e-04  2724s
  31   4.70890696e+02  4.60085791e+02  1.01e-03 7.46e-14  1.55e-04  2726s
  32   4.67231862e+02  4.62086927e+02  4.47e-04 7.11e-14  7.38e-05  2727s
  33   4.65887542e+02  4.62794516e+02  2.49e-04 7.19e-14  4.45e-05  2728s
  34   4.65171645e+02  4.63467410e+02  1.47e-04 6.04e-14  2.45e-05  2729s
  35   4.64891072e+02  4.63706382e+02  1.06e-04 1.17e-13  1.70e-05  2730s
  36   4.64568069e+02  4.63850630e+02  5.97e-05 7.99e-14  1.03e-05  2731s
  37   4.64517036e+02  4.63872250e+02  5.23e-05 6.39e-14  9.27e-06  2732s
  38   4.64346449e+02  4.63976109e+02  2.77e-05 6.22e-14  5.33e-06  2733s
  39   4.64232514e+02  4.64024570e+02  1.28e-05 4.97e-14  3.01e-06  2735s
  40   4.64202921e+02  4.64079271e+02  8.88e-06 6.39e-14  1.78e-06  2736s
  41   4.64179946e+02  4.64106129e+02  5.74e-06 4.26e-14  1.06e-06  2737s
  42   4.64137130e+02  4.64134818e+02  6.44e-08 1.14e-13  3.37e-08  2738s
  43   4.64135864e+02  4.64135862e+02  2.58e-09 6.39e-14  4.09e-11  2740s

Barrier solved model in 43 iterations and 2739.52 seconds (122.32 work units)
Optimal objective 4.64135864e+02


Root crossover log...

    2679 DPushes remaining with DInf 0.0000000e+00              2740s
    1156 DPushes remaining with DInf 0.0000000e+00              2740s
       0 DPushes remaining with DInf 0.0000000e+00              2743s

     162 PPushes remaining with PInf 0.0000000e+00              2743s
       0 PPushes remaining with PInf 0.0000000e+00              2743s

  Push phase complete: Pinf 0.0000000e+00, Dinf 1.2157932e-12   2743s


Root simplex log...

Iteration    Objective       Primal Inf.    Dual Inf.      Time
    2732    4.6413586e+02   0.000000e+00   0.000000e+00   2743s
Concurrent spin time: 0.10s

Solved with barrier
    2732    4.6413586e+02   0.000000e+00   0.000000e+00   2744s

Root relaxation: objective 4.641359e+02, 2732 iterations, 61.14 seconds (2.26 work units)
Total elapsed time = 2746.42s (DegenMoves)

    Nodes    |    Current Node    |     Objective Bounds      |     Work
 Expl Unexpl |  Obj  Depth IntInf | Incumbent    BestBd   Gap | It/Node Time

     0     0  464.13586    0  503  922.33468  464.13586  49.7%     - 2761s
     0     0  464.31527    0  499  922.33468  464.31527  49.7%     - 2762s
     0     0  481.80132    0  511  922.33468  481.80132  47.8%     - 2828s
     0     0  486.90297    0  510  922.33468  486.90297  47.2%     - 2834s
     0     0  487.44267    0  517  922.33468  487.44267  47.2%     - 2835s
     0     0  487.45458    0  517  922.33468  487.45458  47.1%     - 2836s
     0     0  487.45462    0  519  922.33468  487.45462  47.1%     - 2836s
     0     0  498.02303    0  527  922.33468  498.02303  46.0%     - 2846s
     0     0  498.94399    0  513  922.33468  498.94399  45.9%     - 2848s
     0     0  499.07724    0  516  922.33468  499.07724  45.9%     - 2849s
     0     0  499.08628    0  518  922.33468  499.08628  45.9%     - 2849s
     0     0  499.08730    0  531  922.33468  499.08730  45.9%     - 2849s
     0     0  502.21132    0  556  922.33468  502.21132  45.5%     - 2860s
     0     0  502.25569    0  557  922.33468  502.25569  45.5%     - 2886s
     0     0  502.25618    0  562  922.33468  502.25618  45.5%     - 2889s
     0     0  502.84724    0  556  922.33468  502.84724  45.5%     - 2904s
     0     0  503.03783    0  559  922.33468  503.03783  45.5%     - 2906s
     0     0  503.08339    0  564  922.33468  503.08339  45.5%     - 2906s
     0     0  503.08604    0  565  922.33468  503.08604  45.5%     - 2907s
     0     0  504.45673    0  592  922.33468  504.45673  45.3%     - 2910s
     0     0  504.50272    0  587  922.33468  504.50272  45.3%     - 2953s
     0     0  504.50425    0  595  922.33468  504.50425  45.3%     - 2957s
     0     0  504.66285    0  611  922.33468  504.66285  45.3%     - 2969s
     0     0  504.67319    0  571  922.33468  504.67319  45.3%     - 3188s
     0     0  504.67583    0  573  922.33468  504.67583  45.3%     - 3191s
     0     0  504.76149    0  553  922.33468  504.76149  45.3%     - 3204s
     0     0  504.79845    0  563  922.33468  504.79845  45.3%     - 3235s
     0     0  504.79881    0  566  922.33468  504.79881  45.3%     - 3237s
     0     0  504.84328    0  606  922.33468  504.84328  45.3%     - 3250s
     0     0  504.84456    0  576  922.33468  504.84456  45.3%     - 3251s
     0     0  504.87565    0  619  922.33468  504.87565  45.3%     - 3253s
     0     0  504.87760    0  625  922.33468  504.87760  45.3%     - 3292s
     0     0  504.88647    0  617  922.33468  504.88647  45.3%     - 3310s
     0     0  504.88825    0  611  922.33468  504.88825  45.3%     - 3311s
     0     2  504.89321    0  607  922.33468  504.89321  45.3%     - 3335s
     1     4  505.18453    1  588  922.33468  504.89321  45.3%   634 3351s
     3     8  505.67078    2  606  922.33468  505.18564  45.2%   669 3370s
     7    16  506.02727    3  618  922.33468  505.67111  45.2%   642 3392s
    15    32  506.81690    4  584  922.33468  506.03008  45.1%   774 3421s
    31    64  507.00703    5  591  922.33468  506.28458  45.1%   905 3468s
    63    96  507.08771    6  592  922.33468  506.37484  45.1%   934 3523s
    95   128  507.49205    7  609  922.33468  506.37484  45.1%  1004 3581s
   127   142  507.61912    8  602  922.33468  506.37484  45.1%   931 3600s

Cutting planes:
  Gomory: 2
  Cover: 86
  Implied bound: 11
  Clique: 140
  MIR: 67
  StrongCG: 9
  Flow cover: 5
  GUB cover: 87
  Zero half: 22
  RLT: 175
  Relax-and-lift: 27

Explored 141 nodes (144908 simplex iterations) in 3602.02 seconds (212.85 work units)
Thread count was 32 (of 64 available processors)

Solution count 10: 922.335 922.335 922.335 ... 923.841

Time limit reached
Best objective 9.223346808930e+02, best bound 5.063748356159e+02, gap 45.0986%
  Status : Time limit
  Runtime: 3602.3s
  UB     : 922.33 °C
  LB     : 506.37 °C
  Gap    : 45.10%

Phase 5 (Obj 4) — Elevation gain:
Gurobi Optimizer version 12.0.0 build v12.0.0rc1 (linux64 - "AlmaLinux 9.7 (Moss Jungle Cat)")

CPU model: AMD EPYC 7532 32-Core Processor, instruction set [SSE2|AVX|AVX2]
Thread count: 64 physical cores, 64 logical processors, using up to 32 threads

Non-default parameters:
TimeLimit  3600
NoRelHeurTime  2400

Optimize a model with 57405 rows, 145934 columns and 4362711 nonzeros
Model fingerprint: 0x75480d42
Variable types: 21964 continuous, 123970 integer (123970 binary)
Coefficient statistics:
  Matrix range     [2e-02, 6e+04]
  Objective range  [1e+00, 4e+03]
  Bounds range     [1e+00, 1e+00]
  RHS range        [1e+00, 5e+05]

MIP start from previous solve produced solution with objective 27190 (0.40s)
Loaded MIP start from previous solve with objective 27190

Presolve removed 11898 rows and 85797 columns (presolve time = 5s)...
Presolve removed 49863 rows and 110745 columns (presolve time = 10s)...
Presolve removed 49863 rows and 110745 columns (presolve time = 15s)...
Presolve removed 49863 rows and 112675 columns (presolve time = 20s)...
Presolve removed 49863 rows and 112675 columns (presolve time = 29s)...
Presolve removed 50046 rows and 113399 columns (presolve time = 30s)...
Presolve removed 50002 rows and 113373 columns
Presolve time: 31.57s
Presolved: 7403 rows, 32561 columns, 941140 nonzeros
Variable types: 13315 continuous, 19246 integer (19180 binary)
Starting NoRel heuristic
Found phase-1 solution: relaxation 278
Found phase-1 solution: relaxation 262
Found phase-1 solution: relaxation 120
Found phase-1 solution: relaxation 68
Found phase-1 solution: relaxation 47
Found phase-1 solution: relaxation 38
Elapsed time for NoRel heuristic: 9s (best bound 2293)
Found phase-1 solution: relaxation 28
Found phase-1 solution: relaxation 21
Elapsed time for NoRel heuristic: 24s (best bound 2293)
Found phase-1 solution: relaxation 4
Found phase-1 solution: relaxation 3
Found phase-1 solution: relaxation 0
Transition to phase 2
Elapsed time for NoRel heuristic: 35s (best bound 2293)
Elapsed time for NoRel heuristic: 47s (best bound 2293)
Elapsed time for NoRel heuristic: 58s (best bound 2293)
Elapsed time for NoRel heuristic: 81s (best bound 2293)
Found heuristic solution: objective 27174.000000
Elapsed time for NoRel heuristic: 101s (best bound 2293)
Elapsed time for NoRel heuristic: 136s (best bound 2293)
Elapsed time for NoRel heuristic: 144s (best bound 2293)
Found heuristic solution: objective 26912.000000
Elapsed time for NoRel heuristic: 162s (best bound 2293)
Found heuristic solution: objective 26896.000000
Elapsed time for NoRel heuristic: 168s (best bound 2293)
Found heuristic solution: objective 26777.000000
Elapsed time for NoRel heuristic: 175s (best bound 2293)
Elapsed time for NoRel heuristic: 185s (best bound 2293)
Elapsed time for NoRel heuristic: 193s (best bound 2293)
Elapsed time for NoRel heuristic: 211s (best bound 2293)
Elapsed time for NoRel heuristic: 260s (best bound 2293)
Elapsed time for NoRel heuristic: 297s (best bound 2293)
Elapsed time for NoRel heuristic: 348s (best bound 2293)
Elapsed time for NoRel heuristic: 387s (best bound 2293)
Found heuristic solution: objective 26694.000000
Elapsed time for NoRel heuristic: 469s (best bound 2293)
Elapsed time for NoRel heuristic: 502s (best bound 2293)
Elapsed time for NoRel heuristic: 515s (best bound 2293)
Elapsed time for NoRel heuristic: 565s (best bound 2293)
Elapsed time for NoRel heuristic: 631s (best bound 2293)
Found heuristic solution: objective 26667.000000
Elapsed time for NoRel heuristic: 829s (best bound 2293)
Elapsed time for NoRel heuristic: 873s (best bound 2293)
Elapsed time for NoRel heuristic: 901s (best bound 2293)
Found heuristic solution: objective 26635.000000
Elapsed time for NoRel heuristic: 964s (best bound 2293)
Found heuristic solution: objective 26634.000000
Elapsed time for NoRel heuristic: 1008s (best bound 2293)
Elapsed time for NoRel heuristic: 1063s (best bound 2293)
Elapsed time for NoRel heuristic: 1126s (best bound 2293)
Elapsed time for NoRel heuristic: 1186s (best bound 2293)
Elapsed time for NoRel heuristic: 1489s (best bound 2293)
Found heuristic solution: objective 26629.000000
Elapsed time for NoRel heuristic: 1759s (best bound 2293)
Elapsed time for NoRel heuristic: 1837s (best bound 2293)
Elapsed time for NoRel heuristic: 1947s (best bound 2293)
Elapsed time for NoRel heuristic: 2055s (best bound 2293)
Elapsed time for NoRel heuristic: 2473s (best bound 2293)
NoRel heuristic complete
Deterministic concurrent LP optimizer: primal simplex, dual simplex, and barrier
Showing barrier log only...

Root barrier log...

Ordering time: 0.93s

Barrier statistics:
 Dense cols : 392
 AA' NZ     : 1.524e+06
 Factor NZ  : 3.739e+06 (roughly 50 MB of memory)
 Factor Ops : 2.395e+09 (less than 1 second per iteration)
 Threads    : 30

                  Objective                Residual
Iter       Primal          Dual         Primal    Dual     Compl     Time
   0   4.85877158e+09 -3.64803980e+08  6.74e+06 0.00e+00  3.30e+05  2509s
   1   3.01258944e+09 -3.42573564e+08  4.18e+06 1.23e+02  1.99e+05  2511s
   2   7.54718238e+08 -3.07804059e+08  1.05e+06 2.92e+01  5.32e+04  2512s
   3   2.86777095e+08 -1.94276017e+08  3.98e+05 3.93e+00  2.01e+04  2514s
   4   3.57945170e+07 -5.24471082e+07  4.96e+04 1.68e-09  2.80e+03  2516s
   5   1.43431457e+07 -1.30442982e+07  1.99e+04 9.12e-10  9.61e+02  2517s
   6   3.99955038e+06 -4.28605301e+06  5.51e+03 6.48e-10  2.69e+02  2518s
   7   1.00966450e+06 -1.95414274e+06  1.36e+03 3.49e-10  7.97e+01  2520s
   8   4.57951108e+05 -8.04311212e+05  5.86e+02 9.13e-11  3.29e+01  2522s
   9   8.98446878e+04 -4.24213427e+05  5.66e+01 4.55e-11  9.45e+00  2523s
  10   3.73913044e+04 -2.39200232e+05  1.73e+01 2.97e-11  4.44e+00  2524s
  11   1.86541227e+04 -1.40836079e+05  5.79e+00 1.91e-11  2.40e+00  2526s
  12   1.10074395e+04 -8.05750090e+04  1.86e+00 1.14e-11  1.34e+00  2527s
  13   8.09460270e+03 -3.32497992e+04  7.46e-01 5.34e-12  5.95e-01  2528s
  14   6.15714086e+03 -1.41167211e+04  3.57e-01 4.55e-12  2.90e-01  2530s
  15   4.37218626e+03 -3.44661396e+03  8.51e-02 3.72e-12  1.12e-01  2532s
  16   3.59468100e+03 -1.44096531e+03  2.46e-02 5.00e-12  7.21e-02  2533s
  17   3.25457657e+03  2.69208895e+01  1.26e-02 3.64e-12  4.62e-02  2534s
  18   3.12669638e+03  4.07147709e+02  9.34e-03 4.92e-12  3.90e-02  2536s
  19   2.90913717e+03  1.04975687e+03  3.67e-03 3.18e-12  2.67e-02  2537s
  20   2.72618021e+03  1.41462764e+03  7.20e-04 4.80e-12  1.88e-02  2538s
  21   2.60431899e+03  1.74665385e+03  4.29e-04 4.09e-12  1.23e-02  2540s
  22   2.48884792e+03  2.10661387e+03  1.80e-04 5.45e-12  5.48e-03  2542s
  23   2.47360086e+03  2.13367263e+03  1.63e-04 3.96e-12  4.88e-03  2543s
  24   2.44617206e+03  2.19357806e+03  1.21e-04 3.92e-12  3.62e-03  2544s
  25   2.40421562e+03  2.22607066e+03  6.81e-05 3.20e-12  2.56e-03  2546s
  26   2.38736514e+03  2.26827836e+03  5.15e-05 2.73e-12  1.71e-03  2547s
  27   2.37343572e+03  2.28797705e+03  3.87e-05 4.03e-12  1.23e-03  2549s
  28   2.35608136e+03  2.31162743e+03  2.26e-05 4.55e-12  6.38e-04  2550s
  29   2.34533932e+03  2.32048169e+03  1.29e-05 5.00e-12  3.57e-04  2552s
  30   2.34152897e+03  2.32431141e+03  9.59e-06 3.64e-12  2.47e-04  2553s
  31   2.33736532e+03  2.32534866e+03  6.07e-06 7.28e-12  1.72e-04  2555s
  32   2.33351807e+03  2.32823259e+03  2.85e-06 4.03e-12  7.58e-05  2556s
  33   2.33081123e+03  2.32942407e+03  6.71e-07 7.23e-12  1.99e-05  2558s
  34   2.33031091e+03  2.32979135e+03  2.90e-07 6.37e-12  7.45e-06  2560s
  35   2.33015268e+03  2.32985502e+03  1.73e-07 7.28e-12  4.27e-06  2561s
  36   2.32997397e+03  2.32989068e+03  4.31e-08 6.37e-12  1.19e-06  2562s
  37   2.32991701e+03  2.32991020e+03  2.42e-09 1.09e-11  9.79e-08  2564s
  38   2.32991288e+03  2.32991286e+03  1.78e-10 5.56e-12  2.92e-10  2565s
  39   2.32991287e+03  2.32991287e+03  6.23e-10 6.34e-12  2.92e-13  2567s

Barrier solved model in 39 iterations and 2566.55 seconds (115.82 work units)
Optimal objective 2.32991287e+03


Root crossover log...

    2623 DPushes remaining with DInf 0.0000000e+00              2567s
       0 DPushes remaining with DInf 0.0000000e+00              2568s

    1527 PPushes remaining with PInf 0.0000000e+00              2568s
       0 PPushes remaining with PInf 0.0000000e+00              2569s

  Push phase complete: Pinf 0.0000000e+00, Dinf 7.7701534e-12   2569s


Root simplex log...

Iteration    Objective       Primal Inf.    Dual Inf.      Time
    3988    2.3299129e+03   0.000000e+00   0.000000e+00   2569s
Concurrent spin time: 0.08s

Solved with barrier

Root relaxation: objective 2.329913e+03, 3988 iterations, 64.67 seconds (3.06 work units)
Total elapsed time = 2585.50s (DegenMoves)

    Nodes    |    Current Node    |     Objective Bounds      |     Work
 Expl Unexpl |  Obj  Depth IntInf | Incumbent    BestBd   Gap | It/Node Time

     0     0 2329.91287    0  493 26629.0000 2329.91287  91.3%     - 2594s
     0     0 2329.91287    0  484 26629.0000 2329.91287  91.3%     - 2595s
     0     0 2353.61509    0  558 26629.0000 2353.61509  91.2%     - 2623s
     0     0 2353.61509    0  554 26629.0000 2353.61509  91.2%     - 2623s
     0     0 2353.76234    0  553 26629.0000 2353.76234  91.2%     - 2642s
     0     0 2353.76234    0  553 26629.0000 2353.76234  91.2%     - 2645s
     0     0 2480.65720    0  530 26629.0000 2480.65720  90.7%     - 2686s
     0     0 2480.65720    0  515 26629.0000 2480.65720  90.7%     - 2687s
     0     0 2481.79905    0  508 26629.0000 2481.79905  90.7%     - 2689s
     0     0 2482.30462    0  504 26629.0000 2482.30462  90.7%     - 2689s
     0     0 2482.30462    0  505 26629.0000 2482.30462  90.7%     - 2690s
     0     0 2573.02280    0  464 26629.0000 2573.02280  90.3%     - 2708s
     0     0 2576.05391    0  434 26629.0000 2576.05391  90.3%     - 2713s
     0     0 2576.05391    0  424 26629.0000 2576.05391  90.3%     - 2713s
     0     0 2590.38081    0  476 26629.0000 2590.38081  90.3%     - 2724s
     0     0 2590.38081    0  436 26629.0000 2590.38081  90.3%     - 2725s
     0     0 2590.43272    0  473 26629.0000 2590.43272  90.3%     - 2752s
     0     0 2590.43272    0  476 26629.0000 2590.43272  90.3%     - 2754s
     0     0 2590.43272    0  476 26629.0000 2590.43272  90.3%     - 2754s
     0     0 2599.07029    0  468 26629.0000 2599.07029  90.2%     - 2759s
     0     0 2599.07029    0  477 26629.0000 2599.07029  90.2%     - 2767s
     0     0 2605.98630    0  455 26629.0000 2605.98630  90.2%     - 2774s
     0     0 2605.98630    0  455 26629.0000 2605.98630  90.2%     - 3125s
     0     0 2605.98630    0  455 26629.0000 2605.98630  90.2%     - 3125s
     0     0 2623.97950    0  463 26629.0000 2623.97950  90.1%     - 3132s
     0     0 2624.00548    0  444 26629.0000 2624.00548  90.1%     - 3173s
     0     0 2626.60771    0  448 26629.0000 2626.60771  90.1%     - 3184s
     0     0 2626.60771    0  448 26629.0000 2626.60771  90.1%     - 3185s
     0     0 2635.22500    0  502 26629.0000 2635.22500  90.1%     - 3194s
     0     0 2635.28895    0  474 26629.0000 2635.28895  90.1%     - 3236s
     0     0 2635.28895    0  470 26629.0000 2635.28895  90.1%     - 3240s
     0     0 2661.80539    0  450 26629.0000 2661.80539  90.0%     - 3245s
     0     0 2661.80539    0  436 26629.0000 2661.80539  90.0%     - 3247s
     0     0 2663.66563    0  442 26629.0000 2663.66563  90.0%     - 3252s
     0     0 2663.66563    0  465 26629.0000 2663.66563  90.0%     - 3260s
     0     0 2663.66563    0  462 26629.0000 2663.66563  90.0%     - 3260s
     0     0 2667.86793    0  488 26629.0000 2667.86793  90.0%     - 3267s
     0     0 2667.97378    0  488 26629.0000 2667.97378  90.0%     - 3269s
     0     0 2667.97378    0  480 26629.0000 2667.97378  90.0%     - 3271s
     0     0 2668.36296    0  483 26629.0000 2668.36296  90.0%     - 3274s
     0     0 2668.36296    0  455 26629.0000 2668.36296  90.0%     - 3313s
     0     0 2669.62888    0  474 26629.0000 2669.62888  90.0%     - 3328s
     0     0 2669.66028    0  461 26629.0000 2669.66028  90.0%     - 3329s
     0     0 2669.86589    0  479 26629.0000 2669.86589  90.0%     - 3331s
     0     0 2669.94897    0  468 26629.0000 2669.94897  90.0%     - 3333s
     0     0 2669.94897    0  483 26629.0000 2669.94897  90.0%     - 3333s
     0     0 2670.01643    0  486 26629.0000 2670.01643  90.0%     - 3337s
     0     0 2670.04751    0  489 26629.0000 2670.04751  90.0%     - 3339s
     0     0 2670.41713    0  486 26629.0000 2670.41713  90.0%     - 3344s
     0     0 2670.41713    0  427 26629.0000 2670.41713  90.0%     - 3349s
     0     2 2670.41713    0  404 26629.0000 2670.41713  90.0%     - 3372s
     1     4 2674.26460    1  447 26629.0000 2670.88588  90.0%  5964 3392s
     3     8 2674.26460    2  459 26629.0000 2674.26460  90.0%  3055 3414s
     7    16 2674.26460    3  483 26629.0000 2674.26460  90.0%  2160 3448s
    15    32 2674.26899    4  513 26629.0000 2674.26460  90.0%  2519 3495s
    31    64 2674.26899    5  493 26629.0000 2674.26899  90.0%  2826 3580s
    63    82 2674.26899    6  482 26629.0000 2674.26899  90.0%  2367 3600s

Cutting planes:
  Gomory: 1
  Cover: 139
  Implied bound: 54
  Clique: 239
  MIR: 197
  StrongCG: 29
  Flow cover: 29
  GUB cover: 178
  Zero half: 31
  Network: 7
  RLT: 335
  Relax-and-lift: 41

Explored 81 nodes (267856 simplex iterations) in 3601.92 seconds (292.14 work units)
Thread count was 32 (of 64 available processors)

Solution count 10: 26629 26634 26635 ... 27190

Time limit reached
Best objective 2.662900000000e+04, best bound 2.675000000000e+03, gap 89.9546%
  Status : Time limit
  Runtime: 3602.2s
  UB     : 26,629.00 m
  LB     : 2,675.00 m
  Gap    : 89.95%

Group  Game                                     Day  Date         Stadium                        UTC
---------------------------------------------------------------------------------------------------------
A      Korea Republic vs Czechia                          1  2026-06-11   SoFi Stadium                   7
A      Mexico vs South Africa                     1  2026-06-12   Estadio Azteca                 21
A      Czechia vs South Africa                     2  2026-06-18   Estadio Azteca                 21
A      Mexico vs Korea Republic                   2  2026-06-17   Estadio Akron                  4
A      South Africa vs Korea Republic                   3  2026-06-24   NRG Stadium                    21
A      Czechia vs Mexico                           3  2026-06-24   Estadio Azteca                 21

B      Qatar vs Switzerland                      1  2026-06-11   BMO Field                      17
B      Canada vs Bosnia and Herzegovina           1  2026-06-11   BC Place                       22
B      Canada vs Qatar                            2  2026-06-17   BMO Field                      16
B      Switzerland vs Bosnia and Herzegovina           2  2026-06-16   MetLife Stadium                22
B      Switzerland vs Canada                           3  2026-06-24   BMO Field                      16
B      Bosnia and Herzegovina vs Qatar                            3  2026-06-24   Gillette Stadium               16

C      Haiti vs Scotland                         1  2026-06-11   Mercedes-Benz Stadium          23
C      Brazil vs Morocco                          1  2026-06-11   Arrowhead Stadium              18
C      Scotland vs Morocco                          2  2026-06-15   Arrowhead Stadium              18
C      Brazil vs Haiti                            2  2026-06-15   AT&T Stadium                   2
C      Morocco vs Haiti                            3  2026-06-27   AT&T Stadium                   22
C      Scotland vs Brazil                           3  2026-06-27   Arrowhead Stadium              22

D      Australia vs Türkiye                          1  2026-06-16   Estadio BBVA                   6
D      USA vs Paraguay                         1  2026-06-15   NRG Stadium                    3
D      Türkiye vs Paraguay                         2  2026-06-21   AT&T Stadium                   18
D      USA vs Australia                        2  2026-06-21   NRG Stadium                    4
D      Paraguay vs Australia                        3  2026-06-27   Estadio BBVA                   6
D      Türkiye vs USA                              3  2026-06-27   SoFi Stadium                   6

E      Germany vs Curaçao                          1  2026-06-15   Levi's Stadium                 22
E      Ivory Coast vs Ecuador                          1  2026-06-14   BC Place                       23
E      Ecuador vs Curaçao                          2  2026-06-21   Lumen Field                    0
E      Germany vs Ivory Coast                      2  2026-06-21   BC Place                       22
E      Ecuador vs Germany                          3  2026-06-27   BC Place                       22
E      Curaçao vs Ivory Coast                      3  2026-06-27   Lumen Field                    22

F      Netherlands vs Japan                            1  2026-06-14   Lumen Field                    7
F      Sweden vs Tunisia                          1  2026-06-14   SoFi Stadium                   22
F      Netherlands vs Sweden                           2  2026-06-18   Levi's Stadium                 22
F      Tunisia vs Japan                            2  2026-06-18   SoFi Stadium                   7
F      Japan vs Sweden                           3  2026-06-23   SoFi Stadium                   7
F      Tunisia vs Netherlands                      3  2026-06-23   Levi's Stadium                 7

G      Belgium vs Egypt                            1  2026-06-15   Estadio Azteca                 21
G      Iran vs New Zealand                      1  2026-06-14   Estadio Akron                  5
G      New Zealand vs Egypt                            2  2026-06-20   Estadio Akron                  6
G      Belgium vs Iran                             2  2026-06-21   Estadio Azteca                 19
G      New Zealand vs Belgium                          3  2026-06-27   NRG Stadium                    20
G      Egypt vs Iran                             3  2026-06-27   Estadio Azteca                 20

H      Spain vs Cape Verde                       1  2026-06-12   Gillette Stadium               16
H      Saudi Arabia vs Uruguay                          1  2026-06-12   Lincoln Financial Field        19
H      Spain vs Saudi Arabia                     2  2026-06-18   Gillette Stadium               20
H      Uruguay vs Cape Verde                       2  2026-06-18   Lincoln Financial Field        17
H      Cape Verde vs Saudi Arabia                     3  2026-06-24   Lincoln Financial Field        18
H      Uruguay vs Spain                            3  2026-06-24   MetLife Stadium                18

I      Iraq vs Norway                           1  2026-06-15   Lincoln Financial Field        16
I      France vs Senegal                          1  2026-06-15   Gillette Stadium               21
I      Norway vs Senegal                          2  2026-06-20   MetLife Stadium                22
I      France vs Iraq                             2  2026-06-21   Gillette Stadium               20
I      Norway vs France                           3  2026-06-27   MetLife Stadium                16
I      Senegal vs Iraq                             3  2026-06-27   Gillette Stadium               16

J      Argentina vs Algeria                          1  2026-06-11   AT&T Stadium                   22
J      Austria vs Jordan                           1  2026-06-12   NRG Stadium                    18
J      Argentina vs Austria                          2  2026-06-18   NRG Stadium                    22
J      Jordan vs Algeria                          2  2026-06-18   AT&T Stadium                   18
J      Jordan vs Argentina                        3  2026-06-24   AT&T Stadium                   18
J      Algeria vs Austria                          3  2026-06-24   Arrowhead Stadium              18

K      Portugal vs DR Congo                         1  2026-06-13   MetLife Stadium                17
K      Uzbekistan vs Colombia                         1  2026-06-14   BMO Field                      18
K      Portugal vs Uzbekistan                       2  2026-06-21   BMO Field                      18
K      Colombia vs DR Congo                         2  2026-06-21   Lincoln Financial Field        21
K      DR Congo vs Uzbekistan                       3  2026-06-27   Lincoln Financial Field        18
K      Colombia vs Portugal                         3  2026-06-27   BMO Field                      18

L      England vs Croatia                          1  2026-06-12   Levi's Stadium                 22
L      Ghana vs Panama                           1  2026-06-11   Lumen Field                    23
L      England vs Ghana                            2  2026-06-17   BC Place                       22
L      Panama vs Croatia                          2  2026-06-18   Lumen Field                    22
L      Panama vs England                          3  2026-06-24   BC Place                       22
L      Croatia vs Ghana                            3  2026-06-24   Lumen Field                    22

Saved results/solution_seq_5-1-2-3-4.csv (72 games) and results/phase_report_seq_5-1-2-3-4.csv
